Archive member included to satisfy reference by file (symbol)

bl2/ext/mcuboot/bootutil/libbootutil.a(fault_injection_hardening.o)
                              bl2/CMakeFiles/bl2.dir/src/security_cnt.o (FIH_FAILURE)
bl2/ext/mcuboot/bootutil/libbootutil.a(loader.o)
                              bl2/CMakeFiles/bl2.dir/ext/mcuboot/bl2_main.o (boot_go_for_image_id)
bl2/ext/mcuboot/bootutil/libbootutil.a(swap_scratch.o)
                              bl2/ext/mcuboot/bootutil/libbootutil.a(loader.o) (boot_status_internal_off)
bl2/ext/mcuboot/bootutil/libbootutil.a(tlv.o)
                              bl2/ext/mcuboot/bootutil/libbootutil.a(loader.o) (bootutil_tlv_iter_begin)
bl2/ext/mcuboot/bootutil/libbootutil.a(boot_record.o)
                              bl2/ext/mcuboot/bootutil/libbootutil.a(loader.o) (boot_save_boot_status)
bl2/ext/mcuboot/bootutil/libbootutil.a(bootutil_misc.o)
                              bl2/ext/mcuboot/bootutil/libbootutil.a(swap_scratch.o) (boot_status_entries)
bl2/ext/mcuboot/bootutil/libbootutil.a(bootutil_public.o)
                              bl2/ext/mcuboot/bootutil/libbootutil.a(bootutil_misc.o) (boot_swap_info_off)
bl2/ext/mcuboot/bootutil/libbootutil.a(image_validate.o)
                              bl2/ext/mcuboot/bootutil/libbootutil.a(loader.o) (bootutil_get_img_security_cnt)
bl2/ext/mcuboot/bootutil/libbootutil.a(image_ecdsa.o)
                              bl2/ext/mcuboot/bootutil/libbootutil.a(image_validate.o) (bootutil_verify_sig)
platform/libplatform_bl2.a(system_stm32l5xx.o)
                              bl2/CMakeFiles/bl2.dir/__/platform/ext/target/stm/common/stm32l5xx/Device/Source/startup_stm32l5xx_bl2.o (SystemInit)
platform/libplatform_bl2.a(boot_hal_bl2.o)
                              bl2/CMakeFiles/bl2.dir/ext/mcuboot/bl2_main.o (boot_platform_quit)
platform/libplatform_bl2.a(tfm_low_level_security.o)
                              platform/libplatform_bl2.a(boot_hal_bl2.o) (TFM_LL_SECU_ApplyRunTimeProtections)
platform/libplatform_bl2.a(low_level_flash.o)
                              bl2/CMakeFiles/bl2.dir/src/default_flash_map.o (TFM_Driver_FLASH0)
platform/libplatform_bl2.a(stm32l5xx_hal.o)
                              platform/libplatform_bl2.a(boot_hal_bl2.o) (HAL_Init)
platform/libplatform_bl2.a(stm32l5xx_hal_flash.o)
                              platform/libplatform_bl2.a(tfm_low_level_security.o) (HAL_FLASH_Unlock)
platform/libplatform_bl2.a(stm32l5xx_hal_flash_ex.o)
                              platform/libplatform_bl2.a(tfm_low_level_security.o) (HAL_FLASHEx_OBProgram)
platform/libplatform_bl2.a(stm32l5xx_hal_pwr_ex.o)
                              platform/libplatform_bl2.a(stm32l5xx_hal_flash_ex.o) (HAL_PWREx_GetVoltageRange)
platform/libplatform_bl2.a(stm32l5xx_hal_pwr.o)
                              platform/libplatform_bl2.a(stm32l5xx_hal_pwr_ex.o) (HAL_PWR_PVDCallback)
platform/libplatform_bl2.a(stm32l5xx_hal_rcc.o)
                              platform/libplatform_bl2.a(boot_hal_bl2.o) (HAL_RCC_OscConfig)
platform/libplatform_bl2.a(stm32l5xx_hal_cortex.o)
                              platform/libplatform_bl2.a(stm32l5xx_hal.o) (HAL_NVIC_SetPriorityGrouping)
platform/libplatform_bl2.a(stm32l5xx_hal_gpio.o)
                              platform/libplatform_bl2.a(stm32l5xx_hal_rcc.o) (HAL_GPIO_Init)
platform/libplatform_bl2.a(stm32l5xx_hal_gtzc.o)
                              platform/libplatform_bl2.a(tfm_low_level_security.o) (HAL_GTZC_MPCBB_ConfigMem)
platform/libplatform_bl2.a(low_level_rng.o)
                              platform/libplatform_bl2.a(boot_hal_bl2.o) (RNG_Init)
platform/libplatform_bl2.a(boot_hal_bl2.o)
                              bl2/CMakeFiles/bl2.dir/ext/mcuboot/bl2_main.o (boot_platform_post_init)
platform/libplatform_bl2.a(uart_stdout.o)
                              bl2/CMakeFiles/bl2.dir/ext/mcuboot/bl2_main.o (stdio_init)
platform/libplatform_bl2.a(nv_counters.o)
                              bl2/CMakeFiles/bl2.dir/src/security_cnt.o (tfm_plat_init_nv_counter)
platform/libplatform_bl2.a(flash_otp_nv_counters_backend.o)
                              platform/libplatform_bl2.a(nv_counters.o) (read_otp_nv_counters_flash)
platform/libplatform_bl2.a(otp_flash.o)
                              bl2/CMakeFiles/bl2.dir/ext/mcuboot/bl2_main.o (tfm_plat_otp_init)
platform/libplatform_bl2.a(low_level_device.o)
                              platform/libplatform_bl2.a(low_level_flash.o) (FLASH0_DEV)
platform/libplatform_bl2.a(low_level_com.o)
                              platform/libplatform_bl2.a(uart_stdout.o) (Driver_USART0)
platform/libplatform_bl2.a(stm32l5xx_hal_rcc_ex.o)
                              platform/libplatform_bl2.a(low_level_rng.o) (HAL_RCCEx_PeriphCLKConfig)
platform/libplatform_bl2.a(stm32l5xx_hal_uart.o)
                              platform/libplatform_bl2.a(low_level_com.o) (HAL_UART_Transmit)
platform/libplatform_bl2.a(stm32l5xx_hal_uart_ex.o)
[...]
Memory Configuration

Name             Origin             Length             Attributes
FLASH            0x000000000c000000 0x000000000000d800 xr
FLASH_NOHDP      0x000000000c00d800 0x0000000000000800 xr
RAM              0x0000000030030000 0x000000000000fc00 xrw
*default*        0x0000000000000000 0xffffffffffffffff

Linker script and memory map

LOAD /home/tmdals010126/zephyr-sdk-0.17.0/arm-zephyr-eabi/bin/../lib/gcc/arm-zephyr-eabi/12.2.0/thumb/v8-m.main/nofp/crti.o
LOAD /home/tmdals010126/zephyr-sdk-0.17.0/arm-zephyr-eabi/bin/../lib/gcc/arm-zephyr-eabi/12.2.0/thumb/v8-m.main/nofp/crtbegin.o
LOAD /home/tmdals010126/zephyr-sdk-0.17.0/arm-zephyr-eabi/bin/../lib/gcc/arm-zephyr-eabi/12.2.0/../../../../arm-zephyr-eabi/lib/thumb/v8-m.main/nofp/crt0.o
LOAD bl2/CMakeFiles/bl2.dir/src/flash_map.o
LOAD bl2/CMakeFiles/bl2.dir/src/security_cnt.o
LOAD bl2/CMakeFiles/bl2.dir/src/default_flash_map.o
LOAD bl2/CMakeFiles/bl2.dir/src/provisioning.o
LOAD bl2/CMakeFiles/bl2.dir/src/thin_psa_crypto_core.o
LOAD bl2/CMakeFiles/bl2.dir/__/platform/ext/common/syscalls_stub.o
LOAD bl2/CMakeFiles/bl2.dir/ext/mcuboot/bl2_main.o
LOAD bl2/CMakeFiles/bl2.dir/ext/mcuboot/keys.o
LOAD bl2/CMakeFiles/bl2.dir/ext/mcuboot/flash_map_extended.o
LOAD bl2/CMakeFiles/bl2.dir/ext/mcuboot/flash_map_legacy.o
LOAD bl2/CMakeFiles/bl2.dir/__/platform/ext/target/stm/common/hal/Native_Driver/tick.o
LOAD bl2/CMakeFiles/bl2.dir/__/platform/ext/target/stm/common/stm32l5xx/Device/Source/startup_stm32l5xx_bl2.o
LOAD bl2/CMakeFiles/bl2.dir/__/platform/ext/target/stm/common/hal/accelerator/sha1_alt.o
LOAD bl2/CMakeFiles/bl2.dir/__/platform/ext/target/stm/common/hal/accelerator/sha256_alt.o
LOAD bl2/CMakeFiles/bl2.dir/__/platform/ext/target/stm/common/hal/accelerator/stm.o
LOAD bl2/ext/mcuboot/bootutil/libbootutil.a
LOAD platform/libplatform_bl2.a
LOAD bl2/mbedcrypto/library/libmbedcrypto.a
LOAD bl2/mbedcrypto/3rdparty/p256-m/libbl2_p256m.a
LOAD platform/ext/accelerator/libbl2_crypto_hw.a
LOAD bl2/mbedcrypto/library/libmbedcrypto.a
LOAD bl2/mbedcrypto/3rdparty/p256-m/libbl2_p256m.a
LOAD platform/ext/accelerator/libbl2_crypto_hw.a
LOAD bl2/mbedcrypto/3rdparty/everest/libbl2_everest.a
LOAD platform/libplatform_bl2.a
START GROUP
LOAD /home/tmdals010126/zephyr-sdk-0.17.0/arm-zephyr-eabi/bin/../lib/gcc/arm-zephyr-eabi/12.2.0/thumb/v8-m.main/nofp/libgcc.a
LOAD /home/tmdals010126/zephyr-sdk-0.17.0/arm-zephyr-eabi/bin/../lib/gcc/arm-zephyr-eabi/12.2.0/../../../../arm-zephyr-eabi/lib/thumb/v8-m.main/nofp/libc_nano.a
END GROUP
START GROUP
LOAD /home/tmdals010126/zephyr-sdk-0.17.0/arm-zephyr-eabi/bin/../lib/gcc/arm-zephyr-eabi/12.2.0/thumb/v8-m.main/nofp/libgcc.a
LOAD /home/tmdals010126/zephyr-sdk-0.17.0/arm-zephyr-eabi/bin/../lib/gcc/arm-zephyr-eabi/12.2.0/../../../../arm-zephyr-eabi/lib/thumb/v8-m.main/nofp/libc_nano.a
LOAD /home/tmdals010126/zephyr-sdk-0.17.0/arm-zephyr-eabi/bin/../lib/gcc/arm-zephyr-eabi/12.2.0/../../../../arm-zephyr-eabi/lib/thumb/v8-m.main/nofp/libnosys.a
END GROUP
START GROUP
LOAD /home/tmdals010126/zephyr-sdk-0.17.0/arm-zephyr-eabi/bin/../lib/gcc/arm-zephyr-eabi/12.2.0/thumb/v8-m.main/nofp/libgcc.a
LOAD /home/tmdals010126/zephyr-sdk-0.17.0/arm-zephyr-eabi/bin/../lib/gcc/arm-zephyr-eabi/12.2.0/../../../../arm-zephyr-eabi/lib/thumb/v8-m.main/nofp/libc_nano.a
LOAD /home/tmdals010126/zephyr-sdk-0.17.0/arm-zephyr-eabi/bin/../lib/gcc/arm-zephyr-eabi/12.2.0/../../../../arm-zephyr-eabi/lib/thumb/v8-m.main/nofp/libnosys.a
END GROUP
LOAD /home/tmdals010126/zephyr-sdk-0.17.0/arm-zephyr-eabi/bin/../lib/gcc/arm-zephyr-eabi/12.2.0/thumb/v8-m.main/nofp/crtend.o
LOAD /home/tmdals010126/zephyr-sdk-0.17.0/arm-zephyr-eabi/bin/../lib/gcc/arm-zephyr-eabi/12.2.0/thumb/v8-m.main/nofp/crtn.o
                0x0000000000001000                __heap_size__ = 0x1000
                0x0000000000001800                __msp_stack_size__ = 0x1800

.BL2_NoHdp_Code
                0x000000000c00d800       0xe8
 *(.BL2_NoHdp_Data)
 *(.BL2_NoHdp_Code)
 .BL2_NoHdp_Code
                0x000000000c00d800       0x6c platform/libplatform_bl2.a(boot_hal_bl2.o)
                0x000000000c00d800                boot_jump_to_next_image
                0x000000000c00d822                boot_platform_quit
                0x000000000c00d854                boot_clear_ram_area
 .BL2_NoHdp_Code
                0x000000000c00d86c       0x54 platform/libplatform_bl2.a(tfm_low_level_security.o)
                0x000000000c00d86c                TFM_LL_SECU_UpdateRunTimeProtections
 *mpu_armv8m_drv.o(.text* .rodata*)
 *(.BL2_Error_Code)
 .BL2_Error_Code
                0x000000000c00d8c0       0x28 platform/libplatform_bl2.a(boot_hal_bl2.o)
                0x000000000c00d8c0                Error_Handler
                0x000000000c00d8e8                __hdp_end__ = .

.text           0x000000000c000000     0x93e0
 *(.vectors)
 .vectors       0x000000000c000000      0x1f4 bl2/CMakeFiles/bl2.dir/__/platform/ext/target/stm/common/stm32l5xx/Device/Source/startup_stm32l5xx_bl2.o
                0x000000000c000000                __Vectors
                0x000000000c0001f4                __Vectors_End = .
                0x000000000c0001f4                __Vectors_Size = (__Vectors_End - __Vectors)
                0x0000000030035478                __end__ = .
 *(.text*)
 .text          0x000000000c0001f4       0x88 /home/tmdals010126/zephyr-sdk-0.17.0/arm-zephyr-eabi/bin/../lib/gcc/arm-zephyr-eabi/12.2.0/thumb/v8-m.main/nofp/crtbegin.o
 .text          0x000000000c00027c       0x7c /home/tmdals010126/zephyr-sdk-0.17.0/arm-zephyr-eabi/bin/../lib/gcc/arm-zephyr-eabi/12.2.0/../../../../arm-zephyr-eabi/lib/thumb/v8-m.main/nofp/crt0.o
                0x000000000c00027c                _stack_init
                0x000000000c000284                _mainCRTStartup
                0x000000000c000284                _start
 .text.is_range_valid
                0x000000000c0002f8       0x16 bl2/CMakeFiles/bl2.dir/src/flash_map.o
 *fill*         0x000000000c00030e        0x2 
 .text.flash_area_open
                0x000000000c000310       0x38 bl2/CMakeFiles/bl2.dir/src/flash_map.o
                0x000000000c000310                flash_area_open
 .text.flash_area_close
                0x000000000c000348        0x2 bl2/CMakeFiles/bl2.dir/src/flash_map.o
                0x000000000c000348                flash_area_close
 *fill*         0x000000000c00034a        0x2 
 .text.flash_area_read
                0x000000000c00034c      0x100 bl2/CMakeFiles/bl2.dir/src/flash_map.o
                0x000000000c00034c                flash_area_read
 .text.flash_area_write
                0x000000000c00044c      0x1b0 bl2/CMakeFiles/bl2.dir/src/flash_map.o
                0x000000000c00044c                flash_area_write
 .text.flash_area_erase
                0x000000000c0005fc       0x42 bl2/CMakeFiles/bl2.dir/src/flash_map.o
                0x000000000c0005fc                flash_area_erase
 .text.flash_area_align
                0x000000000c00063e        0xc bl2/CMakeFiles/bl2.dir/src/flash_map.o
                0x000000000c00063e                flash_area_align
 *fill*         0x000000000c00064a        0x2 
 .text.boot_nv_security_counter_init
                0x000000000c00064c       0x1c bl2/CMakeFiles/bl2.dir/src/security_cnt.o
                0x000000000c00064c                boot_nv_security_counter_init
 .text.boot_nv_security_counter_get
                0x000000000c000668       0x38 bl2/CMakeFiles/bl2.dir/src/security_cnt.o
                0x000000000c000668                boot_nv_security_counter_get
 .text.boot_nv_security_counter_update
                0x000000000c0006a0       0x28 bl2/CMakeFiles/bl2.dir/src/security_cnt.o
                0x000000000c0006a0                boot_nv_security_counter_update
 .text.tfm_plat_provisioning_check_for_dummy_keys
                0x000000000c0006c8       0x5c bl2/CMakeFiles/bl2.dir/src/provisioning.o
                0x000000000c0006c8                tfm_plat_provisioning_check_for_dummy_keys
 .text.tfm_plat_provisioning_is_required
                0x000000000c000724       0x1e bl2/CMakeFiles/bl2.dir/src/provisioning.o
                0x000000000c000724                tfm_plat_provisioning_is_required
 *fill*         0x000000000c000742        0x2 
 .text.provision_assembly_and_test
                0x000000000c000744       0x30 bl2/CMakeFiles/bl2.dir/src/provisioning.o
                0x000000000c000744                provision_assembly_and_test
 .text.tfm_plat_provisioning_perform
                0x000000000c000774       0x60 bl2/CMakeFiles/bl2.dir/src/provisioning.o
                0x000000000c000774                tfm_plat_provisioning_perform
 .text.psa_crypto_init
                0x000000000c0007d4        0x4 bl2/CMakeFiles/bl2.dir/src/thin_psa_crypto_core.o
                0x000000000c0007d4                psa_crypto_init
 .text.psa_hash_abort
                0x000000000c0007d8       0x1e bl2/CMakeFiles/bl2.dir/src/thin_psa_crypto_core.o
                0x000000000c0007d8                psa_hash_abort
 .text.psa_hash_setup
                0x000000000c0007f6       0x22 bl2/CMakeFiles/bl2.dir/src/thin_psa_crypto_core.o
                0x000000000c0007f6                psa_hash_setup
 .text.psa_hash_update
                0x000000000c000818       0x18 bl2/CMakeFiles/bl2.dir/src/thin_psa_crypto_core.o
                0x000000000c000818                psa_hash_update
 .text.psa_hash_finish
                0x000000000c000830       0x26 bl2/CMakeFiles/bl2.dir/src/thin_psa_crypto_core.o
                0x000000000c000830                psa_hash_finish
 *fill*         0x000000000c000856        0x2 
 .text.psa_destroy_key
                0x000000000c000858       0x40 bl2/CMakeFiles/bl2.dir/src/thin_psa_crypto_core.o
                0x000000000c000858                psa_destroy_key
 .text.psa_verify_hash
                0x000000000c000898       0x6c bl2/CMakeFiles/bl2.dir/src/thin_psa_crypto_core.o
                0x000000000c000898                psa_verify_hash
 .text.mbedtls_to_psa_error
                0x000000000c000904        0xa bl2/CMakeFiles/bl2.dir/src/thin_psa_crypto_core.o
                0x000000000c000904                mbedtls_to_psa_error
 .text.psa_driver_wrapper_export_public_key
                0x000000000c00090e       0x12 bl2/CMakeFiles/bl2.dir/src/thin_psa_crypto_core.o
                0x000000000c00090e                psa_driver_wrapper_export_public_key
 .text._close   0x000000000c000920        0x2 bl2/CMakeFiles/bl2.dir/__/platform/ext/common/syscalls_stub.o
                0x000000000c000920                _close
 .text._fstat   0x000000000c000922        0x2 bl2/CMakeFiles/bl2.dir/__/platform/ext/common/syscalls_stub.o
                0x000000000c000922                _fstat
 .text._isatty  0x000000000c000924        0x2 bl2/CMakeFiles/bl2.dir/__/platform/ext/common/syscalls_stub.o
                0x000000000c000924                _isatty
 .text._lseek   0x000000000c000926        0x2 bl2/CMakeFiles/bl2.dir/__/platform/ext/common/syscalls_stub.o
                0x000000000c000926                _lseek
 .text._read    0x000000000c000928        0x2 bl2/CMakeFiles/bl2.dir/__/platform/ext/common/syscalls_stub.o
                0x000000000c000928                _read
 *fill*         0x000000000c00092a        0x2 
 .text.startup.main
                0x000000000c00092c      0x190 bl2/CMakeFiles/bl2.dir/ext/mcuboot/bl2_main.o
                0x000000000c00092c                main
 .text.flash_device_base
                0x000000000c000abc       0x24 bl2/CMakeFiles/bl2.dir/ext/mcuboot/flash_map_extended.o
                0x000000000c000abc                flash_device_base
 .text.flash_area_id_from_multi_image_slot
                0x000000000c000ae0       0x34 bl2/CMakeFiles/bl2.dir/ext/mcuboot/flash_map_extended.o
                0x000000000c000ae0                flash_area_id_from_multi_image_slot
 .text.flash_area_erased_val
                0x000000000c000b14        0xc bl2/CMakeFiles/bl2.dir/ext/mcuboot/flash_map_extended.o
                0x000000000c000b14                flash_area_erased_val
 .text.flash_area_get_sectors
                0x000000000c000b20       0x8c bl2/CMakeFiles/bl2.dir/ext/mcuboot/flash_map_legacy.o
                0x000000000c000b20                flash_area_get_sectors
 .text.HAL_InitTick
                0x000000000c000bac       0x1c bl2/CMakeFiles/bl2.dir/__/platform/ext/target/stm/common/hal/Native_Driver/tick.o
                0x000000000c000bac                HAL_InitTick
 .text.HAL_GetTick
                0x000000000c000bc8       0x50 bl2/CMakeFiles/bl2.dir/__/platform/ext/target/stm/common/hal/Native_Driver/tick.o
                0x000000000c000bc8                HAL_GetTick
 .text.HardFault_Handler
                0x000000000c000c18        0x2 bl2/CMakeFiles/bl2.dir/__/platform/ext/target/stm/common/stm32l5xx/Device/Source/startup_stm32l5xx_bl2.o
                0x000000000c000c18                HardFault_Handler
 .text.MemManage_Handler
                0x000000000c000c1a        0x2 bl2/CMakeFiles/bl2.dir/__/platform/ext/target/stm/common/stm32l5xx/Device/Source/startup_stm32l5xx_bl2.o
                0x000000000c000c1a                MemManage_Handler
 .text.BusFault_Handler
                0x000000000c000c1c        0x2 bl2/CMakeFiles/bl2.dir/__/platform/ext/target/stm/common/stm32l5xx/Device/Source/startup_stm32l5xx_bl2.o
                0x000000000c000c1c                BusFault_Handler
 .text.UsageFault_Handler
                0x000000000c000c1e        0x2 bl2/CMakeFiles/bl2.dir/__/platform/ext/target/stm/common/stm32l5xx/Device/Source/startup_stm32l5xx_bl2.o
                0x000000000c000c1e                UsageFault_Handler
 .text.SecureFault_Handler
                0x000000000c000c20        0x2 bl2/CMakeFiles/bl2.dir/__/platform/ext/target/stm/common/stm32l5xx/Device/Source/startup_stm32l5xx_bl2.o
                0x000000000c000c20                SecureFault_Handler
 .text.SVC_Handler
                0x000000000c000c22        0x2 bl2/CMakeFiles/bl2.dir/__/platform/ext/target/stm/common/stm32l5xx/Device/Source/startup_stm32l5xx_bl2.o
                0x000000000c000c22                SVC_Handler
 .text.DebugMon_Handler
                0x000000000c000c24        0x2 bl2/CMakeFiles/bl2.dir/__/platform/ext/target/stm/common/stm32l5xx/Device/Source/startup_stm32l5xx_bl2.o
                0x000000000c000c24                DebugMon_Handler
 .text.PendSV_Handler
                0x000000000c000c26        0x2 bl2/CMakeFiles/bl2.dir/__/platform/ext/target/stm/common/stm32l5xx/Device/Source/startup_stm32l5xx_bl2.o
                0x000000000c000c26                PendSV_Handler
 .text.SysTick_Handler
                0x000000000c000c28        0x2 bl2/CMakeFiles/bl2.dir/__/platform/ext/target/stm/common/stm32l5xx/Device/Source/startup_stm32l5xx_bl2.o
                0x000000000c000c28                SysTick_Handler
 .text.WWDG_IRQHandler
                0x000000000c000c2a        0x2 bl2/CMakeFiles/bl2.dir/__/platform/ext/target/stm/common/stm32l5xx/Device/Source/startup_stm32l5xx_bl2.o
                0x000000000c000c2a                WWDG_IRQHandler
 .text.PVD_PVM_IRQHandler
                0x000000000c000c2c        0x2 bl2/CMakeFiles/bl2.dir/__/platform/ext/target/stm/common/stm32l5xx/Device/Source/startup_stm32l5xx_bl2.o
                0x000000000c000c2c                PVD_PVM_IRQHandler
 .text.RTC_IRQHandler
                0x000000000c000c2e        0x2 bl2/CMakeFiles/bl2.dir/__/platform/ext/target/stm/common/stm32l5xx/Device/Source/startup_stm32l5xx_bl2.o
                0x000000000c000c2e                RTC_IRQHandler
 .text.RTC_IRQHandler_S
                0x000000000c000c30        0x2 bl2/CMakeFiles/bl2.dir/__/platform/ext/target/stm/common/stm32l5xx/Device/Source/startup_stm32l5xx_bl2.o
                0x000000000c000c30                RTC_IRQHandler_S
 .text.TAMP_IRQHandler
                0x000000000c000c32        0x2 bl2/CMakeFiles/bl2.dir/__/platform/ext/target/stm/common/stm32l5xx/Device/Source/startup_stm32l5xx_bl2.o
                0x000000000c000c32                TAMP_IRQHandler
 .text.TAMP_IRQHandler_S
                0x000000000c000c34        0x2 bl2/CMakeFiles/bl2.dir/__/platform/ext/target/stm/common/stm32l5xx/Device/Source/startup_stm32l5xx_bl2.o
                0x000000000c000c34                TAMP_IRQHandler_S
 .text.FLASH_IRQHandler
                0x000000000c000c36        0x2 bl2/CMakeFiles/bl2.dir/__/platform/ext/target/stm/common/stm32l5xx/Device/Source/startup_stm32l5xx_bl2.o
                0x000000000c000c36                FLASH_IRQHandler
 .text.FLASH_IRQHandler_S
                0x000000000c000c38        0x2 bl2/CMakeFiles/bl2.dir/__/platform/ext/target/stm/common/stm32l5xx/Device/Source/startup_stm32l5xx_bl2.o
                0x000000000c000c38                FLASH_IRQHandler_S
 .text.SERR_IRQHandler
                0x000000000c000c3a        0x2 bl2/CMakeFiles/bl2.dir/__/platform/ext/target/stm/common/stm32l5xx/Device/Source/startup_stm32l5xx_bl2.o
                0x000000000c000c3a                SERR_IRQHandler
 .text.RCC_IRQHandler
                0x000000000c000c3c        0x2 bl2/CMakeFiles/bl2.dir/__/platform/ext/target/stm/common/stm32l5xx/Device/Source/startup_stm32l5xx_bl2.o
                0x000000000c000c3c                RCC_IRQHandler
 .text.RCC_IRQHandler_S
                0x000000000c000c3e        0x2 bl2/CMakeFiles/bl2.dir/__/platform/ext/target/stm/common/stm32l5xx/Device/Source/startup_stm32l5xx_bl2.o
                0x000000000c000c3e                RCC_IRQHandler_S
 .text.EXTI0_IRQHandler
                0x000000000c000c40        0x2 bl2/CMakeFiles/bl2.dir/__/platform/ext/target/stm/common/stm32l5xx/Device/Source/startup_stm32l5xx_bl2.o
                0x000000000c000c40                EXTI0_IRQHandler
 .text.EXTI1_IRQHandler
                0x000000000c000c42        0x2 bl2/CMakeFiles/bl2.dir/__/platform/ext/target/stm/common/stm32l5xx/Device/Source/startup_stm32l5xx_bl2.o
                0x000000000c000c42                EXTI1_IRQHandler
 .text.EXTI2_IRQHandler
                0x000000000c000c44        0x2 bl2/CMakeFiles/bl2.dir/__/platform/ext/target/stm/common/stm32l5xx/Device/Source/startup_stm32l5xx_bl2.o
                0x000000000c000c44                EXTI2_IRQHandler
 .text.EXTI3_IRQHandler
                0x000000000c000c46        0x2 bl2/CMakeFiles/bl2.dir/__/platform/ext/target/stm/common/stm32l5xx/Device/Source/startup_stm32l5xx_bl2.o
                0x000000000c000c46                EXTI3_IRQHandler
 .text.EXTI4_IRQHandler
                0x000000000c000c48        0x2 bl2/CMakeFiles/bl2.dir/__/platform/ext/target/stm/common/stm32l5xx/Device/Source/startup_stm32l5xx_bl2.o
                0x000000000c000c48                EXTI4_IRQHandler
 .text.EXTI5_IRQHandler
                0x000000000c000c4a        0x2 bl2/CMakeFiles/bl2.dir/__/platform/ext/target/stm/common/stm32l5xx/Device/Source/startup_stm32l5xx_bl2.o
                0x000000000c000c4a                EXTI5_IRQHandler
 .text.EXTI6_IRQHandler
                0x000000000c000c4c        0x2 bl2/CMakeFiles/bl2.dir/__/platform/ext/target/stm/common/stm32l5xx/Device/Source/startup_stm32l5xx_bl2.o
                0x000000000c000c4c                EXTI6_IRQHandler
 .text.EXTI7_IRQHandler
                0x000000000c000c4e        0x2 bl2/CMakeFiles/bl2.dir/__/platform/ext/target/stm/common/stm32l5xx/Device/Source/startup_stm32l5xx_bl2.o
                0x000000000c000c4e                EXTI7_IRQHandler
 .text.EXTI8_IRQHandler
                0x000000000c000c50        0x2 bl2/CMakeFiles/bl2.dir/__/platform/ext/target/stm/common/stm32l5xx/Device/Source/startup_stm32l5xx_bl2.o
                0x000000000c000c50                EXTI8_IRQHandler
 .text.EXTI9_IRQHandler
                0x000000000c000c52        0x2 bl2/CMakeFiles/bl2.dir/__/platform/ext/target/stm/common/stm32l5xx/Device/Source/startup_stm32l5xx_bl2.o
                0x000000000c000c52                EXTI9_IRQHandler
 .text.EXTI10_IRQHandler
                0x000000000c000c54        0x2 bl2/CMakeFiles/bl2.dir/__/platform/ext/target/stm/common/stm32l5xx/Device/Source/startup_stm32l5xx_bl2.o
                0x000000000c000c54                EXTI10_IRQHandler
 .text.EXTI11_IRQHandler
                0x000000000c000c56        0x2 bl2/CMakeFiles/bl2.dir/__/platform/ext/target/stm/common/stm32l5xx/Device/Source/startup_stm32l5xx_bl2.o
                0x000000000c000c56                EXTI11_IRQHandler
 .text.EXTI12_IRQHandler
                0x000000000c000c58        0x2 bl2/CMakeFiles/bl2.dir/__/platform/ext/target/stm/common/stm32l5xx/Device/Source/startup_stm32l5xx_bl2.o
                0x000000000c000c58                EXTI12_IRQHandler
 .text.EXTI13_IRQHandler
                0x000000000c000c5a        0x2 bl2/CMakeFiles/bl2.dir/__/platform/ext/target/stm/common/stm32l5xx/Device/Source/startup_stm32l5xx_bl2.o
                0x000000000c000c5a                EXTI13_IRQHandler
 .text.EXTI14_IRQHandler
                0x000000000c000c5c        0x2 bl2/CMakeFiles/bl2.dir/__/platform/ext/target/stm/common/stm32l5xx/Device/Source/startup_stm32l5xx_bl2.o
                0x000000000c000c5c                EXTI14_IRQHandler
 .text.EXTI15_IRQHandler
                0x000000000c000c5e        0x2 bl2/CMakeFiles/bl2.dir/__/platform/ext/target/stm/common/stm32l5xx/Device/Source/startup_stm32l5xx_bl2.o
                0x000000000c000c5e                EXTI15_IRQHandler
 .text.DMAMUX1_IRQHandler
                0x000000000c000c60        0x2 bl2/CMakeFiles/bl2.dir/__/platform/ext/target/stm/common/stm32l5xx/Device/Source/startup_stm32l5xx_bl2.o
                0x000000000c000c60                DMAMUX1_IRQHandler
 .text.DMAMUX1_IRQHandler_S
                0x000000000c000c62        0x2 bl2/CMakeFiles/bl2.dir/__/platform/ext/target/stm/common/stm32l5xx/Device/Source/startup_stm32l5xx_bl2.o
                0x000000000c000c62                DMAMUX1_IRQHandler_S
 .text.DMA1_Channel1_IRQHandler
                0x000000000c000c64        0x2 bl2/CMakeFiles/bl2.dir/__/platform/ext/target/stm/common/stm32l5xx/Device/Source/startup_stm32l5xx_bl2.o
                0x000000000c000c64                DMA1_Channel1_IRQHandler
 .text.DMA1_Channel2_IRQHandler
                0x000000000c000c66        0x2 bl2/CMakeFiles/bl2.dir/__/platform/ext/target/stm/common/stm32l5xx/Device/Source/startup_stm32l5xx_bl2.o
                0x000000000c000c66                DMA1_Channel2_IRQHandler
 .text.DMA1_Channel3_IRQHandler
                0x000000000c000c68        0x2 bl2/CMakeFiles/bl2.dir/__/platform/ext/target/stm/common/stm32l5xx/Device/Source/startup_stm32l5xx_bl2.o
                0x000000000c000c68                DMA1_Channel3_IRQHandler
 .text.DMA1_Channel4_IRQHandler
                0x000000000c000c6a        0x2 bl2/CMakeFiles/bl2.dir/__/platform/ext/target/stm/common/stm32l5xx/Device/Source/startup_stm32l5xx_bl2.o
                0x000000000c000c6a                DMA1_Channel4_IRQHandler
 .text.DMA1_Channel5_IRQHandler
                0x000000000c000c6c        0x2 bl2/CMakeFiles/bl2.dir/__/platform/ext/target/stm/common/stm32l5xx/Device/Source/startup_stm32l5xx_bl2.o
                0x000000000c000c6c                DMA1_Channel5_IRQHandler
 .text.DMA1_Channel6_IRQHandler
                0x000000000c000c6e        0x2 bl2/CMakeFiles/bl2.dir/__/platform/ext/target/stm/common/stm32l5xx/Device/Source/startup_stm32l5xx_bl2.o
                0x000000000c000c6e                DMA1_Channel6_IRQHandler
 .text.DMA1_Channel7_IRQHandler
                0x000000000c000c70        0x2 bl2/CMakeFiles/bl2.dir/__/platform/ext/target/stm/common/stm32l5xx/Device/Source/startup_stm32l5xx_bl2.o
                0x000000000c000c70                DMA1_Channel7_IRQHandler
 .text.DMA1_Channel8_IRQHandler
                0x000000000c000c72        0x2 bl2/CMakeFiles/bl2.dir/__/platform/ext/target/stm/common/stm32l5xx/Device/Source/startup_stm32l5xx_bl2.o
                0x000000000c000c72                DMA1_Channel8_IRQHandler
 .text.ADC1_2_IRQHandler
                0x000000000c000c74        0x2 bl2/CMakeFiles/bl2.dir/__/platform/ext/target/stm/common/stm32l5xx/Device/Source/startup_stm32l5xx_bl2.o
                0x000000000c000c74                ADC1_2_IRQHandler
 .text.DAC_IRQHandler
                0x000000000c000c76        0x2 bl2/CMakeFiles/bl2.dir/__/platform/ext/target/stm/common/stm32l5xx/Device/Source/startup_stm32l5xx_bl2.o
                0x000000000c000c76                DAC_IRQHandler
 .text.FDCAN1_IT0_IRQHandler
                0x000000000c000c78        0x2 bl2/CMakeFiles/bl2.dir/__/platform/ext/target/stm/common/stm32l5xx/Device/Source/startup_stm32l5xx_bl2.o
                0x000000000c000c78                FDCAN1_IT0_IRQHandler
 .text.FDCAN1_IT1_IRQHandler
                0x000000000c000c7a        0x2 bl2/CMakeFiles/bl2.dir/__/platform/ext/target/stm/common/stm32l5xx/Device/Source/startup_stm32l5xx_bl2.o
                0x000000000c000c7a                FDCAN1_IT1_IRQHandler
 .text.TIM1_BRK_IRQHandler
                0x000000000c000c7c        0x2 bl2/CMakeFiles/bl2.dir/__/platform/ext/target/stm/common/stm32l5xx/Device/Source/startup_stm32l5xx_bl2.o
                0x000000000c000c7c                TIM1_BRK_IRQHandler
 .text.TIM1_UP_IRQHandler
                0x000000000c000c7e        0x2 bl2/CMakeFiles/bl2.dir/__/platform/ext/target/stm/common/stm32l5xx/Device/Source/startup_stm32l5xx_bl2.o
                0x000000000c000c7e                TIM1_UP_IRQHandler
 .text.TIM1_TRG_COM_IRQHandler
                0x000000000c000c80        0x2 bl2/CMakeFiles/bl2.dir/__/platform/ext/target/stm/common/stm32l5xx/Device/Source/startup_stm32l5xx_bl2.o
                0x000000000c000c80                TIM1_TRG_COM_IRQHandler
 .text.TIM1_CC_IRQHandler
                0x000000000c000c82        0x2 bl2/CMakeFiles/bl2.dir/__/platform/ext/target/stm/common/stm32l5xx/Device/Source/startup_stm32l5xx_bl2.o
                0x000000000c000c82                TIM1_CC_IRQHandler
 .text.TIM2_IRQHandler
                0x000000000c000c84        0x2 bl2/CMakeFiles/bl2.dir/__/platform/ext/target/stm/common/stm32l5xx/Device/Source/startup_stm32l5xx_bl2.o
                0x000000000c000c84                TIM2_IRQHandler
 .text.TIM3_IRQHandler
                0x000000000c000c86        0x2 bl2/CMakeFiles/bl2.dir/__/platform/ext/target/stm/common/stm32l5xx/Device/Source/startup_stm32l5xx_bl2.o
                0x000000000c000c86                TIM3_IRQHandler
 .text.TIM4_IRQHandler
                0x000000000c000c88        0x2 bl2/CMakeFiles/bl2.dir/__/platform/ext/target/stm/common/stm32l5xx/Device/Source/startup_stm32l5xx_bl2.o
                0x000000000c000c88                TIM4_IRQHandler
 .text.TIM5_IRQHandler
                0x000000000c000c8a        0x2 bl2/CMakeFiles/bl2.dir/__/platform/ext/target/stm/common/stm32l5xx/Device/Source/startup_stm32l5xx_bl2.o
                0x000000000c000c8a                TIM5_IRQHandler
 .text.TIM6_IRQHandler
                0x000000000c000c8c        0x2 bl2/CMakeFiles/bl2.dir/__/platform/ext/target/stm/common/stm32l5xx/Device/Source/startup_stm32l5xx_bl2.o
                0x000000000c000c8c                TIM6_IRQHandler
 .text.TIM7_IRQHandler
                0x000000000c000c8e        0x2 bl2/CMakeFiles/bl2.dir/__/platform/ext/target/stm/common/stm32l5xx/Device/Source/startup_stm32l5xx_bl2.o
                0x000000000c000c8e                TIM7_IRQHandler
 .text.TIM8_BRK_IRQHandler
                0x000000000c000c90        0x2 bl2/CMakeFiles/bl2.dir/__/platform/ext/target/stm/common/stm32l5xx/Device/Source/startup_stm32l5xx_bl2.o
                0x000000000c000c90                TIM8_BRK_IRQHandler
 .text.TIM8_UP_IRQHandler
                0x000000000c000c92        0x2 bl2/CMakeFiles/bl2.dir/__/platform/ext/target/stm/common/stm32l5xx/Device/Source/startup_stm32l5xx_bl2.o
                0x000000000c000c92                TIM8_UP_IRQHandler
 .text.TIM8_TRG_COM_IRQHandler
                0x000000000c000c94        0x2 bl2/CMakeFiles/bl2.dir/__/platform/ext/target/stm/common/stm32l5xx/Device/Source/startup_stm32l5xx_bl2.o
                0x000000000c000c94                TIM8_TRG_COM_IRQHandler
 .text.TIM8_CC_IRQHandler
                0x000000000c000c96        0x2 bl2/CMakeFiles/bl2.dir/__/platform/ext/target/stm/common/stm32l5xx/Device/Source/startup_stm32l5xx_bl2.o
                0x000000000c000c96                TIM8_CC_IRQHandler
 .text.I2C1_EV_IRQHandler
                0x000000000c000c98        0x2 bl2/CMakeFiles/bl2.dir/__/platform/ext/target/stm/common/stm32l5xx/Device/Source/startup_stm32l5xx_bl2.o
                0x000000000c000c98                I2C1_EV_IRQHandler
 .text.I2C1_ER_IRQHandler
                0x000000000c000c9a        0x2 bl2/CMakeFiles/bl2.dir/__/platform/ext/target/stm/common/stm32l5xx/Device/Source/startup_stm32l5xx_bl2.o
                0x000000000c000c9a                I2C1_ER_IRQHandler
 .text.I2C2_EV_IRQHandler
                0x000000000c000c9c        0x2 bl2/CMakeFiles/bl2.dir/__/platform/ext/target/stm/common/stm32l5xx/Device/Source/startup_stm32l5xx_bl2.o
                0x000000000c000c9c                I2C2_EV_IRQHandler
 .text.I2C2_ER_IRQHandler
                0x000000000c000c9e        0x2 bl2/CMakeFiles/bl2.dir/__/platform/ext/target/stm/common/stm32l5xx/Device/Source/startup_stm32l5xx_bl2.o
                0x000000000c000c9e                I2C2_ER_IRQHandler
 .text.SPI1_IRQHandler
                0x000000000c000ca0        0x2 bl2/CMakeFiles/bl2.dir/__/platform/ext/target/stm/common/stm32l5xx/Device/Source/startup_stm32l5xx_bl2.o
                0x000000000c000ca0                SPI1_IRQHandler
 .text.SPI2_IRQHandler
                0x000000000c000ca2        0x2 bl2/CMakeFiles/bl2.dir/__/platform/ext/target/stm/common/stm32l5xx/Device/Source/startup_stm32l5xx_bl2.o
                0x000000000c000ca2                SPI2_IRQHandler
 .text.USART1_IRQHandler
                0x000000000c000ca4        0x2 bl2/CMakeFiles/bl2.dir/__/platform/ext/target/stm/common/stm32l5xx/Device/Source/startup_stm32l5xx_bl2.o
                0x000000000c000ca4                USART1_IRQHandler
 .text.USART2_IRQHandler
                0x000000000c000ca6        0x2 bl2/CMakeFiles/bl2.dir/__/platform/ext/target/stm/common/stm32l5xx/Device/Source/startup_stm32l5xx_bl2.o
                0x000000000c000ca6                USART2_IRQHandler
 .text.USART3_IRQHandler
                0x000000000c000ca8        0x2 bl2/CMakeFiles/bl2.dir/__/platform/ext/target/stm/common/stm32l5xx/Device/Source/startup_stm32l5xx_bl2.o
                0x000000000c000ca8                USART3_IRQHandler
 .text.UART4_IRQHandler
                0x000000000c000caa        0x2 bl2/CMakeFiles/bl2.dir/__/platform/ext/target/stm/common/stm32l5xx/Device/Source/startup_stm32l5xx_bl2.o
                0x000000000c000caa                UART4_IRQHandler
 .text.UART5_IRQHandler
                0x000000000c000cac        0x2 bl2/CMakeFiles/bl2.dir/__/platform/ext/target/stm/common/stm32l5xx/Device/Source/startup_stm32l5xx_bl2.o
                0x000000000c000cac                UART5_IRQHandler
 .text.LPUART1_IRQHandler
                0x000000000c000cae        0x2 bl2/CMakeFiles/bl2.dir/__/platform/ext/target/stm/common/stm32l5xx/Device/Source/startup_stm32l5xx_bl2.o
                0x000000000c000cae                LPUART1_IRQHandler
 .text.LPTIM1_IRQHandler
                0x000000000c000cb0        0x2 bl2/CMakeFiles/bl2.dir/__/platform/ext/target/stm/common/stm32l5xx/Device/Source/startup_stm32l5xx_bl2.o
                0x000000000c000cb0                LPTIM1_IRQHandler
 .text.LPTIM2_IRQHandler
                0x000000000c000cb2        0x2 bl2/CMakeFiles/bl2.dir/__/platform/ext/target/stm/common/stm32l5xx/Device/Source/startup_stm32l5xx_bl2.o
                0x000000000c000cb2                LPTIM2_IRQHandler
 .text.TIM15_IRQHandler
                0x000000000c000cb4        0x2 bl2/CMakeFiles/bl2.dir/__/platform/ext/target/stm/common/stm32l5xx/Device/Source/startup_stm32l5xx_bl2.o
                0x000000000c000cb4                TIM15_IRQHandler
 .text.TIM16_IRQHandler
                0x000000000c000cb6        0x2 bl2/CMakeFiles/bl2.dir/__/platform/ext/target/stm/common/stm32l5xx/Device/Source/startup_stm32l5xx_bl2.o
                0x000000000c000cb6                TIM16_IRQHandler
 .text.TIM17_IRQHandler
                0x000000000c000cb8        0x2 bl2/CMakeFiles/bl2.dir/__/platform/ext/target/stm/common/stm32l5xx/Device/Source/startup_stm32l5xx_bl2.o
                0x000000000c000cb8                TIM17_IRQHandler
 .text.COMP_IRQHandler
                0x000000000c000cba        0x2 bl2/CMakeFiles/bl2.dir/__/platform/ext/target/stm/common/stm32l5xx/Device/Source/startup_stm32l5xx_bl2.o
                0x000000000c000cba                COMP_IRQHandler
 .text.USB_FS_IRQHandler
                0x000000000c000cbc        0x2 bl2/CMakeFiles/bl2.dir/__/platform/ext/target/stm/common/stm32l5xx/Device/Source/startup_stm32l5xx_bl2.o
                0x000000000c000cbc                USB_FS_IRQHandler
 .text.CRS_IRQHandler
                0x000000000c000cbe        0x2 bl2/CMakeFiles/bl2.dir/__/platform/ext/target/stm/common/stm32l5xx/Device/Source/startup_stm32l5xx_bl2.o
                0x000000000c000cbe                CRS_IRQHandler
 .text.FMC_IRQHandler
                0x000000000c000cc0        0x2 bl2/CMakeFiles/bl2.dir/__/platform/ext/target/stm/common/stm32l5xx/Device/Source/startup_stm32l5xx_bl2.o
                0x000000000c000cc0                FMC_IRQHandler
 .text.OCTOSPI1_IRQHandler
                0x000000000c000cc2        0x2 bl2/CMakeFiles/bl2.dir/__/platform/ext/target/stm/common/stm32l5xx/Device/Source/startup_stm32l5xx_bl2.o
                0x000000000c000cc2                OCTOSPI1_IRQHandler
 .text.SDMMC1_IRQHandler
                0x000000000c000cc4        0x2 bl2/CMakeFiles/bl2.dir/__/platform/ext/target/stm/common/stm32l5xx/Device/Source/startup_stm32l5xx_bl2.o
                0x000000000c000cc4                SDMMC1_IRQHandler
 .text.DMA2_Channel1_IRQHandler
                0x000000000c000cc6        0x2 bl2/CMakeFiles/bl2.dir/__/platform/ext/target/stm/common/stm32l5xx/Device/Source/startup_stm32l5xx_bl2.o
                0x000000000c000cc6                DMA2_Channel1_IRQHandler
 .text.DMA2_Channel2_IRQHandler
                0x000000000c000cc8        0x2 bl2/CMakeFiles/bl2.dir/__/platform/ext/target/stm/common/stm32l5xx/Device/Source/startup_stm32l5xx_bl2.o
                0x000000000c000cc8                DMA2_Channel2_IRQHandler
 .text.DMA2_Channel3_IRQHandler
                0x000000000c000cca        0x2 bl2/CMakeFiles/bl2.dir/__/platform/ext/target/stm/common/stm32l5xx/Device/Source/startup_stm32l5xx_bl2.o
                0x000000000c000cca                DMA2_Channel3_IRQHandler
 .text.DMA2_Channel4_IRQHandler
                0x000000000c000ccc        0x2 bl2/CMakeFiles/bl2.dir/__/platform/ext/target/stm/common/stm32l5xx/Device/Source/startup_stm32l5xx_bl2.o
                0x000000000c000ccc                DMA2_Channel4_IRQHandler
 .text.DMA2_Channel5_IRQHandler
                0x000000000c000cce        0x2 bl2/CMakeFiles/bl2.dir/__/platform/ext/target/stm/common/stm32l5xx/Device/Source/startup_stm32l5xx_bl2.o
                0x000000000c000cce                DMA2_Channel5_IRQHandler
 .text.DMA2_Channel6_IRQHandler
                0x000000000c000cd0        0x2 bl2/CMakeFiles/bl2.dir/__/platform/ext/target/stm/common/stm32l5xx/Device/Source/startup_stm32l5xx_bl2.o
                0x000000000c000cd0                DMA2_Channel6_IRQHandler
 .text.DMA2_Channel7_IRQHandler
                0x000000000c000cd2        0x2 bl2/CMakeFiles/bl2.dir/__/platform/ext/target/stm/common/stm32l5xx/Device/Source/startup_stm32l5xx_bl2.o
                0x000000000c000cd2                DMA2_Channel7_IRQHandler
 .text.DMA2_Channel8_IRQHandler
                0x000000000c000cd4        0x2 bl2/CMakeFiles/bl2.dir/__/platform/ext/target/stm/common/stm32l5xx/Device/Source/startup_stm32l5xx_bl2.o
                0x000000000c000cd4                DMA2_Channel8_IRQHandler
 .text.I2C3_EV_IRQHandler
                0x000000000c000cd6        0x2 bl2/CMakeFiles/bl2.dir/__/platform/ext/target/stm/common/stm32l5xx/Device/Source/startup_stm32l5xx_bl2.o
                0x000000000c000cd6                I2C3_EV_IRQHandler
 .text.I2C3_ER_IRQHandler
                0x000000000c000cd8        0x2 bl2/CMakeFiles/bl2.dir/__/platform/ext/target/stm/common/stm32l5xx/Device/Source/startup_stm32l5xx_bl2.o
                0x000000000c000cd8                I2C3_ER_IRQHandler
 .text.SAI1_IRQHandler
                0x000000000c000cda        0x2 bl2/CMakeFiles/bl2.dir/__/platform/ext/target/stm/common/stm32l5xx/Device/Source/startup_stm32l5xx_bl2.o
                0x000000000c000cda                SAI1_IRQHandler
 .text.SAI2_IRQHandler
                0x000000000c000cdc        0x2 bl2/CMakeFiles/bl2.dir/__/platform/ext/target/stm/common/stm32l5xx/Device/Source/startup_stm32l5xx_bl2.o
                0x000000000c000cdc                SAI2_IRQHandler
 .text.TSC_IRQHandler
                0x000000000c000cde        0x2 bl2/CMakeFiles/bl2.dir/__/platform/ext/target/stm/common/stm32l5xx/Device/Source/startup_stm32l5xx_bl2.o
                0x000000000c000cde                TSC_IRQHandler
 .text.RNG_IRQHandler
                0x000000000c000ce0        0x2 bl2/CMakeFiles/bl2.dir/__/platform/ext/target/stm/common/stm32l5xx/Device/Source/startup_stm32l5xx_bl2.o
                0x000000000c000ce0                RNG_IRQHandler
 .text.FPU_IRQHandler
                0x000000000c000ce2        0x2 bl2/CMakeFiles/bl2.dir/__/platform/ext/target/stm/common/stm32l5xx/Device/Source/startup_stm32l5xx_bl2.o
                0x000000000c000ce2                FPU_IRQHandler
 .text.HASH_IRQHandler
                0x000000000c000ce4        0x2 bl2/CMakeFiles/bl2.dir/__/platform/ext/target/stm/common/stm32l5xx/Device/Source/startup_stm32l5xx_bl2.o
                0x000000000c000ce4                HASH_IRQHandler
 .text.LPTIM3_IRQHandler
                0x000000000c000ce6        0x2 bl2/CMakeFiles/bl2.dir/__/platform/ext/target/stm/common/stm32l5xx/Device/Source/startup_stm32l5xx_bl2.o
                0x000000000c000ce6                LPTIM3_IRQHandler
 .text.SPI3_IRQHandler
                0x000000000c000ce8        0x2 bl2/CMakeFiles/bl2.dir/__/platform/ext/target/stm/common/stm32l5xx/Device/Source/startup_stm32l5xx_bl2.o
                0x000000000c000ce8                SPI3_IRQHandler
 .text.I2C4_ER_IRQHandler
                0x000000000c000cea        0x2 bl2/CMakeFiles/bl2.dir/__/platform/ext/target/stm/common/stm32l5xx/Device/Source/startup_stm32l5xx_bl2.o
                0x000000000c000cea                I2C4_ER_IRQHandler
 .text.I2C4_EV_IRQHandler
                0x000000000c000cec        0x2 bl2/CMakeFiles/bl2.dir/__/platform/ext/target/stm/common/stm32l5xx/Device/Source/startup_stm32l5xx_bl2.o
                0x000000000c000cec                I2C4_EV_IRQHandler
 .text.DFSDM1_FLT0_IRQHandler
                0x000000000c000cee        0x2 bl2/CMakeFiles/bl2.dir/__/platform/ext/target/stm/common/stm32l5xx/Device/Source/startup_stm32l5xx_bl2.o
                0x000000000c000cee                DFSDM1_FLT0_IRQHandler
 .text.DFSDM1_FLT1_IRQHandler
                0x000000000c000cf0        0x2 bl2/CMakeFiles/bl2.dir/__/platform/ext/target/stm/common/stm32l5xx/Device/Source/startup_stm32l5xx_bl2.o
                0x000000000c000cf0                DFSDM1_FLT1_IRQHandler
 .text.DFSDM1_FLT2_IRQHandler
                0x000000000c000cf2        0x2 bl2/CMakeFiles/bl2.dir/__/platform/ext/target/stm/common/stm32l5xx/Device/Source/startup_stm32l5xx_bl2.o
                0x000000000c000cf2                DFSDM1_FLT2_IRQHandler
 .text.DFSDM1_FLT3_IRQHandler
                0x000000000c000cf4        0x2 bl2/CMakeFiles/bl2.dir/__/platform/ext/target/stm/common/stm32l5xx/Device/Source/startup_stm32l5xx_bl2.o
                0x000000000c000cf4                DFSDM1_FLT3_IRQHandler
 .text.UCPD1_IRQHandler
                0x000000000c000cf6        0x2 bl2/CMakeFiles/bl2.dir/__/platform/ext/target/stm/common/stm32l5xx/Device/Source/startup_stm32l5xx_bl2.o
                0x000000000c000cf6                UCPD1_IRQHandler
 .text.ICACHE_IRQHandler
                0x000000000c000cf8        0x2 bl2/CMakeFiles/bl2.dir/__/platform/ext/target/stm/common/stm32l5xx/Device/Source/startup_stm32l5xx_bl2.o
                0x000000000c000cf8                ICACHE_IRQHandler
 .text.OTFDEC1_IRQHandler
                0x000000000c000cfa        0x2 bl2/CMakeFiles/bl2.dir/__/platform/ext/target/stm/common/stm32l5xx/Device/Source/startup_stm32l5xx_bl2.o
                0x000000000c000cfa                OTFDEC1_IRQHandler
 .text.Reset_Handler
                0x000000000c000cfc       0x78 bl2/CMakeFiles/bl2.dir/__/platform/ext/target/stm/common/stm32l5xx/Device/Source/startup_stm32l5xx_bl2.o
                0x000000000c000cfc                Reset_Handler
 .text.crypto_hw_accelerator_init
                0x000000000c000d74        0x4 bl2/CMakeFiles/bl2.dir/__/platform/ext/target/stm/common/hal/accelerator/stm.o
                0x000000000c000d74                crypto_hw_accelerator_init
 .text.boot_initialize_area
                0x000000000c000d78       0x60 bl2/ext/mcuboot/bootutil/libbootutil.a(loader.o)
 .text.boot_read_sectors
                0x000000000c000dd8       0x5e bl2/ext/mcuboot/bootutil/libbootutil.a(loader.o)
 .text.boot_read_image_headers
                0x000000000c000e36       0x3a bl2/ext/mcuboot/bootutil/libbootutil.a(loader.o)
 .text.boot_update_security_counter.constprop.0
                0x000000000c000e70       0x40 bl2/ext/mcuboot/bootutil/libbootutil.a(loader.o)
 .text.boot_validate_slot.isra.0
                0x000000000c000eb0      0x128 bl2/ext/mcuboot/bootutil/libbootutil.a(loader.o)
 .text.boot_status_reset
                0x000000000c000fd8       0x12 bl2/ext/mcuboot/bootutil/libbootutil.a(loader.o)
                0x000000000c000fd8                boot_status_reset
 .text.boot_status_is_reset
                0x000000000c000fea       0x1a bl2/ext/mcuboot/bootutil/libbootutil.a(loader.o)
                0x000000000c000fea                boot_status_is_reset
 .text.boot_copy_region
                0x000000000c001004       0x58 bl2/ext/mcuboot/bootutil/libbootutil.a(loader.o)
                0x000000000c001004                boot_copy_region
 .text.context_boot_go
                0x000000000c00105c      0x59c bl2/ext/mcuboot/bootutil/libbootutil.a(loader.o)
                0x000000000c00105c                context_boot_go
 .text.boot_go_for_image_id
                0x000000000c0015f8       0x38 bl2/ext/mcuboot/bootutil/libbootutil.a(loader.o)
                0x000000000c0015f8                boot_go_for_image_id
 .text.boot_slots_compatible
                0x000000000c001630       0xa0 bl2/ext/mcuboot/bootutil/libbootutil.a(swap_scratch.o)
                0x000000000c001630                boot_slots_compatible
 .text.boot_read_image_header
                0x000000000c0016d0       0x38 bl2/ext/mcuboot/bootutil/libbootutil.a(swap_scratch.o)
                0x000000000c0016d0                boot_read_image_header
 .text.bootutil_tlv_iter_begin
                0x000000000c001708       0x98 bl2/ext/mcuboot/bootutil/libbootutil.a(tlv.o)
                0x000000000c001708                bootutil_tlv_iter_begin
 .text.bootutil_tlv_iter_next
                0x000000000c0017a0       0x96 bl2/ext/mcuboot/bootutil/libbootutil.a(tlv.o)
                0x000000000c0017a0                bootutil_tlv_iter_next
 .text.bootutil_tlv_iter_is_prot
                0x000000000c001836       0x1c bl2/ext/mcuboot/bootutil/libbootutil.a(tlv.o)
                0x000000000c001836                bootutil_tlv_iter_is_prot
 *fill*         0x000000000c001852        0x2 
 .text.boot_add_data_to_shared_area
                0x000000000c001854       0xe8 bl2/ext/mcuboot/bootutil/libbootutil.a(boot_record.o)
                0x000000000c001854                boot_add_data_to_shared_area
 .text.boot_save_boot_status
                0x000000000c00193c       0xa2 bl2/ext/mcuboot/bootutil/libbootutil.a(boot_record.o)
                0x000000000c00193c                boot_save_boot_status
 .text.boot_fih_memequal
                0x000000000c0019de        0x4 bl2/ext/mcuboot/bootutil/libbootutil.a(bootutil_misc.o)
                0x000000000c0019de                boot_fih_memequal
 .text.bootutil_max_image_size
                0x000000000c0019e2        0x4 bl2/ext/mcuboot/bootutil/libbootutil.a(bootutil_misc.o)
                0x000000000c0019e2                bootutil_max_image_size
 .text.boot_swap_info_off
                0x000000000c0019e6        0xc bl2/ext/mcuboot/bootutil/libbootutil.a(bootutil_public.o)
                0x000000000c0019e6                boot_swap_info_off
 .text.boot_magic_compatible_check
                0x000000000c0019f2       0x1c bl2/ext/mcuboot/bootutil/libbootutil.a(bootutil_public.o)
                0x000000000c0019f2                boot_magic_compatible_check
 .text.bootutil_buffer_is_erased
                0x000000000c001a0e       0x26 bl2/ext/mcuboot/bootutil/libbootutil.a(bootutil_public.o)
                0x000000000c001a0e                bootutil_buffer_is_erased
 .text.boot_read_flag
                0x000000000c001a34       0x38 bl2/ext/mcuboot/bootutil/libbootutil.a(bootutil_public.o)
 .text.boot_read_image_ok
                0x000000000c001a6c        0xc bl2/ext/mcuboot/bootutil/libbootutil.a(bootutil_public.o)
                0x000000000c001a6c                boot_read_image_ok
 .text.boot_read_swap_state
                0x000000000c001a78       0xac bl2/ext/mcuboot/bootutil/libbootutil.a(bootutil_public.o)
                0x000000000c001a78                boot_read_swap_state
 .text.boot_read_swap_state_by_id
                0x000000000c001b24       0x28 bl2/ext/mcuboot/bootutil/libbootutil.a(bootutil_public.o)
                0x000000000c001b24                boot_read_swap_state_by_id
 .text.boot_swap_type_multi
                0x000000000c001b4c      0x114 bl2/ext/mcuboot/bootutil/libbootutil.a(bootutil_public.o)
                0x000000000c001b4c                boot_swap_type_multi
 .text.bootutil_get_img_security_cnt
                0x000000000c001c60       0x60 bl2/ext/mcuboot/bootutil/libbootutil.a(image_validate.o)
                0x000000000c001c60                bootutil_get_img_security_cnt
 .text.bootutil_img_validate
                0x000000000c001cc0      0x208 bl2/ext/mcuboot/bootutil/libbootutil.a(image_validate.o)
                0x000000000c001cc0                bootutil_img_validate
 .text.bootutil_verify_sig
                0x000000000c001ec8       0xac bl2/ext/mcuboot/bootutil/libbootutil.a(image_ecdsa.o)
                0x000000000c001ec8                bootutil_verify_sig
 .text.SystemInit
                0x000000000c001f74        0x2 platform/libplatform_bl2.a(system_stm32l5xx.o)
                0x000000000c001f74                SystemInit
 *fill*         0x000000000c001f76        0x2 
 .text.SystemCoreClockUpdate
                0x000000000c001f78       0x94 platform/libplatform_bl2.a(system_stm32l5xx.o)
                0x000000000c001f78                SystemCoreClockUpdate
 .text.boot_platform_init
                0x000000000c00200c      0x110 platform/libplatform_bl2.a(boot_hal_bl2.o)
                0x000000000c00200c                boot_platform_init
 .text.TFM_LL_SECU_ApplyRunTimeProtections
                0x000000000c00211c       0xe8 platform/libplatform_bl2.a(tfm_low_level_security.o)
                0x000000000c00211c                TFM_LL_SECU_ApplyRunTimeProtections
 .text.TFM_LL_SECU_CheckStaticProtections
                0x000000000c002204      0x218 platform/libplatform_bl2.a(tfm_low_level_security.o)
                0x000000000c002204                TFM_LL_SECU_CheckStaticProtections
 .text.memcpy_flash
                0x000000000c00241c       0x32 platform/libplatform_bl2.a(low_level_flash.o)
 *fill*         0x000000000c00244e        0x2 
 .text.Flash_GetVersion
                0x000000000c002450       0x20 platform/libplatform_bl2.a(low_level_flash.o)
 .text.Flash_GetCapabilities
                0x000000000c002470        0x4 platform/libplatform_bl2.a(low_level_flash.o)
 .text.Flash_Uninitialize
                0x000000000c002474        0x4 platform/libplatform_bl2.a(low_level_flash.o)
 .text.Flash_PowerControl
                0x000000000c002478       0x16 platform/libplatform_bl2.a(low_level_flash.o)
 .text.Flash_EraseChip
                0x000000000c00248e        0x6 platform/libplatform_bl2.a(low_level_flash.o)
 .text.Flash_GetStatus
                0x000000000c002494        0xc platform/libplatform_bl2.a(low_level_flash.o)
 .text.Flash_GetInfo
                0x000000000c0024a0        0x8 platform/libplatform_bl2.a(low_level_flash.o)
 .text.Flash_Initialize
                0x000000000c0024a8        0xe platform/libplatform_bl2.a(low_level_flash.o)
 *fill*         0x000000000c0024b6        0x2 
 .text.is_range_secure.constprop.0
                0x000000000c0024b8       0x38 platform/libplatform_bl2.a(low_level_flash.o)
 .text.Flash_ReadData
                0x000000000c0024f0       0x94 platform/libplatform_bl2.a(low_level_flash.o)
 .text.Flash_ProgramData
                0x000000000c002584      0x104 platform/libplatform_bl2.a(low_level_flash.o)
 .text.Flash_EraseSector
                0x000000000c002688       0xc0 platform/libplatform_bl2.a(low_level_flash.o)
 .text.NMI_Handler
                0x000000000c002748       0x68 platform/libplatform_bl2.a(low_level_flash.o)
                0x000000000c002748                NMI_Handler
 .text.HAL_MspInit
                0x000000000c0027b0        0x2 platform/libplatform_bl2.a(stm32l5xx_hal.o)
                0x000000000c0027b0                HAL_MspInit
 .text.HAL_Init
                0x000000000c0027b2       0x22 platform/libplatform_bl2.a(stm32l5xx_hal.o)
                0x000000000c0027b2                HAL_Init
 .text.FLASH_Program_DoubleWord
                0x000000000c0027d4       0x3c platform/libplatform_bl2.a(stm32l5xx_hal_flash.o)
 .text.HAL_FLASH_Unlock
                0x000000000c002810       0x40 platform/libplatform_bl2.a(stm32l5xx_hal_flash.o)
                0x000000000c002810                HAL_FLASH_Unlock
 .text.HAL_FLASH_Lock
                0x000000000c002850       0x28 platform/libplatform_bl2.a(stm32l5xx_hal_flash.o)
                0x000000000c002850                HAL_FLASH_Lock
 .text.HAL_FLASH_OB_Unlock
                0x000000000c002878       0x24 platform/libplatform_bl2.a(stm32l5xx_hal_flash.o)
                0x000000000c002878                HAL_FLASH_OB_Unlock
 .text.HAL_FLASH_OB_Launch
                0x000000000c00289c       0x14 platform/libplatform_bl2.a(stm32l5xx_hal_flash.o)
                0x000000000c00289c                HAL_FLASH_OB_Launch
 .text.FLASH_WaitForLastOperation
                0x000000000c0028b0       0x78 platform/libplatform_bl2.a(stm32l5xx_hal_flash.o)
                0x000000000c0028b0                FLASH_WaitForLastOperation
 .text.HAL_FLASH_Program
                0x000000000c002928       0x6c platform/libplatform_bl2.a(stm32l5xx_hal_flash.o)
                0x000000000c002928                HAL_FLASH_Program
 .text.FLASH_MassErase
                0x000000000c002994       0x60 platform/libplatform_bl2.a(stm32l5xx_hal_flash_ex.o)
 .text.HAL_FLASHEx_OBProgram
                0x000000000c0029f4      0x268 platform/libplatform_bl2.a(stm32l5xx_hal_flash_ex.o)
                0x000000000c0029f4                HAL_FLASHEx_OBProgram
 .text.HAL_FLASHEx_OBGetConfig
                0x000000000c002c5c       0xfc platform/libplatform_bl2.a(stm32l5xx_hal_flash_ex.o)
                0x000000000c002c5c                HAL_FLASHEx_OBGetConfig
 .text.HAL_FLASHEx_ConfigPrivMode
                0x000000000c002d58       0x18 platform/libplatform_bl2.a(stm32l5xx_hal_flash_ex.o)
                0x000000000c002d58                HAL_FLASHEx_ConfigPrivMode
 .text.FLASH_PageErase
                0x000000000c002d70       0x64 platform/libplatform_bl2.a(stm32l5xx_hal_flash_ex.o)
                0x000000000c002d70                FLASH_PageErase
 .text.HAL_FLASHEx_Erase
                0x000000000c002dd4       0xac platform/libplatform_bl2.a(stm32l5xx_hal_flash_ex.o)
                0x000000000c002dd4                HAL_FLASHEx_Erase
 .text.HAL_PWREx_GetVoltageRange
                0x000000000c002e80       0x10 platform/libplatform_bl2.a(stm32l5xx_hal_pwr_ex.o)
                0x000000000c002e80                HAL_PWREx_GetVoltageRange
 .text.HAL_PWREx_EnableVddIO2
                0x000000000c002e90       0x10 platform/libplatform_bl2.a(stm32l5xx_hal_pwr_ex.o)
                0x000000000c002e90                HAL_PWREx_EnableVddIO2
 .text.HAL_PWREx_ConfigSRAM2ContentRetention
                0x000000000c002ea0       0x14 platform/libplatform_bl2.a(stm32l5xx_hal_pwr_ex.o)
                0x000000000c002ea0                HAL_PWREx_ConfigSRAM2ContentRetention
 .text.HAL_PWREx_EnableSRAM2ContentRetention
                0x000000000c002eb4        0x8 platform/libplatform_bl2.a(stm32l5xx_hal_pwr_ex.o)
                0x000000000c002eb4                HAL_PWREx_EnableSRAM2ContentRetention
 .text.HAL_PWREx_SMPS_GetEffectiveMode
                0x000000000c002ebc       0x1c platform/libplatform_bl2.a(stm32l5xx_hal_pwr_ex.o)
                0x000000000c002ebc                HAL_PWREx_SMPS_GetEffectiveMode
 .text.HAL_PWREx_ControlVoltageScaling
                0x000000000c002ed8       0x6c platform/libplatform_bl2.a(stm32l5xx_hal_pwr_ex.o)
                0x000000000c002ed8                HAL_PWREx_ControlVoltageScaling
 .text.RCC_SetFlashLatencyFromMSIRange
                0x000000000c002f44       0x74 platform/libplatform_bl2.a(stm32l5xx_hal_rcc.o)
 .text.HAL_RCC_GetSysClockFreq
                0x000000000c002fb8       0xa8 platform/libplatform_bl2.a(stm32l5xx_hal_rcc.o)
                0x000000000c002fb8                HAL_RCC_GetSysClockFreq
 .text.HAL_RCC_GetHCLKFreq
                0x000000000c003060       0x20 platform/libplatform_bl2.a(stm32l5xx_hal_rcc.o)
                0x000000000c003060                HAL_RCC_GetHCLKFreq
 .text.HAL_RCC_OscConfig
                0x000000000c003080      0x698 platform/libplatform_bl2.a(stm32l5xx_hal_rcc.o)
                0x000000000c003080                HAL_RCC_OscConfig
 .text.HAL_RCC_ClockConfig
                0x000000000c003718      0x20c platform/libplatform_bl2.a(stm32l5xx_hal_rcc.o)
                0x000000000c003718                HAL_RCC_ClockConfig
 .text.HAL_RCC_GetPCLK1Freq
                0x000000000c003924       0x20 platform/libplatform_bl2.a(stm32l5xx_hal_rcc.o)
                0x000000000c003924                HAL_RCC_GetPCLK1Freq
 .text.HAL_RCC_GetPCLK2Freq
                0x000000000c003944       0x20 platform/libplatform_bl2.a(stm32l5xx_hal_rcc.o)
                0x000000000c003944                HAL_RCC_GetPCLK2Freq
 .text.HAL_NVIC_SetPriorityGrouping
                0x000000000c003964       0x24 platform/libplatform_bl2.a(stm32l5xx_hal_cortex.o)
                0x000000000c003964                HAL_NVIC_SetPriorityGrouping
 .text.HAL_NVIC_SystemReset
                0x000000000c003988       0x24 platform/libplatform_bl2.a(stm32l5xx_hal_cortex.o)
                0x000000000c003988                HAL_NVIC_SystemReset
 .text.HAL_GPIO_Init
                0x000000000c0039ac      0x1ac platform/libplatform_bl2.a(stm32l5xx_hal_gpio.o)
                0x000000000c0039ac                HAL_GPIO_Init
 .text.HAL_GTZC_MPCBB_ConfigMem
                0x000000000c003b58       0xb0 platform/libplatform_bl2.a(stm32l5xx_hal_gtzc.o)
                0x000000000c003b58                HAL_GTZC_MPCBB_ConfigMem
 .text.HAL_GTZC_MPCBB_GetConfigMem
                0x000000000c003c08       0x68 platform/libplatform_bl2.a(stm32l5xx_hal_gtzc.o)
                0x000000000c003c08                HAL_GTZC_MPCBB_GetConfigMem
 .text.RNG_Init
                0x000000000c003c70       0x84 platform/libplatform_bl2.a(low_level_rng.o)
                0x000000000c003c70                RNG_Init
 .text.RNG_DeInit
                0x000000000c003cf4       0x28 platform/libplatform_bl2.a(low_level_rng.o)
                0x000000000c003cf4                RNG_DeInit
 .text.boot_platform_post_init
                0x000000000c003d1c        0xe platform/libplatform_bl2.a(boot_hal_bl2.o)
                0x000000000c003d1c                boot_platform_post_init
 .text.boot_platform_pre_load
                0x000000000c003d2a        0x4 platform/libplatform_bl2.a(boot_hal_bl2.o)
                0x000000000c003d2a                boot_platform_pre_load
 .text.boot_platform_post_load
                0x000000000c003d2e        0x4 platform/libplatform_bl2.a(boot_hal_bl2.o)
                0x000000000c003d2e                boot_platform_post_load
 .text.boot_platform_should_load_image
                0x000000000c003d32        0x4 platform/libplatform_bl2.a(boot_hal_bl2.o)
                0x000000000c003d32                boot_platform_should_load_image
 .text.boot_initiate_recovery_mode
                0x000000000c003d36        0x4 platform/libplatform_bl2.a(boot_hal_bl2.o)
                0x000000000c003d36                boot_initiate_recovery_mode
 *fill*         0x000000000c003d3a        0x2 
 .text.stdio_output_string
                0x000000000c003d3c       0x40 platform/libplatform_bl2.a(uart_stdout.o)
                0x000000000c003d3c                stdio_output_string
 .text._write   0x000000000c003d7c        0x8 platform/libplatform_bl2.a(uart_stdout.o)
                0x000000000c003d7c                _write
 .text.stdio_init
                0x000000000c003d84       0x30 platform/libplatform_bl2.a(uart_stdout.o)
                0x000000000c003d84                stdio_init
 .text.stdio_uninit
                0x000000000c003db4       0x20 platform/libplatform_bl2.a(uart_stdout.o)
                0x000000000c003db4                stdio_uninit
 .text.set_nv_counter_flash
                0x000000000c003dd4       0x3e platform/libplatform_bl2.a(nv_counters.o)
 .text.set_nv_counter_otp
                0x000000000c003e12       0x6c platform/libplatform_bl2.a(nv_counters.o)
 .text.read_nv_counter_otp.constprop.0
                0x000000000c003e7e       0x68 platform/libplatform_bl2.a(nv_counters.o)
 .text.tfm_plat_read_nv_counter.part.0
                0x000000000c003ee6       0x42 platform/libplatform_bl2.a(nv_counters.o)
 .text.tfm_plat_init_nv_counter
                0x000000000c003f28        0x4 platform/libplatform_bl2.a(nv_counters.o)
                0x000000000c003f28                tfm_plat_init_nv_counter
 .text.tfm_plat_read_nv_counter
                0x000000000c003f2c       0x10 platform/libplatform_bl2.a(nv_counters.o)
                0x000000000c003f2c                tfm_plat_read_nv_counter
 .text.tfm_plat_set_nv_counter
                0x000000000c003f3c       0x5a platform/libplatform_bl2.a(nv_counters.o)
                0x000000000c003f3c                tfm_plat_set_nv_counter
 *fill*         0x000000000c003f96        0x2 
 .text.erase_flash_region
                0x000000000c003f98       0x3c platform/libplatform_bl2.a(flash_otp_nv_counters_backend.o)
 .text.copy_flash_region
                0x000000000c003fd4       0x78 platform/libplatform_bl2.a(flash_otp_nv_counters_backend.o)
 .text.make_backup
                0x000000000c00404c       0x26 platform/libplatform_bl2.a(flash_otp_nv_counters_backend.o)
 *fill*         0x000000000c004072        0x2 
 .text.read_otp_nv_counters_flash
                0x000000000c004074       0x7c platform/libplatform_bl2.a(flash_otp_nv_counters_backend.o)
                0x000000000c004074                read_otp_nv_counters_flash
 .text.write_otp_nv_counters_flash
                0x000000000c0040f0      0x1b0 platform/libplatform_bl2.a(flash_otp_nv_counters_backend.o)
                0x000000000c0040f0                write_otp_nv_counters_flash
 .text.init_otp_nv_counters_flash
                0x000000000c0042a0      0x154 platform/libplatform_bl2.a(flash_otp_nv_counters_backend.o)
                0x000000000c0042a0                init_otp_nv_counters_flash
 .text.tfm_plat_otp_init
                0x000000000c0043f4        0x4 platform/libplatform_bl2.a(otp_flash.o)
                0x000000000c0043f4                tfm_plat_otp_init
 .text.tfm_plat_otp_get_size
                0x000000000c0043f8       0x9c platform/libplatform_bl2.a(otp_flash.o)
                0x000000000c0043f8                tfm_plat_otp_get_size
 .text.write_to_output
                0x000000000c004494       0x28 platform/libplatform_bl2.a(otp_flash.o)
 .text.tfm_plat_otp_read
                0x000000000c0044bc       0xee platform/libplatform_bl2.a(otp_flash.o)
                0x000000000c0044bc                tfm_plat_otp_read
 .text.read_from_input
                0x000000000c0045aa       0x54 platform/libplatform_bl2.a(otp_flash.o)
 .text.tfm_plat_otp_write
                0x000000000c0045fe       0xee platform/libplatform_bl2.a(otp_flash.o)
                0x000000000c0045fe                tfm_plat_otp_write
 .text.tfm_plat_otp_secure_provisioning_start
                0x000000000c0046ec        0x4 platform/libplatform_bl2.a(otp_flash.o)
                0x000000000c0046ec                tfm_plat_otp_secure_provisioning_start
 .text.tfm_plat_otp_secure_provisioning_finish
                0x000000000c0046f0        0x4 platform/libplatform_bl2.a(otp_flash.o)
                0x000000000c0046f0                tfm_plat_otp_secure_provisioning_finish
 .text.USART_GetVersion
                0x000000000c0046f4       0x20 platform/libplatform_bl2.a(low_level_com.o)
 .text.USART_GetCapabilities
                0x000000000c004714        0x4 platform/libplatform_bl2.a(low_level_com.o)
 .text.USART0_Uninitialize
                0x000000000c004718        0x4 platform/libplatform_bl2.a(low_level_com.o)
 .text.USART0_PowerControl
                0x000000000c00471c        0x4 platform/libplatform_bl2.a(low_level_com.o)
 .text.USART0_Transfer
                0x000000000c004720        0x6 platform/libplatform_bl2.a(low_level_com.o)
 .text.USART0_GetTxCount
                0x000000000c004726        0x4 platform/libplatform_bl2.a(low_level_com.o)
 .text.USART0_Control
                0x000000000c00472a        0x4 platform/libplatform_bl2.a(low_level_com.o)
 .text.USART0_GetStatus
                0x000000000c00472e        0xc platform/libplatform_bl2.a(low_level_com.o)
 .text.USART0_SetModemControl
                0x000000000c00473a        0x6 platform/libplatform_bl2.a(low_level_com.o)
 .text.USART0_GetModemStatus
                0x000000000c004740        0xc platform/libplatform_bl2.a(low_level_com.o)
 .text.USART0_Receive
                0x000000000c00474c       0x20 platform/libplatform_bl2.a(low_level_com.o)
 .text.USART0_Send
                0x000000000c00476c       0x24 platform/libplatform_bl2.a(low_level_com.o)
 .text.USART0_Initialize
                0x000000000c004790       0xc4 platform/libplatform_bl2.a(low_level_com.o)
 .text.USART0_GetRxCount
                0x000000000c004854        0x4 platform/libplatform_bl2.a(low_level_com.o)
 .text.RCCEx_PLLSAI1_Config
                0x000000000c004858       0xf8 platform/libplatform_bl2.a(stm32l5xx_hal_rcc_ex.o)
 .text.RCCEx_PLLSAI2_Config.constprop.0
                0x000000000c004950       0xb8 platform/libplatform_bl2.a(stm32l5xx_hal_rcc_ex.o)
 .text.HAL_RCCEx_PeriphCLKConfig
                0x000000000c004a08      0x4bc platform/libplatform_bl2.a(stm32l5xx_hal_rcc_ex.o)
                0x000000000c004a08                HAL_RCCEx_PeriphCLKConfig
 .text.HAL_UART_MspInit
                0x000000000c004ec4        0x2 platform/libplatform_bl2.a(stm32l5xx_hal_uart.o)
                0x000000000c004ec4                HAL_UART_MspInit
 .text.HAL_UART_RxCpltCallback
                0x000000000c004ec6        0x2 platform/libplatform_bl2.a(stm32l5xx_hal_uart.o)
                0x000000000c004ec6                HAL_UART_RxCpltCallback
 .text.HAL_UART_ErrorCallback
                0x000000000c004ec8        0x2 platform/libplatform_bl2.a(stm32l5xx_hal_uart.o)
                0x000000000c004ec8                HAL_UART_ErrorCallback
 .text.HAL_UARTEx_RxEventCallback
                0x000000000c004eca        0x2 platform/libplatform_bl2.a(stm32l5xx_hal_uart.o)
                0x000000000c004eca                HAL_UARTEx_RxEventCallback
 .text.UART_RxISR_8BIT
                0x000000000c004ecc       0x7a platform/libplatform_bl2.a(stm32l5xx_hal_uart.o)
 .text.UART_RxISR_16BIT
                0x000000000c004f46       0x76 platform/libplatform_bl2.a(stm32l5xx_hal_uart.o)
 .text.UART_RxISR_8BIT_FIFOEN
                0x000000000c004fbc      0x134 platform/libplatform_bl2.a(stm32l5xx_hal_uart.o)
 .text.UART_RxISR_16BIT_FIFOEN
                0x000000000c0050f0      0x12c platform/libplatform_bl2.a(stm32l5xx_hal_uart.o)
 .text.UART_SetConfig
                0x000000000c00521c      0x274 platform/libplatform_bl2.a(stm32l5xx_hal_uart.o)
                0x000000000c00521c                UART_SetConfig
 .text.UART_AdvFeatureConfig
                0x000000000c005490       0xaa platform/libplatform_bl2.a(stm32l5xx_hal_uart.o)
                0x000000000c005490                UART_AdvFeatureConfig
 .text.UART_WaitOnFlagUntilTimeout
                0x000000000c00553a       0x96 platform/libplatform_bl2.a(stm32l5xx_hal_uart.o)
                0x000000000c00553a                UART_WaitOnFlagUntilTimeout
 .text.HAL_UART_Transmit
                0x000000000c0055d0       0xb8 platform/libplatform_bl2.a(stm32l5xx_hal_uart.o)
                0x000000000c0055d0                HAL_UART_Transmit
 .text.UART_CheckIdleState
                0x000000000c005688       0x68 platform/libplatform_bl2.a(stm32l5xx_hal_uart.o)
                0x000000000c005688                UART_CheckIdleState
 .text.HAL_UART_Init
                0x000000000c0056f0       0x60 platform/libplatform_bl2.a(stm32l5xx_hal_uart.o)
                0x000000000c0056f0                HAL_UART_Init
 .text.UART_Start_Receive_IT
                0x000000000c005750       0xd8 platform/libplatform_bl2.a(stm32l5xx_hal_uart.o)
                0x000000000c005750                UART_Start_Receive_IT
 .text.HAL_UART_Receive_IT
                0x000000000c005828       0x4c platform/libplatform_bl2.a(stm32l5xx_hal_uart.o)
                0x000000000c005828                HAL_UART_Receive_IT
 .text.HAL_RNG_MspInit
                0x000000000c005874        0x2 platform/libplatform_bl2.a(stm32l5xx_hal_rng.o)
                0x000000000c005874                HAL_RNG_MspInit
 *fill*         0x000000000c005876        0x2 
 .text.HAL_RNG_Init
                0x000000000c005878       0xbc platform/libplatform_bl2.a(stm32l5xx_hal_rng.o)
                0x000000000c005878                HAL_RNG_Init
 .text.HAL_RNG_MspDeInit
                0x000000000c005934        0x2 platform/libplatform_bl2.a(stm32l5xx_hal_rng.o)
                0x000000000c005934                HAL_RNG_MspDeInit
 .text.HAL_RNG_DeInit
                0x000000000c005936       0x74 platform/libplatform_bl2.a(stm32l5xx_hal_rng.o)
                0x000000000c005936                HAL_RNG_DeInit
 .text.HAL_RNG_ErrorCallback
                0x000000000c0059aa        0x2 platform/libplatform_bl2.a(stm32l5xx_hal_rng.o)
                0x000000000c0059aa                HAL_RNG_ErrorCallback
 .text.RNG_RecoverSeedError
                0x000000000c0059ac       0x86 platform/libplatform_bl2.a(stm32l5xx_hal_rng.o)
                0x000000000c0059ac                RNG_RecoverSeedError
 .text.HAL_RNG_GenerateRandomNumber
                0x000000000c005a32       0x9e platform/libplatform_bl2.a(stm32l5xx_hal_rng.o)
                0x000000000c005a32                HAL_RNG_GenerateRandomNumber
 .text.verify_header
                0x000000000c005ad0       0x40 bl2/mbedcrypto/library/libmbedcrypto.a(memory_buffer_alloc.o)
 .text.verify_chain
                0x000000000c005b10       0x3c bl2/mbedcrypto/library/libmbedcrypto.a(memory_buffer_alloc.o)
 .text.buffer_alloc_calloc
                0x000000000c005b4c      0x118 bl2/mbedcrypto/library/libmbedcrypto.a(memory_buffer_alloc.o)
 .text.buffer_alloc_free
                0x000000000c005c64      0x10c bl2/mbedcrypto/library/libmbedcrypto.a(memory_buffer_alloc.o)
 .text.mbedtls_memory_buffer_alloc_init
                0x000000000c005d70       0x64 bl2/mbedcrypto/library/libmbedcrypto.a(memory_buffer_alloc.o)
                0x000000000c005d70                mbedtls_memory_buffer_alloc_init
 .text.mbedtls_platform_set_calloc_free
                0x000000000c005dd4       0x14 bl2/mbedcrypto/library/libmbedcrypto.a(platform.o)
                0x000000000c005dd4                mbedtls_platform_set_calloc_free
 .text.mbedtls_platform_zeroize
                0x000000000c005de8       0x18 bl2/mbedcrypto/library/libmbedcrypto.a(platform_util.o)
                0x000000000c005de8                mbedtls_platform_zeroize
 .text.mbedtls_psa_hash_abort
                0x000000000c005e00       0x24 bl2/mbedcrypto/library/libmbedcrypto.a(psa_crypto_hash.o)
                0x000000000c005e00                mbedtls_psa_hash_abort
 .text.mbedtls_psa_hash_setup
                0x000000000c005e24       0x58 bl2/mbedcrypto/library/libmbedcrypto.a(psa_crypto_hash.o)
                0x000000000c005e24                mbedtls_psa_hash_setup
 .text.mbedtls_psa_hash_update
                0x000000000c005e7c       0x24 bl2/mbedcrypto/library/libmbedcrypto.a(psa_crypto_hash.o)
                0x000000000c005e7c                mbedtls_psa_hash_update
 .text.mbedtls_psa_hash_finish
                0x000000000c005ea0       0x88 bl2/mbedcrypto/library/libmbedcrypto.a(psa_crypto_hash.o)
                0x000000000c005ea0                mbedtls_psa_hash_finish
 .text.mbedtls_sha256_init
                0x000000000c005f28        0x8 bl2/mbedcrypto/library/libmbedcrypto.a(sha256.o)
                0x000000000c005f28                mbedtls_sha256_init
 .text.mbedtls_sha256_free
                0x000000000c005f30        0xa bl2/mbedcrypto/library/libmbedcrypto.a(sha256.o)
                0x000000000c005f30                mbedtls_sha256_free
 *fill*         0x000000000c005f3a        0x2 
 .text.mbedtls_sha256_starts
                0x000000000c005f3c       0x5c bl2/mbedcrypto/library/libmbedcrypto.a(sha256.o)
                0x000000000c005f3c                mbedtls_sha256_starts
 .text.mbedtls_internal_sha256_process
                0x000000000c005f98      0x6bc bl2/mbedcrypto/library/libmbedcrypto.a(sha256.o)
                0x000000000c005f98                mbedtls_internal_sha256_process
 .text.mbedtls_sha256_update
                0x000000000c006654       0x7e bl2/mbedcrypto/library/libmbedcrypto.a(sha256.o)
                0x000000000c006654                mbedtls_sha256_update
 .text.mbedtls_sha256_finish
                0x000000000c0066d2      0x128 bl2/mbedcrypto/library/libmbedcrypto.a(sha256.o)
                0x000000000c0066d2                mbedtls_sha256_finish
 *fill*         0x000000000c0067fa        0x2 
 .text.p256_to_psa_error
                0x000000000c0067fc       0x18 bl2/mbedcrypto/3rdparty/p256-m/libbl2_p256m.a(p256-m_driver_entrypoints.o)
 .text.p256_transparent_verify_hash
                0x000000000c006814       0x52 bl2/mbedcrypto/3rdparty/p256-m/libbl2_p256m.a(p256-m_driver_entrypoints.o)
                0x000000000c006814                p256_transparent_verify_hash
 .text.u256_set32
                0x000000000c006866       0x12 bl2/mbedcrypto/3rdparty/p256-m/libbl2_p256m.a(p256-m.o)
 .text.u256_add
                0x000000000c006878       0x2c bl2/mbedcrypto/3rdparty/p256-m/libbl2_p256m.a(p256-m.o)
 .text.u256_sub
                0x000000000c0068a4       0x2e bl2/mbedcrypto/3rdparty/p256-m/libbl2_p256m.a(p256-m.o)
 .text.u256_cmov
                0x000000000c0068d2       0x22 bl2/mbedcrypto/3rdparty/p256-m/libbl2_p256m.a(p256-m.o)
 .text.u256_diff
                0x000000000c0068f4       0x1e bl2/mbedcrypto/3rdparty/p256-m/libbl2_p256m.a(p256-m.o)
 .text.u256_diff0
                0x000000000c006912       0x16 bl2/mbedcrypto/3rdparty/p256-m/libbl2_p256m.a(p256-m.o)
 .text.u288_muladd
                0x000000000c006928       0x62 bl2/mbedcrypto/3rdparty/p256-m/libbl2_p256m.a(p256-m.o)
 .text.u256_from_bytes
                0x000000000c00698a       0x2a bl2/mbedcrypto/3rdparty/p256-m/libbl2_p256m.a(p256-m.o)
 .text.m256_add
                0x000000000c0069b4       0x2a bl2/mbedcrypto/3rdparty/p256-m/libbl2_p256m.a(p256-m.o)
 .text.m256_mul
                0x000000000c0069de       0x84 bl2/mbedcrypto/3rdparty/p256-m/libbl2_p256m.a(p256-m.o)
 *fill*         0x000000000c006a62        0x2 
 .text.m256_mul_p
                0x000000000c006a64        0xc bl2/mbedcrypto/3rdparty/p256-m/libbl2_p256m.a(p256-m.o)
 .text.m256_prep
                0x000000000c006a70        0xc bl2/mbedcrypto/3rdparty/p256-m/libbl2_p256m.a(p256-m.o)
 .text.m256_done
                0x000000000c006a7c       0x20 bl2/mbedcrypto/3rdparty/p256-m/libbl2_p256m.a(p256-m.o)
 .text.m256_set32
                0x000000000c006a9c       0x16 bl2/mbedcrypto/3rdparty/p256-m/libbl2_p256m.a(p256-m.o)
 .text.m256_inv
                0x000000000c006ab2       0x60 bl2/mbedcrypto/3rdparty/p256-m/libbl2_p256m.a(p256-m.o)
 *fill*         0x000000000c006b12        0x2 
 .text.point_to_affine
                0x000000000c006b14       0x44 bl2/mbedcrypto/3rdparty/p256-m/libbl2_p256m.a(p256-m.o)
 .text.scalar_from_bytes
                0x000000000c006b58       0x40 bl2/mbedcrypto/3rdparty/p256-m/libbl2_p256m.a(p256-m.o)
 .text.ecdsa_m256_mod_n
                0x000000000c006b98       0x24 bl2/mbedcrypto/3rdparty/p256-m/libbl2_p256m.a(p256-m.o)
 .text.ecdsa_m256_from_hash
                0x000000000c006bbc       0x54 bl2/mbedcrypto/3rdparty/p256-m/libbl2_p256m.a(p256-m.o)
 .text.m256_sub_p
                0x000000000c006c10       0x28 bl2/mbedcrypto/3rdparty/p256-m/libbl2_p256m.a(p256-m.o)
 .text.point_add
                0x000000000c006c38       0xc2 bl2/mbedcrypto/3rdparty/p256-m/libbl2_p256m.a(p256-m.o)
 *fill*         0x000000000c006cfa        0x2 
 .text.point_from_bytes
                0x000000000c006cfc       0xa8 bl2/mbedcrypto/3rdparty/p256-m/libbl2_p256m.a(p256-m.o)
 .text.point_double
                0x000000000c006da4       0xe8 bl2/mbedcrypto/3rdparty/p256-m/libbl2_p256m.a(p256-m.o)
 .text.scalar_mult
                0x000000000c006e8c       0xd8 bl2/mbedcrypto/3rdparty/p256-m/libbl2_p256m.a(p256-m.o)
 .text.p256_ecdsa_verify
                0x000000000c006f64      0x16c bl2/mbedcrypto/3rdparty/p256-m/libbl2_p256m.a(p256-m.o)
                0x000000000c006f64                p256_ecdsa_verify
 .text          0x000000000c0070d0       0x38 /home/tmdals010126/zephyr-sdk-0.17.0/arm-zephyr-eabi/bin/../lib/gcc/arm-zephyr-eabi/12.2.0/thumb/v8-m.main/nofp/libgcc.a(cmse_nonsecure_call.o)
                0x000000000c0070d0                __gnu_cmse_nonsecure_call
 .text          0x000000000c007108       0x30 /home/tmdals010126/zephyr-sdk-0.17.0/arm-zephyr-eabi/bin/../lib/gcc/arm-zephyr-eabi/12.2.0/thumb/v8-m.main/nofp/libgcc.a(_aeabi_uldivmod.o)
                0x000000000c007108                __aeabi_uldivmod
 .text          0x000000000c007138      0x29c /home/tmdals010126/zephyr-sdk-0.17.0/arm-zephyr-eabi/bin/../lib/gcc/arm-zephyr-eabi/12.2.0/thumb/v8-m.main/nofp/libgcc.a(_udivmoddi4.o)
                0x000000000c007138                __udivmoddi4
 .text          0x000000000c0073d4        0x4 /home/tmdals010126/zephyr-sdk-0.17.0/arm-zephyr-eabi/bin/../lib/gcc/arm-zephyr-eabi/12.2.0/thumb/v8-m.main/nofp/libgcc.a(_dvmd_tls.o)
                0x000000000c0073d4                __aeabi_ldiv0
                0x000000000c0073d4                __aeabi_idiv0
 .text.calloc   0x000000000c0073d8       0x10 /home/tmdals010126/zephyr-sdk-0.17.0/arm-zephyr-eabi/bin/../lib/gcc/arm-zephyr-eabi/12.2.0/../../../../arm-zephyr-eabi/lib/thumb/v8-m.main/nofp/libc_nano.a(lib_a-calloc.o)
                0x000000000c0073d8                calloc
 .text.exit     0x000000000c0073e8       0x28 /home/tmdals010126/zephyr-sdk-0.17.0/arm-zephyr-eabi/bin/../lib/gcc/arm-zephyr-eabi/12.2.0/../../../../arm-zephyr-eabi/lib/thumb/v8-m.main/nofp/libc_nano.a(lib_a-exit.o)
                0x000000000c0073e8                exit
 .text.__libc_init_array
                0x000000000c007410       0x48 /home/tmdals010126/zephyr-sdk-0.17.0/arm-zephyr-eabi/bin/../lib/gcc/arm-zephyr-eabi/12.2.0/../../../../arm-zephyr-eabi/lib/thumb/v8-m.main/nofp/libc_nano.a(lib_a-init.o)
                0x000000000c007410                __libc_init_array
 .text.free     0x000000000c007458       0x10 /home/tmdals010126/zephyr-sdk-0.17.0/arm-zephyr-eabi/bin/../lib/gcc/arm-zephyr-eabi/12.2.0/../../../../arm-zephyr-eabi/lib/thumb/v8-m.main/nofp/libc_nano.a(lib_a-malloc.o)
                0x000000000c007458                free
 .text.memcmp   0x000000000c007468       0x20 /home/tmdals010126/zephyr-sdk-0.17.0/arm-zephyr-eabi/bin/../lib/gcc/arm-zephyr-eabi/12.2.0/../../../../arm-zephyr-eabi/lib/thumb/v8-m.main/nofp/libc_nano.a(lib_a-memcmp.o)
                0x000000000c007468                memcmp
 .text.memcpy   0x000000000c007488       0x1a /home/tmdals010126/zephyr-sdk-0.17.0/arm-zephyr-eabi/bin/../lib/gcc/arm-zephyr-eabi/12.2.0/../../../../arm-zephyr-eabi/lib/thumb/v8-m.main/nofp/libc_nano.a(lib_a-memcpy-stub.o)
                0x000000000c007488                memcpy
 .text.memset   0x000000000c0074a2       0x10 /home/tmdals010126/zephyr-sdk-0.17.0/arm-zephyr-eabi/bin/../lib/gcc/arm-zephyr-eabi/12.2.0/../../../../arm-zephyr-eabi/lib/thumb/v8-m.main/nofp/libc_nano.a(lib_a-memset.o)
                0x000000000c0074a2                memset
 .text._calloc_r
                0x000000000c0074b2       0x1c /home/tmdals010126/zephyr-sdk-0.17.0/arm-zephyr-eabi/bin/../lib/gcc/arm-zephyr-eabi/12.2.0/../../../../arm-zephyr-eabi/lib/thumb/v8-m.main/nofp/libc_nano.a(lib_a-nano-callocr.o)
                0x000000000c0074b2                _calloc_r
 *fill*         0x000000000c0074ce        0x2 
 .text._free_r  0x000000000c0074d0       0x94 /home/tmdals010126/zephyr-sdk-0.17.0/arm-zephyr-eabi/bin/../lib/gcc/arm-zephyr-eabi/12.2.0/../../../../arm-zephyr-eabi/lib/thumb/v8-m.main/nofp/libc_nano.a(lib_a-nano-freer.o)
                0x000000000c0074d0                _free_r
 .text._malloc_r
                0x000000000c007564       0xb4 /home/tmdals010126/zephyr-sdk-0.17.0/arm-zephyr-eabi/bin/../lib/gcc/arm-zephyr-eabi/12.2.0/../../../../arm-zephyr-eabi/lib/thumb/v8-m.main/nofp/libc_nano.a(lib_a-nano-mallocr.o)
                0x000000000c007564                _malloc_r
 .text.printf   0x000000000c007618       0x30 /home/tmdals010126/zephyr-sdk-0.17.0/arm-zephyr-eabi/bin/../lib/gcc/arm-zephyr-eabi/12.2.0/../../../../arm-zephyr-eabi/lib/thumb/v8-m.main/nofp/libc_nano.a(lib_a-printf.o)
                0x000000000c007618                printf
                0x000000000c007618                iprintf
 .text._sbrk_r  0x000000000c007648       0x20 /home/tmdals010126/zephyr-sdk-0.17.0/arm-zephyr-eabi/bin/../lib/gcc/arm-zephyr-eabi/12.2.0/../../../../arm-zephyr-eabi/lib/thumb/v8-m.main/nofp/libc_nano.a(lib_a-sbrkr.o)
                0x000000000c007648                _sbrk_r
 .text.std      0x000000000c007668       0x48 /home/tmdals010126/zephyr-sdk-0.17.0/arm-zephyr-eabi/bin/../lib/gcc/arm-zephyr-eabi/12.2.0/../../../../arm-zephyr-eabi/lib/thumb/v8-m.main/nofp/libc_nano.a(lib_a-findfp.o)
 .text._cleanup_r
                0x000000000c0076b0        0xc /home/tmdals010126/zephyr-sdk-0.17.0/arm-zephyr-eabi/bin/../lib/gcc/arm-zephyr-eabi/12.2.0/../../../../arm-zephyr-eabi/lib/thumb/v8-m.main/nofp/libc_nano.a(lib_a-findfp.o)
                0x000000000c0076b0                _cleanup_r
 .text.__sfmoreglue
                0x000000000c0076bc       0x2c /home/tmdals010126/zephyr-sdk-0.17.0/arm-zephyr-eabi/bin/../lib/gcc/arm-zephyr-eabi/12.2.0/../../../../arm-zephyr-eabi/lib/thumb/v8-m.main/nofp/libc_nano.a(lib_a-findfp.o)
                0x000000000c0076bc                __sfmoreglue
 .text.__sfp_lock_acquire
                0x000000000c0076e8        0xc /home/tmdals010126/zephyr-sdk-0.17.0/arm-zephyr-eabi/bin/../lib/gcc/arm-zephyr-eabi/12.2.0/../../../../arm-zephyr-eabi/lib/thumb/v8-m.main/nofp/libc_nano.a(lib_a-findfp.o)
                0x000000000c0076e8                __sfp_lock_acquire
 .text.__sfp_lock_release
                0x000000000c0076f4        0xc /home/tmdals010126/zephyr-sdk-0.17.0/arm-zephyr-eabi/bin/../lib/gcc/arm-zephyr-eabi/12.2.0/../../../../arm-zephyr-eabi/lib/thumb/v8-m.main/nofp/libc_nano.a(lib_a-findfp.o)
                0x000000000c0076f4                __sfp_lock_release
 .text.__sinit_lock_acquire
                0x000000000c007700        0xc /home/tmdals010126/zephyr-sdk-0.17.0/arm-zephyr-eabi/bin/../lib/gcc/arm-zephyr-eabi/12.2.0/../../../../arm-zephyr-eabi/lib/thumb/v8-m.main/nofp/libc_nano.a(lib_a-findfp.o)
                0x000000000c007700                __sinit_lock_acquire
 .text.__sinit_lock_release
                0x000000000c00770c        0xc /home/tmdals010126/zephyr-sdk-0.17.0/arm-zephyr-eabi/bin/../lib/gcc/arm-zephyr-eabi/12.2.0/../../../../arm-zephyr-eabi/lib/thumb/v8-m.main/nofp/libc_nano.a(lib_a-findfp.o)
                0x000000000c00770c                __sinit_lock_release
 .text.__sinit  0x000000000c007718       0x70 /home/tmdals010126/zephyr-sdk-0.17.0/arm-zephyr-eabi/bin/../lib/gcc/arm-zephyr-eabi/12.2.0/../../../../arm-zephyr-eabi/lib/thumb/v8-m.main/nofp/libc_nano.a(lib_a-findfp.o)
                0x000000000c007718                __sinit
 .text.__sfp    0x000000000c007788       0x8c /home/tmdals010126/zephyr-sdk-0.17.0/arm-zephyr-eabi/bin/../lib/gcc/arm-zephyr-eabi/12.2.0/../../../../arm-zephyr-eabi/lib/thumb/v8-m.main/nofp/libc_nano.a(lib_a-findfp.o)
                0x000000000c007788                __sfp
 .text._fwalk_reent
                0x000000000c007814       0x3e /home/tmdals010126/zephyr-sdk-0.17.0/arm-zephyr-eabi/bin/../lib/gcc/arm-zephyr-eabi/12.2.0/../../../../arm-zephyr-eabi/lib/thumb/v8-m.main/nofp/libc_nano.a(lib_a-fwalk.o)
                0x000000000c007814                _fwalk_reent
 .text.__retarget_lock_init_recursive
                0x000000000c007852        0x2 /home/tmdals010126/zephyr-sdk-0.17.0/arm-zephyr-eabi/bin/../lib/gcc/arm-zephyr-eabi/12.2.0/../../../../arm-zephyr-eabi/lib/thumb/v8-m.main/nofp/libc_nano.a(lib_a-lock.o)
                0x000000000c007852                __retarget_lock_init_recursive
 .text.__retarget_lock_acquire_recursive
                0x000000000c007854        0x2 /home/tmdals010126/zephyr-sdk-0.17.0/arm-zephyr-eabi/bin/../lib/gcc/arm-zephyr-eabi/12.2.0/../../../../arm-zephyr-eabi/lib/thumb/v8-m.main/nofp/libc_nano.a(lib_a-lock.o)
                0x000000000c007854                __retarget_lock_acquire_recursive
 .text.__retarget_lock_release_recursive
                0x000000000c007856        0x2 /home/tmdals010126/zephyr-sdk-0.17.0/arm-zephyr-eabi/bin/../lib/gcc/arm-zephyr-eabi/12.2.0/../../../../arm-zephyr-eabi/lib/thumb/v8-m.main/nofp/libc_nano.a(lib_a-lock.o)
                0x000000000c007856                __retarget_lock_release_recursive
 .text.__malloc_lock
                0x000000000c007858        0xc /home/tmdals010126/zephyr-sdk-0.17.0/arm-zephyr-eabi/bin/../lib/gcc/arm-zephyr-eabi/12.2.0/../../../../arm-zephyr-eabi/lib/thumb/v8-m.main/nofp/libc_nano.a(lib_a-mlock.o)
                0x000000000c007858                __malloc_lock
 .text.__malloc_unlock
                0x000000000c007864        0xc /home/tmdals010126/zephyr-sdk-0.17.0/arm-zephyr-eabi/bin/../lib/gcc/arm-zephyr-eabi/12.2.0/../../../../arm-zephyr-eabi/lib/thumb/v8-m.main/nofp/libc_nano.a(lib_a-mlock.o)
                0x000000000c007864                __malloc_unlock
 .text.__sfputc_r
                0x000000000c007870       0x2a /home/tmdals010126/zephyr-sdk-0.17.0/arm-zephyr-eabi/bin/../lib/gcc/arm-zephyr-eabi/12.2.0/../../../../arm-zephyr-eabi/lib/thumb/v8-m.main/nofp/libc_nano.a(lib_a-nano-vfprintf.o)
 .text.__sfputs_r
                0x000000000c00789a       0x24 /home/tmdals010126/zephyr-sdk-0.17.0/arm-zephyr-eabi/bin/../lib/gcc/arm-zephyr-eabi/12.2.0/../../../../arm-zephyr-eabi/lib/thumb/v8-m.main/nofp/libc_nano.a(lib_a-nano-vfprintf.o)
                0x000000000c00789a                __sfputs_r
 *fill*         0x000000000c0078be        0x2 
 .text._vfprintf_r
                0x000000000c0078c0      0x258 /home/tmdals010126/zephyr-sdk-0.17.0/arm-zephyr-eabi/bin/../lib/gcc/arm-zephyr-eabi/12.2.0/../../../../arm-zephyr-eabi/lib/thumb/v8-m.main/nofp/libc_nano.a(lib_a-nano-vfprintf.o)
                0x000000000c0078c0                _vfiprintf_r
                0x000000000c0078c0                _vfprintf_r
 .text._printf_common
                0x000000000c007b18       0xe4 /home/tmdals010126/zephyr-sdk-0.17.0/arm-zephyr-eabi/bin/../lib/gcc/arm-zephyr-eabi/12.2.0/../../../../arm-zephyr-eabi/lib/thumb/v8-m.main/nofp/libc_nano.a(lib_a-nano-vfprintf_i.o)
                0x000000000c007b18                _printf_common
 .text._printf_i
                0x000000000c007bfc      0x25c /home/tmdals010126/zephyr-sdk-0.17.0/arm-zephyr-eabi/bin/../lib/gcc/arm-zephyr-eabi/12.2.0/../../../../arm-zephyr-eabi/lib/thumb/v8-m.main/nofp/libc_nano.a(lib_a-nano-vfprintf_i.o)
                0x000000000c007bfc                _printf_i
 .text.__sread  0x000000000c007e58       0x22 /home/tmdals010126/zephyr-sdk-0.17.0/arm-zephyr-eabi/bin/../lib/gcc/arm-zephyr-eabi/12.2.0/../../../../arm-zephyr-eabi/lib/thumb/v8-m.main/nofp/libc_nano.a(lib_a-stdio.o)
                0x000000000c007e58                __sread
 .text.__swrite
                0x000000000c007e7a       0x38 /home/tmdals010126/zephyr-sdk-0.17.0/arm-zephyr-eabi/bin/../lib/gcc/arm-zephyr-eabi/12.2.0/../../../../arm-zephyr-eabi/lib/thumb/v8-m.main/nofp/libc_nano.a(lib_a-stdio.o)
                0x000000000c007e7a                __swrite
 .text.__sseek  0x000000000c007eb2       0x24 /home/tmdals010126/zephyr-sdk-0.17.0/arm-zephyr-eabi/bin/../lib/gcc/arm-zephyr-eabi/12.2.0/../../../../arm-zephyr-eabi/lib/thumb/v8-m.main/nofp/libc_nano.a(lib_a-stdio.o)
                0x000000000c007eb2                __sseek
 .text.__sclose
                0x000000000c007ed6        0x8 /home/tmdals010126/zephyr-sdk-0.17.0/arm-zephyr-eabi/bin/../lib/gcc/arm-zephyr-eabi/12.2.0/../../../../arm-zephyr-eabi/lib/thumb/v8-m.main/nofp/libc_nano.a(lib_a-stdio.o)
                0x000000000c007ed6                __sclose
 *fill*         0x000000000c007ede        0x2 
 .text.__swbuf_r
                0x000000000c007ee0       0xa4 /home/tmdals010126/zephyr-sdk-0.17.0/arm-zephyr-eabi/bin/../lib/gcc/arm-zephyr-eabi/12.2.0/../../../../arm-zephyr-eabi/lib/thumb/v8-m.main/nofp/libc_nano.a(lib_a-wbuf.o)
                0x000000000c007ee0                __swbuf_r
 .text._write_r
                0x000000000c007f84       0x24 /home/tmdals010126/zephyr-sdk-0.17.0/arm-zephyr-eabi/bin/../lib/gcc/arm-zephyr-eabi/12.2.0/../../../../arm-zephyr-eabi/lib/thumb/v8-m.main/nofp/libc_nano.a(lib_a-writer.o)
                0x000000000c007f84                _write_r
 .text.__swsetup_r
                0x000000000c007fa8       0xd8 /home/tmdals010126/zephyr-sdk-0.17.0/arm-zephyr-eabi/bin/../lib/gcc/arm-zephyr-eabi/12.2.0/../../../../arm-zephyr-eabi/lib/thumb/v8-m.main/nofp/libc_nano.a(lib_a-wsetup.o)
                0x000000000c007fa8                __swsetup_r
 .text._close_r
                0x000000000c008080       0x20 /home/tmdals010126/zephyr-sdk-0.17.0/arm-zephyr-eabi/bin/../lib/gcc/arm-zephyr-eabi/12.2.0/../../../../arm-zephyr-eabi/lib/thumb/v8-m.main/nofp/libc_nano.a(lib_a-closer.o)
                0x000000000c008080                _close_r
 .text.__sflush_r
                0x000000000c0080a0       0xfe /home/tmdals010126/zephyr-sdk-0.17.0/arm-zephyr-eabi/bin/../lib/gcc/arm-zephyr-eabi/12.2.0/../../../../arm-zephyr-eabi/lib/thumb/v8-m.main/nofp/libc_nano.a(lib_a-fflush.o)
                0x000000000c0080a0                __sflush_r
 *fill*         0x000000000c00819e        0x2 
 .text._fflush_r
                0x000000000c0081a0       0x78 /home/tmdals010126/zephyr-sdk-0.17.0/arm-zephyr-eabi/bin/../lib/gcc/arm-zephyr-eabi/12.2.0/../../../../arm-zephyr-eabi/lib/thumb/v8-m.main/nofp/libc_nano.a(lib_a-fflush.o)
                0x000000000c0081a0                _fflush_r
 .text._lseek_r
                0x000000000c008218       0x24 /home/tmdals010126/zephyr-sdk-0.17.0/arm-zephyr-eabi/bin/../lib/gcc/arm-zephyr-eabi/12.2.0/../../../../arm-zephyr-eabi/lib/thumb/v8-m.main/nofp/libc_nano.a(lib_a-lseekr.o)
                0x000000000c008218                _lseek_r
 .text.__swhatbuf_r
                0x000000000c00823c       0x4a /home/tmdals010126/zephyr-sdk-0.17.0/arm-zephyr-eabi/bin/../lib/gcc/arm-zephyr-eabi/12.2.0/../../../../arm-zephyr-eabi/lib/thumb/v8-m.main/nofp/libc_nano.a(lib_a-makebuf.o)
                0x000000000c00823c                __swhatbuf_r
 *fill*         0x000000000c008286        0x2 
 .text.__smakebuf_r
                0x000000000c008288       0x80 /home/tmdals010126/zephyr-sdk-0.17.0/arm-zephyr-eabi/bin/../lib/gcc/arm-zephyr-eabi/12.2.0/../../../../arm-zephyr-eabi/lib/thumb/v8-m.main/nofp/libc_nano.a(lib_a-makebuf.o)
                0x000000000c008288                __smakebuf_r
 .text.memchr   0x000000000c008308       0x1c /home/tmdals010126/zephyr-sdk-0.17.0/arm-zephyr-eabi/bin/../lib/gcc/arm-zephyr-eabi/12.2.0/../../../../arm-zephyr-eabi/lib/thumb/v8-m.main/nofp/libc_nano.a(lib_a-memchr-stub.o)
                0x000000000c008308                memchr
 .text._read_r  0x000000000c008324       0x24 /home/tmdals010126/zephyr-sdk-0.17.0/arm-zephyr-eabi/bin/../lib/gcc/arm-zephyr-eabi/12.2.0/../../../../arm-zephyr-eabi/lib/thumb/v8-m.main/nofp/libc_nano.a(lib_a-readr.o)
                0x000000000c008324                _read_r
 .text._fstat_r
                0x000000000c008348       0x24 /home/tmdals010126/zephyr-sdk-0.17.0/arm-zephyr-eabi/bin/../lib/gcc/arm-zephyr-eabi/12.2.0/../../../../arm-zephyr-eabi/lib/thumb/v8-m.main/nofp/libc_nano.a(lib_a-fstatr.o)
                0x000000000c008348                _fstat_r
 .text._isatty_r
                0x000000000c00836c       0x20 /home/tmdals010126/zephyr-sdk-0.17.0/arm-zephyr-eabi/bin/../lib/gcc/arm-zephyr-eabi/12.2.0/../../../../arm-zephyr-eabi/lib/thumb/v8-m.main/nofp/libc_nano.a(lib_a-isattyr.o)
                0x000000000c00836c                _isatty_r
 .text._sbrk    0x000000000c00838c       0x20 /home/tmdals010126/zephyr-sdk-0.17.0/arm-zephyr-eabi/bin/../lib/gcc/arm-zephyr-eabi/12.2.0/../../../../arm-zephyr-eabi/lib/thumb/v8-m.main/nofp/libnosys.a(sbrk.o)
                0x000000000c00838c                _sbrk
 .text._exit    0x000000000c0083ac        0x4 /home/tmdals010126/zephyr-sdk-0.17.0/arm-zephyr-eabi/bin/../lib/gcc/arm-zephyr-eabi/12.2.0/../../../../arm-zephyr-eabi/lib/thumb/v8-m.main/nofp/libnosys.a(_exit.o)
                0x000000000c0083ac                _exit
                0x000000000c0083b0                . = ALIGN (0x4)
                0x000000000c0083b0                PROVIDE (__preinit_array_start = .)
 *(.preinit_array)
                0x000000000c0083b0                PROVIDE (__preinit_array_end = .)
                0x000000000c0083b0                . = ALIGN (0x4)
                0x000000000c0083b0                PROVIDE (__init_array_start = .)
 *(SORT_BY_NAME(.init_array.*))
 *(.init_array)
 .init_array    0x000000000c0083b0        0x4 /home/tmdals010126/zephyr-sdk-0.17.0/arm-zephyr-eabi/bin/../lib/gcc/arm-zephyr-eabi/12.2.0/thumb/v8-m.main/nofp/crtbegin.o
                0x000000000c0083b4                PROVIDE (__init_array_end = .)
                0x000000000c0083b4                . = ALIGN (0x4)
                [!provide]                        PROVIDE (__fini_array_start = .)
 *(SORT_BY_NAME(.fini_array.*))
 *(.fini_array)
 .fini_array    0x000000000c0083b4        0x4 /home/tmdals010126/zephyr-sdk-0.17.0/arm-zephyr-eabi/bin/../lib/gcc/arm-zephyr-eabi/12.2.0/thumb/v8-m.main/nofp/crtbegin.o
                [!provide]                        PROVIDE (__fini_array_end = .)
                0x000000000c0083b8                . = ALIGN (0x4)
                0x000000000c0083b8                __copy_table_start__ = .
                0x000000000c0083b8        0x4 LONG 0xc0093e8 __etext
                0x000000000c0083bc        0x4 LONG 0x30030000 __data_start__
                0x000000000c0083c0        0x4 LONG 0x4b ((__data_end__ - __data_start__) / 0x4)
                0x000000000c0083c4        0x4 LONG 0x0 DEFINED (__etext2)?__etext2:0x0
                0x000000000c0083c8        0x4 LONG 0x0 DEFINED (__data2_start__)?__data2_start__:0x0
                0x000000000c0083cc        0x4 LONG 0x0 DEFINED (__data2_start__)?((__data2_end__ - __data2_start__) / 0x4):0x0
                0x000000000c0083d0                __copy_table_end__ = .
                0x000000000c0083d0                . = ALIGN (0x4)
                0x000000000c0083d0                __zero_table_start__ = .
                0x000000000c0083d0        0x4 LONG 0x3003012c __bss_start__
                0x000000000c0083d4        0x4 LONG 0xed3 ((__bss_end__ - __bss_start__) / 0x4)
                0x000000000c0083d8        0x4 LONG 0x0 DEFINED (__bss2_start__)?__bss2_start__:0x0
                0x000000000c0083dc        0x4 LONG 0x0 DEFINED (__bss2_start__)?((__bss2_end__ - __bss2_start__) / 0x4):0x0
                0x000000000c0083e0                __zero_table_end__ = .
 *(.init)
 .init          0x000000000c0083e0        0x4 /home/tmdals010126/zephyr-sdk-0.17.0/arm-zephyr-eabi/bin/../lib/gcc/arm-zephyr-eabi/12.2.0/thumb/v8-m.main/nofp/crti.o
                0x000000000c0083e0                _init
 .init          0x000000000c0083e4        0x8 /home/tmdals010126/zephyr-sdk-0.17.0/arm-zephyr-eabi/bin/../lib/gcc/arm-zephyr-eabi/12.2.0/thumb/v8-m.main/nofp/crtn.o
 *(.fini)
 .fini          0x000000000c0083ec        0x4 /home/tmdals010126/zephyr-sdk-0.17.0/arm-zephyr-eabi/bin/../lib/gcc/arm-zephyr-eabi/12.2.0/thumb/v8-m.main/nofp/crti.o
                0x000000000c0083ec                _fini
 .fini          0x000000000c0083f0        0x8 /home/tmdals010126/zephyr-sdk-0.17.0/arm-zephyr-eabi/bin/../lib/gcc/arm-zephyr-eabi/12.2.0/thumb/v8-m.main/nofp/crtn.o
 *crtbegin.o(.ctors)
 *crtbegin?.o(.ctors)
 *(EXCLUDE_FILE(*crtend.o *crtend?.o) .ctors)
 *(SORT_BY_NAME(.ctors.*))
 *(.ctors)
 *crtbegin.o(.dtors)
 *crtbegin?.o(.dtors)
 *(EXCLUDE_FILE(*crtend.o *crtend?.o) .dtors)
 *(SORT_BY_NAME(.dtors.*))
 *(.dtors)
 *(.rodata*)
 .rodata.data_width_byte
                0x000000000c0083f8        0xc bl2/CMakeFiles/bl2.dir/src/flash_map.o
 .rodata.flash_map_entry_num
                0x000000000c008404        0x4 bl2/CMakeFiles/bl2.dir/src/default_flash_map.o
                0x000000000c008404                flash_map_entry_num