Archive member included to satisfy reference by file (symbol)

platform/libplatform_s.a(system_stm32l5xx.o)
                              secure_fw/CMakeFiles/tfm_s.dir/__/platform/ext/target/stm/common/stm32l5xx/Device/Source/startup_stm32l5xx_s.o (SystemInit)
platform/libplatform_s.a(stm32l5xx_hal_dma.o)
                              secure_fw/CMakeFiles/tfm_s.dir/__/platform/ext/target/stm/common/stm32l5xx/hal/Src/stm32l5xx_hal_hash.o (HAL_DMA_Start_IT)
platform/libplatform_s.a(stm32l5xx_hal_rcc_ex.o)
                              secure_fw/CMakeFiles/tfm_s.dir/__/platform/ext/target/stm/common/hal/Native_Driver/low_level_rng.o (HAL_RCCEx_PeriphCLKConfig)
platform/libplatform_s.a(stm32l5xx_hal_rng.o)
                              secure_fw/CMakeFiles/tfm_s.dir/__/platform/ext/target/stm/common/hal/Native_Driver/low_level_rng.o (HAL_RNG_Init)
platform/libplatform_s.a(exception_info.o)
                              secure_fw/CMakeFiles/tfm_s.dir/__/platform/ext/common/faults.o (store_and_dump_context)
platform/libplatform_s.a(stm32l5xx_hal_pwr.o)
                              platform/libplatform_s.a(stm32l5xx_hal_rcc_ex.o) (HAL_PWR_EnableBkUpAccess)
platform/libplatform_s.a(stm32l5xx_hal_pwr_ex.o)
                              platform/libplatform_s.a(stm32l5xx_hal_pwr.o) (HAL_PWREx_EnableLowPowerRunMode)
platform/libplatform_s.a(stm32l5xx_hal_gpio.o)
                              platform/libplatform_s.a(stm32l5xx_hal_rcc_ex.o) (HAL_GPIO_Init)
platform/libplatform_s.a(stm32l5xx_hal_rcc.o)
                              platform/libplatform_s.a(stm32l5xx_hal_rcc_ex.o) (HAL_RCC_GetSysClockFreq)
platform/libplatform_s.a(tfm_hal_spm_logdev_peripheral.o)
                              platform/libplatform_s.a(exception_info.o) (tfm_hal_output_spm_log)
platform/libplatform_s.a(stm32l5xx_hal.o)
                              platform/libplatform_s.a(stm32l5xx_hal_rcc.o) (uwTickPrio)
platform/libplatform_s.a(stm32l5xx_hal_cortex.o)
                              platform/libplatform_s.a(stm32l5xx_hal.o) (HAL_NVIC_SetPriorityGrouping)
platform/libplatform_s.a(uart_stdout.o)
                              platform/libplatform_s.a(tfm_hal_spm_logdev_peripheral.o) (stdio_output_string)
platform/libplatform_s.a(low_level_com.o)
                              platform/libplatform_s.a(uart_stdout.o) (Driver_USART0)
platform/libplatform_s.a(stm32l5xx_hal_uart.o)
                              platform/libplatform_s.a(low_level_com.o) (HAL_UART_Transmit)
platform/libplatform_s.a(stm32l5xx_hal_uart_ex.o)
                              platform/libplatform_s.a(stm32l5xx_hal_uart.o) (HAL_UARTEx_WakeupCallback)
secure_fw/partitions/lib/runtime/libtfm_sprt.a(crt_memcpy.o)
                              platform/libplatform_s.a(exception_info.o) (memcpy)
secure_fw/partitions/lib/runtime/libtfm_sprt.a(crt_memset.o)
                              /home/tmdals010126/zephyr-sdk-0.17.0/arm-zephyr-eabi/bin/../lib/gcc/arm-zephyr-eabi/12.2.0/../../../../arm-zephyr-eabi/lib/thumb/v8-m.main/nofp/crt0.o (memset)
secure_fw/partitions/lib/runtime/libtfm_sprt.a(psa_api_ipc.o)
                              secure_fw/CMakeFiles/tfm_s.dir/partitions/ns_agent_tz/psa_api_veneers_v80m.o (psa_framework_version)
secure_fw/partitions/lib/runtime/libtfm_sprt.a(sprt_partition_metadata_indicator.o)
                              secure_fw/partitions/lib/runtime/libtfm_sprt.a(psa_api_ipc.o) (p_partition_metadata)
secure_fw/spm/libtfm_spm.a(utilities.o)
                              secure_fw/CMakeFiles/tfm_s.dir/__/platform/ext/common/faults.o (tfm_core_panic)
secure_fw/spm/libtfm_spm.a(spm_log.o)
                              platform/libplatform_s.a(exception_info.o) (spm_log_msgval)
secure_fw/spm/libtfm_spm.a(main.o)
                              /home/tmdals010126/zephyr-sdk-0.17.0/arm-zephyr-eabi/bin/../lib/gcc/arm-zephyr-eabi/12.2.0/../../../../arm-zephyr-eabi/lib/thumb/v8-m.main/nofp/crt0.o (main)
secure_fw/spm/libtfm_spm.a(tfm_arch_v8m_main.o)
                              secure_fw/spm/libtfm_spm.a(main.o) (tfm_arch_set_secure_exception_priorities)
secure_fw/spm/libtfm_spm.a(ns_agent_tz_v80m.o)
                              secure_fw/CMakeFiles/tfm_s.dir/partitions/ns_agent_tz/load_info_ns_agent_tz.o (ns_agent_tz_main)
secure_fw/spm/libtfm_spm.a(tfm_hal_isolation.o)
                              secure_fw/spm/libtfm_spm.a(main.o) (tfm_hal_set_up_static_boundaries)
secure_fw/spm/libtfm_spm.a(tfm_hal_platform.o)
                              secure_fw/spm/libtfm_spm.a(main.o) (tfm_hal_platform_init)
secure_fw/spm/libtfm_spm.a(tfm_boot_data.o)
                              secure_fw/spm/libtfm_spm.a(main.o) (tfm_core_validate_boot_data)
secure_fw/spm/libtfm_spm.a(spm_ipc.o)
                              secure_fw/spm/libtfm_spm.a(tfm_boot_data.o) (tfm_spm_partition_get_running_partition_id)
secure_fw/spm/libtfm_spm.a(rom_loader.o)
                              secure_fw/spm/libtfm_spm.a(spm_ipc.o) (load_a_partition_assuredly)
[...]
Memory Configuration

Name             Origin             Length             Attributes
FLASH            0x000000000c014400 0x000000000002ac00 xr
RAM              0x0000000030020000 0x000000000001fc00 rw
*default*        0x0000000000000000 0xffffffffffffffff

Linker script and memory map

LOAD /home/tmdals010126/zephyr-sdk-0.17.0/arm-zephyr-eabi/bin/../lib/gcc/arm-zephyr-eabi/12.2.0/thumb/v8-m.main/nofp/crti.o
LOAD /home/tmdals010126/zephyr-sdk-0.17.0/arm-zephyr-eabi/bin/../lib/gcc/arm-zephyr-eabi/12.2.0/thumb/v8-m.main/nofp/crtbegin.o
LOAD /home/tmdals010126/zephyr-sdk-0.17.0/arm-zephyr-eabi/bin/../lib/gcc/arm-zephyr-eabi/12.2.0/../../../../arm-zephyr-eabi/lib/thumb/v8-m.main/nofp/crt0.o
LOAD secure_fw/CMakeFiles/tfm_s.dir/partitions/ns_agent_tz/psa_api_veneers_v80m.o
LOAD secure_fw/CMakeFiles/tfm_s.dir/__/platform/ext/target/stm/common/hal/Native_Driver/tick.o
LOAD secure_fw/CMakeFiles/tfm_s.dir/__/platform/ext/target/stm/common/stm32l5xx/Device/Source/startup_stm32l5xx_s.o
LOAD secure_fw/CMakeFiles/tfm_s.dir/__/platform/ext/common/faults.o
LOAD secure_fw/CMakeFiles/tfm_s.dir/__/generated/secure_fw/partitions/crypto/auto_generated/load_info_tfm_crypto.o
LOAD secure_fw/CMakeFiles/tfm_s.dir/__/generated/secure_fw/partitions/initial_attestation/auto_generated/load_info_tfm_initial_attestation.o
LOAD secure_fw/CMakeFiles/tfm_s.dir/__/generated/secure_fw/partitions/protected_storage/auto_generated/load_info_tfm_protected_storage.o
LOAD secure_fw/CMakeFiles/tfm_s.dir/__/generated/secure_fw/partitions/internal_trusted_storage/auto_generated/load_info_tfm_internal_trusted_storage.o
LOAD secure_fw/CMakeFiles/tfm_s.dir/__/generated/secure_fw/partitions/platform/auto_generated/load_info_tfm_platform.o
LOAD secure_fw/CMakeFiles/tfm_s.dir/partitions/ns_agent_tz/load_info_ns_agent_tz.o
LOAD secure_fw/CMakeFiles/tfm_s.dir/__/platform/ext/target/stm/common/stm32l5xx/hal/Src/stm32l5xx_hal_hash.o
LOAD secure_fw/CMakeFiles/tfm_s.dir/__/platform/ext/target/stm/common/stm32l5xx/hal/Src/stm32l5xx_hal_hash_ex.o
LOAD secure_fw/CMakeFiles/tfm_s.dir/__/platform/ext/target/stm/common/stm32l5xx/hal/Src/stm32l5xx_hal_pka.o
LOAD secure_fw/CMakeFiles/tfm_s.dir/__/platform/ext/target/stm/common/stm32l5xx/hal/Src/stm32l5xx_hal_cryp.o
LOAD secure_fw/CMakeFiles/tfm_s.dir/__/platform/ext/target/stm/common/stm32l5xx/hal/Src/stm32l5xx_hal_cryp_ex.o
LOAD secure_fw/CMakeFiles/tfm_s.dir/__/platform/ext/target/stm/common/hal/Native_Driver/low_level_rng.o
LOAD secure_fw/CMakeFiles/tfm_s.dir/__/platform/ext/common/syscalls_stub.o
LOAD platform/libplatform_s.a
LOAD secure_fw/partitions/lib/runtime/libtfm_sprt.a
LOAD secure_fw/spm/libtfm_spm.a
LOAD platform/libplatform_crypto_keys.a
LOAD secure_fw/partitions/crypto/mbedcrypto/library/libmbedcrypto.a
LOAD platform/ext/accelerator/libcrypto_service_crypto_hw.a
LOAD secure_fw/partitions/crypto/libtfm_psa_rot_partition_crypto.a
LOAD secure_fw/partitions/initial_attestation/libtfm_psa_rot_partition_attestation.a
LOAD secure_fw/partitions/protected_storage/libtfm_app_rot_partition_ps.a
LOAD secure_fw/partitions/internal_trusted_storage/libtfm_psa_rot_partition_its.a
LOAD secure_fw/partitions/platform/libtfm_psa_rot_partition_platform.a
LOAD secure_fw/partitions/lib/runtime/libtfm_sp_log.a
LOAD lib/ext/t_cose/libtfm_t_cose_s.a
LOAD platform/libplatform_s.a
LOAD secure_fw/partitions/lib/runtime/libtfm_sprt.a
LOAD secure_fw/spm/libtfm_spm.a
LOAD platform/libplatform_crypto_keys.a
LOAD secure_fw/partitions/crypto/mbedcrypto/library/libmbedcrypto.a
LOAD platform/ext/accelerator/libcrypto_service_crypto_hw.a
LOAD secure_fw/partitions/crypto/libtfm_psa_rot_partition_crypto.a
LOAD secure_fw/partitions/initial_attestation/libtfm_psa_rot_partition_attestation.a
LOAD secure_fw/partitions/protected_storage/libtfm_app_rot_partition_ps.a
LOAD secure_fw/partitions/internal_trusted_storage/libtfm_psa_rot_partition_its.a
LOAD secure_fw/partitions/platform/libtfm_psa_rot_partition_platform.a
LOAD secure_fw/partitions/lib/runtime/libtfm_sp_log.a
LOAD lib/ext/t_cose/libtfm_t_cose_s.a
LOAD platform/libplatform_s.a
LOAD secure_fw/partitions/lib/runtime/libtfm_sprt.a
LOAD secure_fw/spm/libtfm_spm.a
LOAD platform/libplatform_crypto_keys.a
LOAD secure_fw/partitions/crypto/mbedcrypto/library/libmbedcrypto.a
LOAD platform/ext/accelerator/libcrypto_service_crypto_hw.a
LOAD secure_fw/partitions/crypto/libtfm_psa_rot_partition_crypto.a
LOAD secure_fw/partitions/initial_attestation/libtfm_psa_rot_partition_attestation.a
LOAD secure_fw/partitions/protected_storage/libtfm_app_rot_partition_ps.a
LOAD secure_fw/partitions/internal_trusted_storage/libtfm_psa_rot_partition_its.a
LOAD secure_fw/partitions/platform/libtfm_psa_rot_partition_platform.a
LOAD secure_fw/partitions/lib/runtime/libtfm_sp_log.a
LOAD lib/ext/t_cose/libtfm_t_cose_s.a
LOAD secure_fw/partitions/crypto/mbedcrypto/3rdparty/everest/libcrypto_service_everest.a
LOAD secure_fw/partitions/crypto/mbedcrypto/3rdparty/p256-m/libcrypto_service_p256m.a
LOAD lib/ext/qcbor/QCBOR/libqcbor.a
START GROUP
LOAD /home/tmdals010126/zephyr-sdk-0.17.0/arm-zephyr-eabi/bin/../lib/gcc/arm-zephyr-eabi/12.2.0/thumb/v8-m.main/nofp/libgcc.a
LOAD /home/tmdals010126/zephyr-sdk-0.17.0/arm-zephyr-eabi/bin/../lib/gcc/arm-zephyr-eabi/12.2.0/../../../../arm-zephyr-eabi/lib/thumb/v8-m.main/nofp/libc_nano.a
END GROUP
START GROUP
LOAD /home/tmdals010126/zephyr-sdk-0.17.0/arm-zephyr-eabi/bin/../lib/gcc/arm-zephyr-eabi/12.2.0/thumb/v8-m.main/nofp/libgcc.a
LOAD /home/tmdals010126/zephyr-sdk-0.17.0/arm-zephyr-eabi/bin/../lib/gcc/arm-zephyr-eabi/12.2.0/../../../../arm-zephyr-eabi/lib/thumb/v8-m.main/nofp/libc_nano.a
LOAD /home/tmdals010126/zephyr-sdk-0.17.0/arm-zephyr-eabi/bin/../lib/gcc/arm-zephyr-eabi/12.2.0/../../../../arm-zephyr-eabi/lib/thumb/v8-m.main/nofp/libnosys.a
END GROUP
START GROUP
LOAD /home/tmdals010126/zephyr-sdk-0.17.0/arm-zephyr-eabi/bin/../lib/gcc/arm-zephyr-eabi/12.2.0/thumb/v8-m.main/nofp/libgcc.a
LOAD /home/tmdals010126/zephyr-sdk-0.17.0/arm-zephyr-eabi/bin/../lib/gcc/arm-zephyr-eabi/12.2.0/../../../../arm-zephyr-eabi/lib/thumb/v8-m.main/nofp/libc_nano.a
LOAD /home/tmdals010126/zephyr-sdk-0.17.0/arm-zephyr-eabi/bin/../lib/gcc/arm-zephyr-eabi/12.2.0/../../../../arm-zephyr-eabi/lib/thumb/v8-m.main/nofp/libnosys.a
END GROUP
LOAD /home/tmdals010126/zephyr-sdk-0.17.0/arm-zephyr-eabi/bin/../lib/gcc/arm-zephyr-eabi/12.2.0/thumb/v8-m.main/nofp/crtend.o
LOAD /home/tmdals010126/zephyr-sdk-0.17.0/arm-zephyr-eabi/bin/../lib/gcc/arm-zephyr-eabi/12.2.0/thumb/v8-m.main/nofp/crtn.o
                0x0000000000000800                __msp_stack_size__ = 0x800
                0x000000000c014400                Image$$PT_RO_START$$Base = ADDR (.TFM_VECTORS)

.TFM_VECTORS    0x000000000c014400      0x1f4
                0x000000000c014400                __vectors_start__ = .
 *(.vectors)
 .vectors       0x000000000c014400      0x1f4 secure_fw/CMakeFiles/tfm_s.dir/__/platform/ext/target/stm/common/stm32l5xx/Device/Source/startup_stm32l5xx_s.o
                0x000000000c014400                __Vectors
                0x000000000c0145f4                . = ALIGN (0x4)
                0x000000000c0145f4                __vectors_end__ = .
                0x0000000000000001                ASSERT ((__vectors_start__ != __vectors_end__), .vectors should not be empty)
                0x0000000000000001                ASSERT ((. <= (ADDR (.TFM_VECTORS) + 0x1f4)), .TFM_VECTORS section size overflow.)
                0x000000000c0145f4                . = (ADDR (.TFM_VECTORS) + 0x1f4)

.gnu.sgstubs    0x000000000c014600       0x40
 *(.gnu.sgstubs*)
 .gnu.sgstubs.__stub
                0x000000000c014600       0x28 linker stubs
                0x000000000c014600                tfm_psa_framework_version_veneer
                0x000000000c014608                tfm_psa_version_veneer
                0x000000000c014610                tfm_psa_close_veneer
                0x000000000c014618                tfm_psa_connect_veneer
                0x000000000c014620                tfm_psa_call_veneer

.sgstubs_end    0x000000000c014640        0x0

.TFM_SP_LOAD_LIST
                0x000000000c014640      0x1dc
 *(.part_load_priority_00)
 .part_load_priority_00
                0x000000000c014640       0x38 secure_fw/CMakeFiles/tfm_s.dir/partitions/ns_agent_tz/load_info_ns_agent_tz.o
                0x000000000c014640                tfm_sp_ns_agent_tz_load
 *(.part_load_priority_01)
 *(.part_load_priority_02)
 .part_load_priority_02
                0x000000000c014678       0x54 secure_fw/CMakeFiles/tfm_s.dir/__/generated/secure_fw/partitions/crypto/auto_generated/load_info_tfm_crypto.o
                0x000000000c014678                tfm_sp_crypto_load
 .part_load_priority_02
                0x000000000c0146cc       0x54 secure_fw/CMakeFiles/tfm_s.dir/__/generated/secure_fw/partitions/initial_attestation/auto_generated/load_info_tfm_initial_attestation.o
                0x000000000c0146cc                tfm_sp_initial_attestation_load
 .part_load_priority_02
                0x000000000c014720       0x5c secure_fw/CMakeFiles/tfm_s.dir/__/generated/secure_fw/partitions/protected_storage/auto_generated/load_info_tfm_protected_storage.o
                0x000000000c014720                tfm_sp_ps_load
 .part_load_priority_02
                0x000000000c01477c       0x50 secure_fw/CMakeFiles/tfm_s.dir/__/generated/secure_fw/partitions/internal_trusted_storage/auto_generated/load_info_tfm_internal_trusted_storage.o
                0x000000000c01477c                tfm_sp_its_load
 .part_load_priority_02
                0x000000000c0147cc       0x50 secure_fw/CMakeFiles/tfm_s.dir/__/generated/secure_fw/partitions/platform/auto_generated/load_info_tfm_platform.o
                0x000000000c0147cc                tfm_sp_platform_load
 *(.part_load_priority_03)
                0x000000000c014640                Image$$TFM_SP_LOAD_LIST$$RO$$Base = ADDR (.TFM_SP_LOAD_LIST)
                0x000000000c01481c                Image$$TFM_SP_LOAD_LIST$$RO$$Limit = (ADDR (.TFM_SP_LOAD_LIST) + SIZEOF (.TFM_SP_LOAD_LIST))
                0x000000000c014820                . = ALIGN (0x20)
                0x000000000c014820                Image$$TFM_PSA_CODE_START$$Base = .

.TFM_PSA_ROT_LINKER
                0x000000000c014820     0x3540
 *tfm_psa_rot_partition*:(SORT_BY_ALIGNMENT(.text*))
 .text.attest_token_encode_start
                0x000000000c014820       0x80 secure_fw/partitions/initial_attestation/libtfm_psa_rot_partition_attestation.a(attest_token_encode.o)
                0x000000000c014820                attest_token_encode_start
 .text.tfm_crypto_clear_scratch
                0x000000000c0148a0       0x24 secure_fw/partitions/crypto/libtfm_psa_rot_partition_crypto.a(crypto_init.o)
 .text.tfm_crypto_get_caller_id
                0x000000000c0148c4       0x10 secure_fw/partitions/crypto/libtfm_psa_rot_partition_crypto.a(crypto_init.o)
                0x000000000c0148c4                tfm_crypto_get_caller_id
 .text.tfm_crypto_init
                0x000000000c0148d4       0x3c secure_fw/partitions/crypto/libtfm_psa_rot_partition_crypto.a(crypto_init.o)
                0x000000000c0148d4                tfm_crypto_init
 .text.tfm_crypto_api_dispatcher
                0x000000000c014910       0xb0 secure_fw/partitions/crypto/libtfm_psa_rot_partition_crypto.a(crypto_init.o)
                0x000000000c014910                tfm_crypto_api_dispatcher
 .text.tfm_crypto_sfn
                0x000000000c0149c0      0x188 secure_fw/partitions/crypto/libtfm_psa_rot_partition_crypto.a(crypto_init.o)
                0x000000000c0149c0                tfm_crypto_sfn
 .text.tfm_crypto_init_alloc
                0x000000000c014b48       0x18 secure_fw/partitions/crypto/libtfm_psa_rot_partition_crypto.a(crypto_alloc.o)
                0x000000000c014b48                tfm_crypto_init_alloc
 .text.tfm_crypto_operation_alloc
                0x000000000c014b60       0x68 secure_fw/partitions/crypto/libtfm_psa_rot_partition_crypto.a(crypto_alloc.o)
                0x000000000c014b60                tfm_crypto_operation_alloc
 .text.tfm_crypto_operation_release
                0x000000000c014bc8       0x5c secure_fw/partitions/crypto/libtfm_psa_rot_partition_crypto.a(crypto_alloc.o)
                0x000000000c014bc8                tfm_crypto_operation_release
 .text.tfm_crypto_operation_lookup
                0x000000000c014c24       0x58 secure_fw/partitions/crypto/libtfm_psa_rot_partition_crypto.a(crypto_alloc.o)
                0x000000000c014c24                tfm_crypto_operation_lookup
 .text.tfm_crypto_library_get_info
                0x000000000c014c7c       0x1c secure_fw/partitions/crypto/libtfm_psa_rot_partition_crypto.a(crypto_library.o)
                0x000000000c014c7c                tfm_crypto_library_get_info
 .text.tfm_crypto_core_library_init
                0x000000000c014c98       0x20 secure_fw/partitions/crypto/libtfm_psa_rot_partition_crypto.a(crypto_library.o)
                0x000000000c014c98                tfm_crypto_core_library_init
 .text.tfm_attestation_service_sfn
                0x000000000c014cb8       0xc0 secure_fw/partitions/initial_attestation/libtfm_psa_rot_partition_attestation.a(tfm_attest_req_mngr.o)
                0x000000000c014cb8                tfm_attestation_service_sfn
 .text.attest_add_cert_ref_claim
                0x000000000c014d78       0x3c secure_fw/partitions/initial_attestation/libtfm_psa_rot_partition_attestation.a(attest_core.o)
 .text.attest_add_verification_service
                0x000000000c014db4       0x38 secure_fw/partitions/initial_attestation/libtfm_psa_rot_partition_attestation.a(attest_core.o)
 .text.attest_add_profile_definition
                0x000000000c014dec       0x38 secure_fw/partitions/initial_attestation/libtfm_psa_rot_partition_attestation.a(attest_core.o)
 .text.attest_add_all_sw_components
                0x000000000c014e24       0x38 secure_fw/partitions/initial_attestation/libtfm_psa_rot_partition_attestation.a(attest_core.o)
 .text.attest_add_security_lifecycle_claim
                0x000000000c014e5c       0x20 secure_fw/partitions/initial_attestation/libtfm_psa_rot_partition_attestation.a(attest_core.o)
 .text.attest_add_caller_id_claim
                0x000000000c014e7c       0x24 secure_fw/partitions/initial_attestation/libtfm_psa_rot_partition_attestation.a(attest_core.o)
 .text.attest_add_implementation_id_claim
                0x000000000c014ea0       0x38 secure_fw/partitions/initial_attestation/libtfm_psa_rot_partition_attestation.a(attest_core.o)
 .text.attest_add_instance_id_claim
                0x000000000c014ed8       0x24 secure_fw/partitions/initial_attestation/libtfm_psa_rot_partition_attestation.a(attest_core.o)
 .text.attest_add_boot_seed_claim
                0x000000000c014efc       0x38 secure_fw/partitions/initial_attestation/libtfm_psa_rot_partition_attestation.a(attest_core.o)
 .text.attest_create_token
                0x000000000c014f34       0xd0 secure_fw/partitions/initial_attestation/libtfm_psa_rot_partition_attestation.a(attest_core.o)
 .text.attest_init
                0x000000000c015004       0x1c secure_fw/partitions/initial_attestation/libtfm_psa_rot_partition_attestation.a(attest_core.o)
                0x000000000c015004                attest_init
 .text.initial_attest_get_token
                0x000000000c015020       0x48 secure_fw/partitions/initial_attestation/libtfm_psa_rot_partition_attestation.a(attest_core.o)
                0x000000000c015020                initial_attest_get_token
 .text.initial_attest_get_token_size
                0x000000000c015068       0x4c secure_fw/partitions/initial_attestation/libtfm_psa_rot_partition_attestation.a(attest_core.o)
                0x000000000c015068                initial_attest_get_token_size
 .text.attest_encode_sw_components_array
                0x000000000c0150b4       0xc8 secure_fw/partitions/initial_attestation/libtfm_psa_rot_partition_attestation.a(attest_boot_data.o)
                0x000000000c0150b4                attest_encode_sw_components_array
 .text.attest_boot_data_init
                0x000000000c01517c       0x10 secure_fw/partitions/initial_attestation/libtfm_psa_rot_partition_attestation.a(attest_boot_data.o)
                0x000000000c01517c                attest_boot_data_init
 .text.attest_get_instance_id
                0x000000000c01518c       0x9c secure_fw/partitions/initial_attestation/libtfm_psa_rot_partition_attestation.a(attest_asymmetric_key.o)
                0x000000000c01518c                attest_get_instance_id
 .text.create_tbs_hash
                0x000000000c015228       0xf8 secure_fw/partitions/initial_attestation/libtfm_psa_rot_partition_attestation.a(t_cose_util.o)
                0x000000000c015228                create_tbs_hash
 .text.t_cose_crypto_pub_key_sign
                0x000000000c015320       0x48 secure_fw/partitions/initial_attestation/libtfm_psa_rot_partition_attestation.a(t_cose_psa_crypto.o)
                0x000000000c015320                t_cose_crypto_pub_key_sign
 .text.t_cose_crypto_sig_size
                0x000000000c015368       0x58 secure_fw/partitions/initial_attestation/libtfm_psa_rot_partition_attestation.a(t_cose_psa_crypto.o)
                0x000000000c015368                t_cose_crypto_sig_size
 .text.t_cose_crypto_hash_start
                0x000000000c0153c0       0x3c secure_fw/partitions/initial_attestation/libtfm_psa_rot_partition_attestation.a(t_cose_psa_crypto.o)
                0x000000000c0153c0                t_cose_crypto_hash_start
 .text.attest_get_caller_client_id
                0x000000000c0153fc       0x10 secure_fw/partitions/initial_attestation/libtfm_psa_rot_partition_attestation.a(tfm_attest.o)
                0x000000000c0153fc                attest_get_caller_client_id
 .text.tfm_internal_trusted_storage_service_sfn
                0x000000000c01540c      0x118 secure_fw/partitions/internal_trusted_storage/libtfm_psa_rot_partition_its.a(tfm_its_req_mngr.o)
                0x000000000c01540c                tfm_internal_trusted_storage_service_sfn
 .text.its_req_mngr_read
                0x000000000c015524       0x14 secure_fw/partitions/internal_trusted_storage/libtfm_psa_rot_partition_its.a(tfm_its_req_mngr.o)
                0x000000000c015524                its_req_mngr_read
 .text.its_req_mngr_write
                0x000000000c015538       0x14 secure_fw/partitions/internal_trusted_storage/libtfm_psa_rot_partition_its.a(tfm_its_req_mngr.o)
                0x000000000c015538                its_req_mngr_write
 .text.get_file_info
                0x000000000c01554c       0x60 secure_fw/partitions/internal_trusted_storage/libtfm_psa_rot_partition_its.a(tfm_internal_trusted_storage.o)
 .text.tfm_its_init
                0x000000000c0155ac      0x104 secure_fw/partitions/internal_trusted_storage/libtfm_psa_rot_partition_its.a(tfm_internal_trusted_storage.o)
                0x000000000c0155ac                tfm_its_init
 .text.tfm_its_set
                0x000000000c0156b0       0xb8 secure_fw/partitions/internal_trusted_storage/libtfm_psa_rot_partition_its.a(tfm_internal_trusted_storage.o)
                0x000000000c0156b0                tfm_its_set
 .text.tfm_its_get
                0x000000000c015768       0xa4 secure_fw/partitions/internal_trusted_storage/libtfm_psa_rot_partition_its.a(tfm_internal_trusted_storage.o)
                0x000000000c015768                tfm_its_get
 .text.tfm_its_get_info
                0x000000000c01580c       0x24 secure_fw/partitions/internal_trusted_storage/libtfm_psa_rot_partition_its.a(tfm_internal_trusted_storage.o)
                0x000000000c01580c                tfm_its_get_info
 .text.tfm_its_remove
                0x000000000c015830       0x44 secure_fw/partitions/internal_trusted_storage/libtfm_psa_rot_partition_its.a(tfm_internal_trusted_storage.o)
                0x000000000c015830                tfm_its_remove
 .text.its_flash_nor_write
                0x000000000c015874       0x44 secure_fw/partitions/internal_trusted_storage/libtfm_psa_rot_partition_its.a(its_flash_nor.o)
 .text.its_flash_nor_read
                0x000000000c0158b8       0xc8 secure_fw/partitions/internal_trusted_storage/libtfm_psa_rot_partition_its.a(its_flash_nor.o)
 .text.derive_subkey_into_buffer
                0x000000000c015980      0x110 secure_fw/partitions/crypto/libtfm_psa_rot_partition_crypto.a(tfm_builtin_key_loader.o)
 .text.tfm_builtin_key_loader_init
                0x000000000c015a90       0xe0 secure_fw/partitions/crypto/libtfm_psa_rot_partition_crypto.a(tfm_builtin_key_loader.o)
                0x000000000c015a90                tfm_builtin_key_loader_init
 .text.tfm_builtin_key_loader_get_key_buffer_size
                0x000000000c015b70       0x5c secure_fw/partitions/crypto/libtfm_psa_rot_partition_crypto.a(tfm_builtin_key_loader.o)
                0x000000000c015b70                tfm_builtin_key_loader_get_key_buffer_size
 .text.tfm_builtin_key_loader_get_builtin_key
                0x000000000c015bcc      0x11c secure_fw/partitions/crypto/libtfm_psa_rot_partition_crypto.a(tfm_builtin_key_loader.o)
                0x000000000c015bcc                tfm_builtin_key_loader_get_builtin_key
 .text.tfm_crypto_cipher_interface
                0x000000000c015ce8      0x1a8 secure_fw/partitions/crypto/libtfm_psa_rot_partition_crypto.a(crypto_cipher.o)
                0x000000000c015ce8                tfm_crypto_cipher_interface
 .text.tfm_crypto_hash_interface
                0x000000000c015e90      0x182 secure_fw/partitions/crypto/libtfm_psa_rot_partition_crypto.a(crypto_hash.o)
                0x000000000c015e90                tfm_crypto_hash_interface
 .text.tfm_crypto_mac_interface
                0x000000000c016012      0x178 secure_fw/partitions/crypto/libtfm_psa_rot_partition_crypto.a(crypto_mac.o)
                0x000000000c016012                tfm_crypto_mac_interface
 .text.tfm_crypto_aead_interface
                0x000000000c01618a      0x210 secure_fw/partitions/crypto/libtfm_psa_rot_partition_crypto.a(crypto_aead.o)
                0x000000000c01618a                tfm_crypto_aead_interface
 .text.tfm_crypto_asymmetric_sign_interface
                0x000000000c01639a       0xaa secure_fw/partitions/crypto/libtfm_psa_rot_partition_crypto.a(crypto_asymmetric.o)
                0x000000000c01639a                tfm_crypto_asymmetric_sign_interface
 .text.tfm_crypto_asymmetric_encrypt_interface
                0x000000000c016444       0x84 secure_fw/partitions/crypto/libtfm_psa_rot_partition_crypto.a(crypto_asymmetric.o)
                0x000000000c016444                tfm_crypto_asymmetric_encrypt_interface
 .text.tfm_crypto_key_derivation_interface
                0x000000000c0164c8      0x188 secure_fw/partitions/crypto/libtfm_psa_rot_partition_crypto.a(crypto_key_derivation.o)
                0x000000000c0164c8                tfm_crypto_key_derivation_interface
 .text.tfm_crypto_key_management_interface
                0x000000000c016650      0x176 secure_fw/partitions/crypto/libtfm_psa_rot_partition_crypto.a(crypto_key_management.o)
                0x000000000c016650                tfm_crypto_key_management_interface
 .text.tfm_crypto_random_interface
                0x000000000c0167c6        0x8 secure_fw/partitions/crypto/libtfm_psa_rot_partition_crypto.a(crypto_rng.o)
                0x000000000c0167c6                tfm_crypto_random_interface
 .text.tfm_crypto_library_key_id_init
                0x000000000c0167ce        0x6 secure_fw/partitions/crypto/libtfm_psa_rot_partition_crypto.a(crypto_library.o)
                0x000000000c0167ce                tfm_crypto_library_key_id_init
 .text.tfm_crypto_library_get_library_key_id_set_owner
                0x000000000c0167d4        0x4 secure_fw/partitions/crypto/libtfm_psa_rot_partition_crypto.a(crypto_library.o)
                0x000000000c0167d4                tfm_crypto_library_get_library_key_id_set_owner
 .text.mbedtls_psa_platform_get_builtin_key
                0x000000000c0167d8       0x4a secure_fw/partitions/crypto/libtfm_psa_rot_partition_crypto.a(crypto_library.o)
                0x000000000c0167d8                mbedtls_psa_platform_get_builtin_key
 .text.attest_partition_init
                0x000000000c016822        0x4 secure_fw/partitions/initial_attestation/libtfm_psa_rot_partition_attestation.a(tfm_attest_req_mngr.o)
                0x000000000c016822                attest_partition_init
 .text.attest_token_encode_finish
                0x000000000c016826       0x50 secure_fw/partitions/initial_attestation/libtfm_psa_rot_partition_attestation.a(attest_token_encode.o)
                0x000000000c016826                attest_token_encode_finish
 .text.attest_token_encode_borrow_cbor_cntxt
                0x000000000c016876        0x2 secure_fw/partitions/initial_attestation/libtfm_psa_rot_partition_attestation.a(attest_token_encode.o)
                0x000000000c016876                attest_token_encode_borrow_cbor_cntxt
 .text.attest_token_encode_add_integer
                0x000000000c016878       0x1e secure_fw/partitions/initial_attestation/libtfm_psa_rot_partition_attestation.a(attest_token_encode.o)
                0x000000000c016878                attest_token_encode_add_integer
 .text.attest_token_encode_add_bstr
                0x000000000c016896       0x28 secure_fw/partitions/initial_attestation/libtfm_psa_rot_partition_attestation.a(attest_token_encode.o)
                0x000000000c016896                attest_token_encode_add_bstr
 .text.attest_token_encode_add_tstr
                0x000000000c0168be       0x28 secure_fw/partitions/initial_attestation/libtfm_psa_rot_partition_attestation.a(attest_token_encode.o)
                0x000000000c0168be                attest_token_encode_add_tstr
 .text.t_cose_sign1_encode_parameters
                0x000000000c0168e6       0xee secure_fw/partitions/initial_attestation/libtfm_psa_rot_partition_attestation.a(t_cose_sign1_sign.o)
                0x000000000c0168e6                t_cose_sign1_encode_parameters
 .text.t_cose_sign1_encode_signature
                0x000000000c0169d4       0xe6 secure_fw/partitions/initial_attestation/libtfm_psa_rot_partition_attestation.a(t_cose_sign1_sign.o)
                0x000000000c0169d4                t_cose_sign1_encode_signature
 .text.hash_alg_id_from_sig_alg_id
                0x000000000c016aba        0xc secure_fw/partitions/initial_attestation/libtfm_psa_rot_partition_attestation.a(t_cose_util.o)
                0x000000000c016aba                hash_alg_id_from_sig_alg_id
 .text.psa_status_to_t_cose_error_signing
                0x000000000c016ac6       0x3a secure_fw/partitions/initial_attestation/libtfm_psa_rot_partition_attestation.a(t_cose_psa_crypto.o)
 .text.t_cose_crypto_hash_update
                0x000000000c016b00       0x1a secure_fw/partitions/initial_attestation/libtfm_psa_rot_partition_attestation.a(t_cose_psa_crypto.o)
                0x000000000c016b00                t_cose_crypto_hash_update
 .text.t_cose_crypto_hash_finish
                0x000000000c016b1a       0x38 secure_fw/partitions/initial_attestation/libtfm_psa_rot_partition_attestation.a(t_cose_psa_crypto.o)
                0x000000000c016b1a                t_cose_crypto_hash_finish
 .text.attest_get_boot_data
                0x000000000c016b52        0xe secure_fw/partitions/initial_attestation/libtfm_psa_rot_partition_attestation.a(tfm_attest.o)
                0x000000000c016b52                attest_get_boot_data
 .text.tfm_its_entry
                0x000000000c016b60        0x4 secure_fw/partitions/internal_trusted_storage/libtfm_psa_rot_partition_its.a(tfm_its_req_mngr.o)
                0x000000000c016b60                tfm_its_entry
 .text.its_flash_nor_init
                0x000000000c016b64       0x14 secure_fw/partitions/internal_trusted_storage/libtfm_psa_rot_partition_its.a(its_flash_nor.o)
 .text.its_flash_nor_flush
                0x000000000c016b78        0x4 secure_fw/partitions/internal_trusted_storage/libtfm_psa_rot_partition_its.a(its_flash_nor.o)
 .text.its_flash_nor_erase
                0x000000000c016b7c       0x2e secure_fw/partitions/internal_trusted_storage/libtfm_psa_rot_partition_its.a(its_flash_nor.o)
 .text.its_flash_fs_delete_idx
                0x000000000c016baa       0xe6 secure_fw/partitions/internal_trusted_storage/libtfm_psa_rot_partition_its.a(its_flash_fs.o)
 .text.its_flash_fs_init_ctx
                0x000000000c016c90       0x68 secure_fw/partitions/internal_trusted_storage/libtfm_psa_rot_partition_its.a(its_flash_fs.o)
                0x000000000c016c90                its_flash_fs_init_ctx
 .text.its_flash_fs_prepare
                0x000000000c016cf8       0x34 secure_fw/partitions/internal_trusted_storage/libtfm_psa_rot_partition_its.a(its_flash_fs.o)
                0x000000000c016cf8                its_flash_fs_prepare
 .text.its_flash_fs_wipe_all
                0x000000000c016d2c        0x4 secure_fw/partitions/internal_trusted_storage/libtfm_psa_rot_partition_its.a(its_flash_fs.o)
                0x000000000c016d2c                its_flash_fs_wipe_all
 .text.its_flash_fs_file_get_info
                0x000000000c016d30       0x28 secure_fw/partitions/internal_trusted_storage/libtfm_psa_rot_partition_its.a(its_flash_fs.o)
                0x000000000c016d30                its_flash_fs_file_get_info
 .text.its_flash_fs_file_write
                0x000000000c016d58      0x1f2 secure_fw/partitions/internal_trusted_storage/libtfm_psa_rot_partition_its.a(its_flash_fs.o)
                0x000000000c016d58                its_flash_fs_file_write
 .text.its_flash_fs_file_delete
                0x000000000c016f4a       0x20 secure_fw/partitions/internal_trusted_storage/libtfm_psa_rot_partition_its.a(its_flash_fs.o)
                0x000000000c016f4a                its_flash_fs_file_delete
 .text.its_flash_fs_file_read
                0x000000000c016f6a       0x42 secure_fw/partitions/internal_trusted_storage/libtfm_psa_rot_partition_its.a(its_flash_fs.o)
                0x000000000c016f6a                its_flash_fs_file_read
 .text.its_flash_fs_dblock_compact_block
                0x000000000c016fac       0xaa secure_fw/partitions/internal_trusted_storage/libtfm_psa_rot_partition_its.a(its_flash_fs_dblock.o)
                0x000000000c016fac                its_flash_fs_dblock_compact_block
 .text.its_flash_fs_dblock_read_file
                0x000000000c017056       0x42 secure_fw/partitions/internal_trusted_storage/libtfm_psa_rot_partition_its.a(its_flash_fs_dblock.o)
                0x000000000c017056                its_flash_fs_dblock_read_file
 .text.its_flash_fs_dblock_write_file
                0x000000000c017098       0x82 secure_fw/partitions/internal_trusted_storage/libtfm_psa_rot_partition_its.a(its_flash_fs_dblock.o)
                0x000000000c017098                its_flash_fs_dblock_write_file
 .text.its_mblock_update_scratch_block_meta
                0x000000000c01711a       0x18 secure_fw/partitions/internal_trusted_storage/libtfm_psa_rot_partition_its.a(its_flash_fs_mblock.o)
 .text.its_mblock_erase_scratch_blocks
                0x000000000c017132       0x28 secure_fw/partitions/internal_trusted_storage/libtfm_psa_rot_partition_its.a(its_flash_fs_mblock.o)
 .text.its_num_dedicated_dblocks.isra.0
                0x000000000c01715a        0xc secure_fw/partitions/internal_trusted_storage/libtfm_psa_rot_partition_its.a(its_flash_fs_mblock.o)
 .text.its_mblock_file_meta_offset.isra.0
                0x000000000c017166       0x10 secure_fw/partitions/internal_trusted_storage/libtfm_psa_rot_partition_its.a(its_flash_fs_mblock.o)
 .text.its_mblock_calculate_metadata_xor.part.0
                0x000000000c017176       0xa4 secure_fw/partitions/internal_trusted_storage/libtfm_psa_rot_partition_its.a(its_flash_fs_mblock.o)
 .text.its_mblock_write_scratch_meta_header
                0x000000000c01721a       0x44 secure_fw/partitions/internal_trusted_storage/libtfm_psa_rot_partition_its.a(its_flash_fs_mblock.o)
 .text.its_mblock_validate_header_meta
                0x000000000c01725e       0x5c secure_fw/partitions/internal_trusted_storage/libtfm_psa_rot_partition_its.a(its_flash_fs_mblock.o)
 .text.its_init_get_active_metablock
                0x000000000c0172ba       0xbe secure_fw/partitions/internal_trusted_storage/libtfm_psa_rot_partition_its.a(its_flash_fs_mblock.o)
 .text.its_flash_fs_mblock_cur_data_scratch_id
                0x000000000c017378        0xa secure_fw/partitions/internal_trusted_storage/libtfm_psa_rot_partition_its.a(its_flash_fs_mblock.o)
                0x000000000c017378                its_flash_fs_mblock_cur_data_scratch_id
 .text.its_flash_fs_mblock_meta_update_finalize
                0x000000000c017382       0x2a secure_fw/partitions/internal_trusted_storage/libtfm_psa_rot_partition_its.a(its_flash_fs_mblock.o)
                0x000000000c017382                its_flash_fs_mblock_meta_update_finalize
 .text.its_flash_fs_mblock_read_file_meta
                0x000000000c0173ac       0x76 secure_fw/partitions/internal_trusted_storage/libtfm_psa_rot_partition_its.a(its_flash_fs_mblock.o)
                0x000000000c0173ac                its_flash_fs_mblock_read_file_meta
 .text.its_flash_fs_mblock_get_file_idx_meta
                0x000000000c017422       0x5e secure_fw/partitions/internal_trusted_storage/libtfm_psa_rot_partition_its.a(its_flash_fs_mblock.o)
                0x000000000c017422                its_flash_fs_mblock_get_file_idx_meta
 .text.its_flash_fs_mblock_get_file_idx_flag
                0x000000000c017480       0x3c secure_fw/partitions/internal_trusted_storage/libtfm_psa_rot_partition_its.a(its_flash_fs_mblock.o)
                0x000000000c017480                its_flash_fs_mblock_get_file_idx_flag
 .text.its_flash_fs_mblock_read_block_metadata
                0x000000000c0174bc       0x56 secure_fw/partitions/internal_trusted_storage/libtfm_psa_rot_partition_its.a(its_flash_fs_mblock.o)
                0x000000000c0174bc                its_flash_fs_mblock_read_block_metadata
 .text.its_flash_fs_mblock_read_block_metadata_comp
                0x000000000c017512       0x60 secure_fw/partitions/internal_trusted_storage/libtfm_psa_rot_partition_its.a(its_flash_fs_mblock.o)
                0x000000000c017512                its_flash_fs_mblock_read_block_metadata_comp
 .text.its_flash_fs_mblock_reserve_file
                0x000000000c017572       0xbc secure_fw/partitions/internal_trusted_storage/libtfm_psa_rot_partition_its.a(its_flash_fs_mblock.o)
                0x000000000c017572                its_flash_fs_mblock_reserve_file
 .text.its_flash_fs_mblock_set_data_scratch
                0x000000000c01762e        0x6 secure_fw/partitions/internal_trusted_storage/libtfm_psa_rot_partition_its.a(its_flash_fs_mblock.o)
                0x000000000c01762e                its_flash_fs_mblock_set_data_scratch
 .text.its_flash_fs_mblock_update_scratch_file_meta
                0x000000000c017634       0x20 secure_fw/partitions/internal_trusted_storage/libtfm_psa_rot_partition_its.a(its_flash_fs_mblock.o)
                0x000000000c017634                its_flash_fs_mblock_update_scratch_file_meta
 .text.its_flash_fs_mblock_reset_metablock
                0x000000000c017654      0x130 secure_fw/partitions/internal_trusted_storage/libtfm_psa_rot_partition_its.a(its_flash_fs_mblock.o)
                0x000000000c017654                its_flash_fs_mblock_reset_metablock
 .text.its_flash_fs_block_to_block_move
                0x000000000c017784       0x5c secure_fw/partitions/internal_trusted_storage/libtfm_psa_rot_partition_its.a(its_flash_fs_mblock.o)
                0x000000000c017784                its_flash_fs_block_to_block_move
 .text.its_flash_fs_mblock_cp_file_meta
                0x000000000c0177e0       0x2c secure_fw/partitions/internal_trusted_storage/libtfm_psa_rot_partition_its.a(its_flash_fs_mblock.o)
                0x000000000c0177e0                its_flash_fs_mblock_cp_file_meta
 .text.its_flash_fs_mblock_init
                0x000000000c01780c       0xba secure_fw/partitions/internal_trusted_storage/libtfm_psa_rot_partition_its.a(its_flash_fs_mblock.o)
                0x000000000c01780c                its_flash_fs_mblock_init
 .text.its_flash_fs_mblock_migrate_lb0_data_to_scratch
                0x000000000c0178c6       0x2e secure_fw/partitions/internal_trusted_storage/libtfm_psa_rot_partition_its.a(its_flash_fs_mblock.o)
                0x000000000c0178c6                its_flash_fs_mblock_migrate_lb0_data_to_scratch
 .text.its_flash_fs_mblock_update_scratch_block_meta
                0x000000000c0178f4       0x7e secure_fw/partitions/internal_trusted_storage/libtfm_psa_rot_partition_its.a(its_flash_fs_mblock.o)
                0x000000000c0178f4                its_flash_fs_mblock_update_scratch_block_meta
 .text.its_utils_check_contained_in
                0x000000000c017972       0x18 secure_fw/partitions/internal_trusted_storage/libtfm_psa_rot_partition_its.a(its_utils.o)
                0x000000000c017972                its_utils_check_contained_in
 .text.its_utils_validate_fid
                0x000000000c01798a       0x1a secure_fw/partitions/internal_trusted_storage/libtfm_psa_rot_partition_its.a(its_utils.o)
                0x000000000c01798a                its_utils_validate_fid
 .text.tfm_platform_service_sfn
                0x000000000c0179a4      0x24e secure_fw/partitions/platform/libtfm_psa_rot_partition_platform.a(platform_sp.o)
                0x000000000c0179a4                tfm_platform_service_sfn
 .text.platform_sp_init
                0x000000000c017bf2       0x12 secure_fw/partitions/platform/libtfm_psa_rot_partition_platform.a(platform_sp.o)
                0x000000000c017bf2                platform_sp_init
 .text.psa_set_key_usage_flags
                0x000000000c017c04       0x14 secure_fw/partitions/crypto/libtfm_psa_rot_partition_crypto.a(tfm_builtin_key_loader.o)
 *tfm_psa_rot_partition*:(SORT_BY_ALIGNMENT(.rodata*))
 .rodata.claim_query_funcs
                0x000000000c017c18       0x24 secure_fw/partitions/initial_attestation/libtfm_psa_rot_partition_attestation.a(attest_core.o)
 .rodata.ecdsa_list.0
                0x000000000c017c3c        0x8 secure_fw/partitions/initial_attestation/libtfm_psa_rot_partition_attestation.a(t_cose_psa_crypto.o)
 .rodata.its_flash_fs_ops_nor
                0x000000000c017c44       0x14 secure_fw/partitions/internal_trusted_storage/libtfm_psa_rot_partition_its.a(its_flash_nor.o)
                0x000000000c017c44                its_flash_fs_ops_nor
 .rodata.data_width_byte
                0x000000000c017c58        0xc secure_fw/partitions/internal_trusted_storage/libtfm_psa_rot_partition_its.a(its_flash_nor.o)
 .rodata.CSWTCH.11
                0x000000000c017c64        0xa secure_fw/partitions/initial_attestation/libtfm_psa_rot_partition_attestation.a(attest_core.o)
 .rodata.tfm_crypto_init.str1.1
                0x000000000c017c6e       0x63 secure_fw/partitions/crypto/libtfm_psa_rot_partition_crypto.a(crypto_init.o)
 .rodata.tfm_crypto_api_dispatcher.str1.1
                0x000000000c017cd1       0x25 secure_fw/partitions/crypto/libtfm_psa_rot_partition_crypto.a(crypto_init.o)
 .rodata.tfm_crypto_library_get_info.str1.1
                0x000000000c017cf6        0xf secure_fw/partitions/crypto/libtfm_psa_rot_partition_crypto.a(crypto_library.o)
 .rodata.create_tbs_hash.str1.1
                0x000000000c017d05        0xb secure_fw/partitions/initial_attestation/libtfm_psa_rot_partition_attestation.a(t_cose_util.o)
 .rodata.tfm_its_init.str1.1
                0x000000000c017d10       0x4b secure_fw/partitions/internal_trusted_storage/libtfm_psa_rot_partition_its.a(tfm_internal_trusted_storage.o)
 *(TFM_*_PSA-ROT_ATTR_FN)
                0x000000000c017d60                . = ALIGN (0x20)
 *fill*         0x000000000c017d5b        0x5 
                0x000000000c014820                Image$$TFM_PSA_ROT_LINKER$$RO$$Base = ADDR (.TFM_PSA_ROT_LINKER)
                0x000000000c017d60                Image$$TFM_PSA_ROT_LINKER$$RO$$Limit = (ADDR (.TFM_PSA_ROT_LINKER) + SIZEOF (.TFM_PSA_ROT_LINKER))
                0x000000000c014820                Image$$TFM_PSA_ROT_LINKER$$Base = ADDR (.TFM_PSA_ROT_LINKER)
                0x000000000c017d60                Image$$TFM_PSA_ROT_LINKER$$Limit = (ADDR (.TFM_PSA_ROT_LINKER) + SIZEOF (.TFM_PSA_ROT_LINKER))
                0x000000000c017d60                Image$$TFM_PSA_CODE_END$$Base = .
                0x000000000c017d60                Image$$TFM_APP_CODE_START$$Base = .

.TFM_APP_ROT_LINKER
                0x000000000c017d60      0xd20
 *tfm_app_rot_partition*:(SORT_BY_ALIGNMENT(.text*))
 .text.tfm_protected_storage_service_sfn
                0x000000000c017d60      0x128 secure_fw/partitions/protected_storage/libtfm_app_rot_partition_ps.a(tfm_ps_req_mngr.o)
                0x000000000c017d60                tfm_protected_storage_service_sfn
 .text.ps_req_mngr_read_asset_data
                0x000000000c017e88       0x24 secure_fw/partitions/protected_storage/libtfm_app_rot_partition_ps.a(tfm_ps_req_mngr.o)
                0x000000000c017e88                ps_req_mngr_read_asset_data
 .text.ps_req_mngr_write_asset_data
                0x000000000c017eac       0x18 secure_fw/partitions/protected_storage/libtfm_app_rot_partition_ps.a(tfm_ps_req_mngr.o)
                0x000000000c017eac                ps_req_mngr_write_asset_data
 .text.tfm_ps_init
                0x000000000c017ec4       0x28 secure_fw/partitions/protected_storage/libtfm_app_rot_partition_ps.a(tfm_protected_storage.o)
                0x000000000c017ec4                tfm_ps_init
 .text.ps_system_prepare
                0x000000000c017eec       0x1c secure_fw/partitions/protected_storage/libtfm_app_rot_partition_ps.a(ps_object_system.o)
                0x000000000c017eec                ps_system_prepare
 .text.ps_object_read
                0x000000000c017f08       0x70 secure_fw/partitions/protected_storage/libtfm_app_rot_partition_ps.a(ps_object_system.o)
                0x000000000c017f08                ps_object_read
 .text.ps_object_create
                0x000000000c017f78       0xfc secure_fw/partitions/protected_storage/libtfm_app_rot_partition_ps.a(ps_object_system.o)
                0x000000000c017f78                ps_object_create
 .text.ps_object_get_info
                0x000000000c018074       0x54 secure_fw/partitions/protected_storage/libtfm_app_rot_partition_ps.a(ps_object_system.o)
                0x000000000c018074                ps_object_get_info
 .text.ps_object_delete
                0x000000000c0180c8       0x70 secure_fw/partitions/protected_storage/libtfm_app_rot_partition_ps.a(ps_object_system.o)
                0x000000000c0180c8                ps_object_delete
 .text.ps_get_object_entry_idx
                0x000000000c018138       0x34 secure_fw/partitions/protected_storage/libtfm_app_rot_partition_ps.a(ps_object_table.o)
 .text.ps_object_table_save_table.constprop.0
                0x000000000c01816c       0xec secure_fw/partitions/protected_storage/libtfm_app_rot_partition_ps.a(ps_object_table.o)
 .text.ps_object_table_create
                0x000000000c018258       0x28 secure_fw/partitions/protected_storage/libtfm_app_rot_partition_ps.a(ps_object_table.o)
                0x000000000c018258                ps_object_table_create
 .text.ps_object_table_init
                0x000000000c018280      0x144 secure_fw/partitions/protected_storage/libtfm_app_rot_partition_ps.a(ps_object_table.o)
                0x000000000c018280                ps_object_table_init
 .text.ps_object_table_get_free_fid
                0x000000000c0183c4       0x64 secure_fw/partitions/protected_storage/libtfm_app_rot_partition_ps.a(ps_object_table.o)
                0x000000000c0183c4                ps_object_table_get_free_fid
 .text.ps_object_table_set_obj_tbl_info
                0x000000000c018428       0xac secure_fw/partitions/protected_storage/libtfm_app_rot_partition_ps.a(ps_object_table.o)
                0x000000000c018428                ps_object_table_set_obj_tbl_info
 .text.ps_object_table_get_obj_tbl_info
                0x000000000c0184d4       0x2c secure_fw/partitions/protected_storage/libtfm_app_rot_partition_ps.a(ps_object_table.o)
                0x000000000c0184d4                ps_object_table_get_obj_tbl_info
 .text.ps_object_table_delete_object
                0x000000000c018500       0x4c secure_fw/partitions/protected_storage/libtfm_app_rot_partition_ps.a(ps_object_table.o)
                0x000000000c018500                ps_object_table_delete_object
 .text.ps_object_table_delete_old_table
                0x000000000c01854c       0x14 secure_fw/partitions/protected_storage/libtfm_app_rot_partition_ps.a(ps_object_table.o)
                0x000000000c01854c                ps_object_table_delete_old_table
 .text.ps_crypto_setkey
                0x000000000c018560       0x94 secure_fw/partitions/protected_storage/libtfm_app_rot_partition_ps.a(ps_crypto_interface.o)
                0x000000000c018560                ps_crypto_setkey
 .text.ps_crypto_destroykey
                0x000000000c0185f4       0x18 secure_fw/partitions/protected_storage/libtfm_app_rot_partition_ps.a(ps_crypto_interface.o)
                0x000000000c0185f4                ps_crypto_destroykey
 .text.ps_crypto_set_iv
                0x000000000c01860c       0x10 secure_fw/partitions/protected_storage/libtfm_app_rot_partition_ps.a(ps_crypto_interface.o)
                0x000000000c01860c                ps_crypto_set_iv
 .text.ps_crypto_get_iv
                0x000000000c01861c       0x70 secure_fw/partitions/protected_storage/libtfm_app_rot_partition_ps.a(ps_crypto_interface.o)
                0x000000000c01861c                ps_crypto_get_iv
 .text.ps_crypto_encrypt_and_tag
                0x000000000c01868c       0x54 secure_fw/partitions/protected_storage/libtfm_app_rot_partition_ps.a(ps_crypto_interface.o)
                0x000000000c01868c                ps_crypto_encrypt_and_tag
 .text.ps_crypto_auth_and_decrypt
                0x000000000c0186e0       0x58 secure_fw/partitions/protected_storage/libtfm_app_rot_partition_ps.a(ps_crypto_interface.o)
                0x000000000c0186e0                ps_crypto_auth_and_decrypt
 .text.ps_crypto_generate_auth_tag
                0x000000000c018738       0x48 secure_fw/partitions/protected_storage/libtfm_app_rot_partition_ps.a(ps_crypto_interface.o)
                0x000000000c018738                ps_crypto_generate_auth_tag
 .text.ps_crypto_authenticate
                0x000000000c018780       0x44 secure_fw/partitions/protected_storage/libtfm_app_rot_partition_ps.a(ps_crypto_interface.o)
                0x000000000c018780                ps_crypto_authenticate
 .text.tfm_ps_entry
                0x000000000c0187c4        0x4 secure_fw/partitions/protected_storage/libtfm_app_rot_partition_ps.a(tfm_ps_req_mngr.o)
                0x000000000c0187c4                tfm_ps_entry
 .text.tfm_ps_set
                0x000000000c0187c8       0x2c secure_fw/partitions/protected_storage/libtfm_app_rot_partition_ps.a(tfm_protected_storage.o)
                0x000000000c0187c8                tfm_ps_set
 .text.tfm_ps_get
                0x000000000c0187f4       0x28 secure_fw/partitions/protected_storage/libtfm_app_rot_partition_ps.a(tfm_protected_storage.o)
                0x000000000c0187f4                tfm_ps_get
 .text.tfm_ps_get_info
                0x000000000c01881c       0x20 secure_fw/partitions/protected_storage/libtfm_app_rot_partition_ps.a(tfm_protected_storage.o)
                0x000000000c01881c                tfm_ps_get_info
 .text.tfm_ps_remove
                0x000000000c01883c       0x26 secure_fw/partitions/protected_storage/libtfm_app_rot_partition_ps.a(tfm_protected_storage.o)
                0x000000000c01883c                tfm_ps_remove
 .text.tfm_ps_get_support
                0x000000000c018862        0x4 secure_fw/partitions/protected_storage/libtfm_app_rot_partition_ps.a(tfm_protected_storage.o)
                0x000000000c018862                tfm_ps_get_support
 .text.ps_remove_old_data
                0x000000000c018866       0x18 secure_fw/partitions/protected_storage/libtfm_app_rot_partition_ps.a(ps_object_system.o)
 .text.ps_system_wipe_all
                0x000000000c01887e        0x4 secure_fw/partitions/protected_storage/libtfm_app_rot_partition_ps.a(ps_object_system.o)
                0x000000000c01887e                ps_system_wipe_all
 .text.ps_object_table_authenticate
                0x000000000c018882       0x56 secure_fw/partitions/protected_storage/libtfm_app_rot_partition_ps.a(ps_object_table.o)
 .text.ps_crypto_init
                0x000000000c0188d8        0x4 secure_fw/partitions/protected_storage/libtfm_app_rot_partition_ps.a(ps_crypto_interface.o)
                0x000000000c0188d8                ps_crypto_init
 .text.ps_encrypted_object_read
                0x000000000c0188dc       0x86 secure_fw/partitions/protected_storage/libtfm_app_rot_partition_ps.a(ps_encrypted_object.o)
                0x000000000c0188dc                ps_encrypted_object_read
 .text.ps_encrypted_object_write
                0x000000000c018962       0x9c secure_fw/partitions/protected_storage/libtfm_app_rot_partition_ps.a(ps_encrypted_object.o)
                0x000000000c018962                ps_encrypted_object_write
 .text.ps_read_nv_counter
                0x000000000c0189fe       0x16 secure_fw/partitions/protected_storage/libtfm_app_rot_partition_ps.a(ps_nv_counters.o)
                0x000000000c0189fe                ps_read_nv_counter
 .text.ps_increment_nv_counter
                0x000000000c018a14       0x12 secure_fw/partitions/protected_storage/libtfm_app_rot_partition_ps.a(ps_nv_counters.o)
                0x000000000c018a14                ps_increment_nv_counter
 *tfm_app_rot_partition*:(SORT_BY_ALIGNMENT(.rodata*))
 *fill*         0x000000000c018a26        0x2 
 .rodata        0x000000000c018a28       0x20 secure_fw/partitions/protected_storage/libtfm_app_rot_partition_ps.a(ps_object_table.o)
 .rodata.tfm_ps_init.str1.1
                0x000000000c018a48       0x21 secure_fw/partitions/protected_storage/libtfm_app_rot_partition_ps.a(tfm_protected_storage.o)
 *(TFM_*_APP-ROT_ATTR_FN)
                0x000000000c018a80                . = ALIGN (0x20)
 *fill*         0x000000000c018a69       0x17 
                0x000000000c017d60                Image$$TFM_APP_ROT_LINKER$$RO$$Base = ADDR (.TFM_APP_ROT_LINKER)
                0x000000000c018a80                Image$$TFM_APP_ROT_LINKER$$RO$$Limit = (ADDR (.TFM_APP_ROT_LINKER) + SIZEOF (.TFM_APP_ROT_LINKER))
                0x000000000c017d60                Image$$TFM_APP_ROT_LINKER$$Base = ADDR (.TFM_APP_ROT_LINKER)
                0x000000000c018a80                Image$$TFM_APP_ROT_LINKER$$Limit = (ADDR (.TFM_APP_ROT_LINKER) + SIZEOF (.TFM_APP_ROT_LINKER))
                0x000000000c018a80                Image$$TFM_APP_CODE_END$$Base = .

.ARM.extab
 *(.ARM.extab* .gnu.linkonce.armextab.*)
                0x000000000c018a80                __exidx_start = .

.ARM.exidx      0x000000000c018a80        0x8
 *(.ARM.exidx* .gnu.linkonce.armexidx.*)
 .ARM.exidx     0x000000000c018a80        0x8 /home/tmdals010126/zephyr-sdk-0.17.0/arm-zephyr-eabi/bin/../lib/gcc/arm-zephyr-eabi/12.2.0/../../../../arm-zephyr-eabi/lib/thumb/v8-m.main/nofp/crt0.o
                                         0x10 (size before relaxing)
 .ARM.exidx     0x000000000c018a88        0x0 /home/tmdals010126/zephyr-sdk-0.17.0/arm-zephyr-eabi/bin/../lib/gcc/arm-zephyr-eabi/12.2.0/thumb/v8-m.main/nofp/libgcc.a(_udivmoddi4.o)
                                          0x8 (size before relaxing)
                0x000000000c018a88                __exidx_end = .

.ER_TFM_CODE    0x000000000c018a88     0x4b5c
                0x000000000c018a88                . = ALIGN (0x4)
                0x000000000c018a88                PROVIDE (__preinit_array_start = .)
 *(.preinit_array)
                0x000000000c018a88                PROVIDE (__preinit_array_end = .)
                0x000000000c018a88                . = ALIGN (0x4)
                0x000000000c018a88                PROVIDE (__init_array_start = .)
 *(SORT_BY_NAME(.init_array.*))
 *(.init_array)
 .init_array    0x000000000c018a88        0x4 /home/tmdals010126/zephyr-sdk-0.17.0/arm-zephyr-eabi/bin/../lib/gcc/arm-zephyr-eabi/12.2.0/thumb/v8-m.main/nofp/crtbegin.o
                0x000000000c018a8c                PROVIDE (__init_array_end = .)
                0x000000000c018a8c                . = ALIGN (0x4)
                [!provide]                        PROVIDE (__fini_array_start = .)
 *(SORT_BY_NAME(.fini_array.*))
 *(.fini_array)
 .fini_array    0x000000000c018a8c        0x4 /home/tmdals010126/zephyr-sdk-0.17.0/arm-zephyr-eabi/bin/../lib/gcc/arm-zephyr-eabi/12.2.0/thumb/v8-m.main/nofp/crtbegin.o
                [!provide]                        PROVIDE (__fini_array_end = .)
                0x000000000c018a90                . = ALIGN (0x4)
                0x000000000c018a90                __copy_table_start__ = .
                0x000000000c018a90        0x4 LONG 0xc0329a8 LOADADDR (.TFM_DATA)
                0x000000000c018a94        0x4 LONG 0x30029f00 ADDR (.TFM_DATA)
                0x000000000c018a98        0x4 LONG 0x35 (SIZEOF (.TFM_DATA) / 0x4)
                0x000000000c018a9c        0x4 LONG 0xc032970 LOADADDR (.TFM_PSA_ROT_LINKER_DATA)
                0x000000000c018aa0        0x4 LONG 0x30021d40 ADDR (.TFM_PSA_ROT_LINKER_DATA)
                0x000000000c018aa4        0x4 LONG 0xe (SIZEOF (.TFM_PSA_ROT_LINKER_DATA) / 0x4)
                0x000000000c018aa8        0x4 LONG 0xc032960 LOADADDR (.TFM_APP_ROT_LINKER_DATA)
                0x000000000c018aac        0x4 LONG 0x30020c20 ADDR (.TFM_APP_ROT_LINKER_DATA)
                0x000000000c018ab0        0x4 LONG 0x4 (SIZEOF (.TFM_APP_ROT_LINKER_DATA) / 0x4)
                0x000000000c018ab4                __copy_table_end__ = .
                0x000000000c018ab4                . = ALIGN (0x4)
                0x000000000c018ab4                __zero_table_start__ = .
                0x000000000c018ab4        0x4 LONG 0x30029fd4 ADDR (.TFM_BSS)
                0x000000000c018ab8        0x4 LONG 0xdb9 (SIZEOF (.TFM_BSS) / 0x4)
                0x000000000c018abc        0x4 LONG 0x30021d78 ADDR (.TFM_PSA_ROT_LINKER_BSS)
                0x000000000c018ac0        0x4 LONG 0x2062 (SIZEOF (.TFM_PSA_ROT_LINKER_BSS) / 0x4)
                0x000000000c018ac4        0x4 LONG 0x30020c30 ADDR (.TFM_APP_ROT_LINKER_BSS)
                0x000000000c018ac8        0x4 LONG 0x444 (SIZEOF (.TFM_APP_ROT_LINKER_BSS) / 0x4)
                0x000000000c018acc        0x4 LONG 0x30020c00 ADDR (.TFM_SP_META_PTR)
                0x000000000c018ad0        0x4 LONG 0x8 (SIZEOF (.TFM_SP_META_PTR) / 0x4)
                0x000000000c018ad4                __zero_table_end__ = .
 *startup*(.text*)
 .text.DebugMon_Handler
                0x000000000c018ad4        0x2 secure_fw/CMakeFiles/tfm_s.dir/__/platform/ext/target/stm/common/stm32l5xx/Device/Source/startup_stm32l5xx_s.o
                0x000000000c018ad4                DebugMon_Handler
 .text.SysTick_Handler
                0x000000000c018ad6        0x2 secure_fw/CMakeFiles/tfm_s.dir/__/platform/ext/target/stm/common/stm32l5xx/Device/Source/startup_stm32l5xx_s.o
                0x000000000c018ad6                SysTick_Handler
 .text.WWDG_IRQHandler
                0x000000000c018ad8        0x2 secure_fw/CMakeFiles/tfm_s.dir/__/platform/ext/target/stm/common/stm32l5xx/Device/Source/startup_stm32l5xx_s.o
                0x000000000c018ad8                WWDG_IRQHandler
 .text.PVD_PVM_IRQHandler
                0x000000000c018ada        0x2 secure_fw/CMakeFiles/tfm_s.dir/__/platform/ext/target/stm/common/stm32l5xx/Device/Source/startup_stm32l5xx_s.o
                0x000000000c018ada                PVD_PVM_IRQHandler
 .text.RTC_IRQHandler
                0x000000000c018adc        0x2 secure_fw/CMakeFiles/tfm_s.dir/__/platform/ext/target/stm/common/stm32l5xx/Device/Source/startup_stm32l5xx_s.o
                0x000000000c018adc                RTC_IRQHandler
 .text.RTC_IRQHandler_S
                0x000000000c018ade        0x2 secure_fw/CMakeFiles/tfm_s.dir/__/platform/ext/target/stm/common/stm32l5xx/Device/Source/startup_stm32l5xx_s.o
                0x000000000c018ade                RTC_IRQHandler_S
 .text.TAMP_IRQHandler
                0x000000000c018ae0        0x2 secure_fw/CMakeFiles/tfm_s.dir/__/platform/ext/target/stm/common/stm32l5xx/Device/Source/startup_stm32l5xx_s.o
                0x000000000c018ae0                TAMP_IRQHandler
 .text.TAMP_IRQHandler_S
                0x000000000c018ae2        0x2 secure_fw/CMakeFiles/tfm_s.dir/__/platform/ext/target/stm/common/stm32l5xx/Device/Source/startup_stm32l5xx_s.o
                0x000000000c018ae2                TAMP_IRQHandler_S
 .text.FLASH_IRQHandler
                0x000000000c018ae4        0x2 secure_fw/CMakeFiles/tfm_s.dir/__/platform/ext/target/stm/common/stm32l5xx/Device/Source/startup_stm32l5xx_s.o
                0x000000000c018ae4                FLASH_IRQHandler
 .text.FLASH_IRQHandler_S
                0x000000000c018ae6        0x2 secure_fw/CMakeFiles/tfm_s.dir/__/platform/ext/target/stm/common/stm32l5xx/Device/Source/startup_stm32l5xx_s.o
                0x000000000c018ae6                FLASH_IRQHandler_S
 .text.SERR_IRQHandler
                0x000000000c018ae8        0x2 secure_fw/CMakeFiles/tfm_s.dir/__/platform/ext/target/stm/common/stm32l5xx/Device/Source/startup_stm32l5xx_s.o
                0x000000000c018ae8                SERR_IRQHandler
 .text.RCC_IRQHandler
                0x000000000c018aea        0x2 secure_fw/CMakeFiles/tfm_s.dir/__/platform/ext/target/stm/common/stm32l5xx/Device/Source/startup_stm32l5xx_s.o
                0x000000000c018aea                RCC_IRQHandler
 .text.RCC_IRQHandler_S
                0x000000000c018aec        0x2 secure_fw/CMakeFiles/tfm_s.dir/__/platform/ext/target/stm/common/stm32l5xx/Device/Source/startup_stm32l5xx_s.o
                0x000000000c018aec                RCC_IRQHandler_S
 .text.EXTI0_IRQHandler
                0x000000000c018aee        0x2 secure_fw/CMakeFiles/tfm_s.dir/__/platform/ext/target/stm/common/stm32l5xx/Device/Source/startup_stm32l5xx_s.o
                0x000000000c018aee                EXTI0_IRQHandler
 .text.EXTI1_IRQHandler
                0x000000000c018af0        0x2 secure_fw/CMakeFiles/tfm_s.dir/__/platform/ext/target/stm/common/stm32l5xx/Device/Source/startup_stm32l5xx_s.o
                0x000000000c018af0                EXTI1_IRQHandler
 .text.EXTI2_IRQHandler
                0x000000000c018af2        0x2 secure_fw/CMakeFiles/tfm_s.dir/__/platform/ext/target/stm/common/stm32l5xx/Device/Source/startup_stm32l5xx_s.o
                0x000000000c018af2                EXTI2_IRQHandler
 .text.EXTI3_IRQHandler
                0x000000000c018af4        0x2 secure_fw/CMakeFiles/tfm_s.dir/__/platform/ext/target/stm/common/stm32l5xx/Device/Source/startup_stm32l5xx_s.o
                0x000000000c018af4                EXTI3_IRQHandler
 .text.EXTI4_IRQHandler
                0x000000000c018af6        0x2 secure_fw/CMakeFiles/tfm_s.dir/__/platform/ext/target/stm/common/stm32l5xx/Device/Source/startup_stm32l5xx_s.o
                0x000000000c018af6                EXTI4_IRQHandler
 .text.EXTI5_IRQHandler
                0x000000000c018af8        0x2 secure_fw/CMakeFiles/tfm_s.dir/__/platform/ext/target/stm/common/stm32l5xx/Device/Source/startup_stm32l5xx_s.o
                0x000000000c018af8                EXTI5_IRQHandler
 .text.EXTI6_IRQHandler
                0x000000000c018afa        0x2 secure_fw/CMakeFiles/tfm_s.dir/__/platform/ext/target/stm/common/stm32l5xx/Device/Source/startup_stm32l5xx_s.o
                0x000000000c018afa                EXTI6_IRQHandler
 .text.EXTI7_IRQHandler
                0x000000000c018afc        0x2 secure_fw/CMakeFiles/tfm_s.dir/__/platform/ext/target/stm/common/stm32l5xx/Device/Source/startup_stm32l5xx_s.o
                0x000000000c018afc                EXTI7_IRQHandler
 .text.EXTI8_IRQHandler
                0x000000000c018afe        0x2 secure_fw/CMakeFiles/tfm_s.dir/__/platform/ext/target/stm/common/stm32l5xx/Device/Source/startup_stm32l5xx_s.o
                0x000000000c018afe                EXTI8_IRQHandler
 .text.EXTI9_IRQHandler
                0x000000000c018b00        0x2 secure_fw/CMakeFiles/tfm_s.dir/__/platform/ext/target/stm/common/stm32l5xx/Device/Source/startup_stm32l5xx_s.o
                0x000000000c018b00                EXTI9_IRQHandler
 .text.EXTI10_IRQHandler
                0x000000000c018b02        0x2 secure_fw/CMakeFiles/tfm_s.dir/__/platform/ext/target/stm/common/stm32l5xx/Device/Source/startup_stm32l5xx_s.o
                0x000000000c018b02                EXTI10_IRQHandler
 .text.EXTI11_IRQHandler
                0x000000000c018b04        0x2 secure_fw/CMakeFiles/tfm_s.dir/__/platform/ext/target/stm/common/stm32l5xx/Device/Source/startup_stm32l5xx_s.o
                0x000000000c018b04                EXTI11_IRQHandler
 .text.EXTI12_IRQHandler
                0x000000000c018b06        0x2 secure_fw/CMakeFiles/tfm_s.dir/__/platform/ext/target/stm/common/stm32l5xx/Device/Source/startup_stm32l5xx_s.o
                0x000000000c018b06                EXTI12_IRQHandler
 .text.EXTI13_IRQHandler
                0x000000000c018b08        0x2 secure_fw/CMakeFiles/tfm_s.dir/__/platform/ext/target/stm/common/stm32l5xx/Device/Source/startup_stm32l5xx_s.o
                0x000000000c018b08                EXTI13_IRQHandler
 .text.EXTI14_IRQHandler
                0x000000000c018b0a        0x2 secure_fw/CMakeFiles/tfm_s.dir/__/platform/ext/target/stm/common/stm32l5xx/Device/Source/startup_stm32l5xx_s.o
                0x000000000c018b0a                EXTI14_IRQHandler
 .text.EXTI15_IRQHandler
                0x000000000c018b0c        0x2 secure_fw/CMakeFiles/tfm_s.dir/__/platform/ext/target/stm/common/stm32l5xx/Device/Source/startup_stm32l5xx_s.o
                0x000000000c018b0c                EXTI15_IRQHandler
 .text.DMAMUX1_IRQHandler
                0x000000000c018b0e        0x2 secure_fw/CMakeFiles/tfm_s.dir/__/platform/ext/target/stm/common/stm32l5xx/Device/Source/startup_stm32l5xx_s.o
                0x000000000c018b0e                DMAMUX1_IRQHandler
 .text.DMAMUX1_IRQHandler_S
                0x000000000c018b10        0x2 secure_fw/CMakeFiles/tfm_s.dir/__/platform/ext/target/stm/common/stm32l5xx/Device/Source/startup_stm32l5xx_s.o
                0x000000000c018b10                DMAMUX1_IRQHandler_S
 .text.DMA1_Channel1_IRQHandler
                0x000000000c018b12        0x2 secure_fw/CMakeFiles/tfm_s.dir/__/platform/ext/target/stm/common/stm32l5xx/Device/Source/startup_stm32l5xx_s.o
                0x000000000c018b12                DMA1_Channel1_IRQHandler
 .text.DMA1_Channel2_IRQHandler
                0x000000000c018b14        0x2 secure_fw/CMakeFiles/tfm_s.dir/__/platform/ext/target/stm/common/stm32l5xx/Device/Source/startup_stm32l5xx_s.o
                0x000000000c018b14                DMA1_Channel2_IRQHandler
 .text.DMA1_Channel3_IRQHandler
                0x000000000c018b16        0x2 secure_fw/CMakeFiles/tfm_s.dir/__/platform/ext/target/stm/common/stm32l5xx/Device/Source/startup_stm32l5xx_s.o
                0x000000000c018b16                DMA1_Channel3_IRQHandler
 .text.DMA1_Channel4_IRQHandler
                0x000000000c018b18        0x2 secure_fw/CMakeFiles/tfm_s.dir/__/platform/ext/target/stm/common/stm32l5xx/Device/Source/startup_stm32l5xx_s.o
                0x000000000c018b18                DMA1_Channel4_IRQHandler
 .text.DMA1_Channel5_IRQHandler
                0x000000000c018b1a        0x2 secure_fw/CMakeFiles/tfm_s.dir/__/platform/ext/target/stm/common/stm32l5xx/Device/Source/startup_stm32l5xx_s.o
                0x000000000c018b1a                DMA1_Channel5_IRQHandler
 .text.DMA1_Channel6_IRQHandler
                0x000000000c018b1c        0x2 secure_fw/CMakeFiles/tfm_s.dir/__/platform/ext/target/stm/common/stm32l5xx/Device/Source/startup_stm32l5xx_s.o
                0x000000000c018b1c                DMA1_Channel6_IRQHandler
 .text.DMA1_Channel7_IRQHandler
                0x000000000c018b1e        0x2 secure_fw/CMakeFiles/tfm_s.dir/__/platform/ext/target/stm/common/stm32l5xx/Device/Source/startup_stm32l5xx_s.o
                0x000000000c018b1e                DMA1_Channel7_IRQHandler
 .text.DMA1_Channel8_IRQHandler
                0x000000000c018b20        0x2 secure_fw/CMakeFiles/tfm_s.dir/__/platform/ext/target/stm/common/stm32l5xx/Device/Source/startup_stm32l5xx_s.o
                0x000000000c018b20                DMA1_Channel8_IRQHandler
 .text.ADC1_2_IRQHandler
                0x000000000c018b22        0x2 secure_fw/CMakeFiles/tfm_s.dir/__/platform/ext/target/stm/common/stm32l5xx/Device/Source/startup_stm32l5xx_s.o
                0x000000000c018b22                ADC1_2_IRQHandler
 .text.DAC_IRQHandler
                0x000000000c018b24        0x2 secure_fw/CMakeFiles/tfm_s.dir/__/platform/ext/target/stm/common/stm32l5xx/Device/Source/startup_stm32l5xx_s.o
                0x000000000c018b24                DAC_IRQHandler
 .text.FDCAN1_IT0_IRQHandler
                0x000000000c018b26        0x2 secure_fw/CMakeFiles/tfm_s.dir/__/platform/ext/target/stm/common/stm32l5xx/Device/Source/startup_stm32l5xx_s.o
                0x000000000c018b26                FDCAN1_IT0_IRQHandler
 .text.FDCAN1_IT1_IRQHandler
                0x000000000c018b28        0x2 secure_fw/CMakeFiles/tfm_s.dir/__/platform/ext/target/stm/common/stm32l5xx/Device/Source/startup_stm32l5xx_s.o
                0x000000000c018b28                FDCAN1_IT1_IRQHandler
 .text.TIM1_BRK_IRQHandler
                0x000000000c018b2a        0x2 secure_fw/CMakeFiles/tfm_s.dir/__/platform/ext/target/stm/common/stm32l5xx/Device/Source/startup_stm32l5xx_s.o
                0x000000000c018b2a                TIM1_BRK_IRQHandler
 .text.TIM1_UP_IRQHandler
                0x000000000c018b2c        0x2 secure_fw/CMakeFiles/tfm_s.dir/__/platform/ext/target/stm/common/stm32l5xx/Device/Source/startup_stm32l5xx_s.o
                0x000000000c018b2c                TIM1_UP_IRQHandler
 .text.TIM1_TRG_COM_IRQHandler
                0x000000000c018b2e        0x2 secure_fw/CMakeFiles/tfm_s.dir/__/platform/ext/target/stm/common/stm32l5xx/Device/Source/startup_stm32l5xx_s.o
                0x000000000c018b2e                TIM1_TRG_COM_IRQHandler
 .text.TIM1_CC_IRQHandler
                0x000000000c018b30        0x2 secure_fw/CMakeFiles/tfm_s.dir/__/platform/ext/target/stm/common/stm32l5xx/Device/Source/startup_stm32l5xx_s.o
                0x000000000c018b30                TIM1_CC_IRQHandler
 .text.TIM2_IRQHandler
                0x000000000c018b32        0x2 secure_fw/CMakeFiles/tfm_s.dir/__/platform/ext/target/stm/common/stm32l5xx/Device/Source/startup_stm32l5xx_s.o
                0x000000000c018b32                TIM2_IRQHandler
 .text.TIM3_IRQHandler
                0x000000000c018b34        0x2 secure_fw/CMakeFiles/tfm_s.dir/__/platform/ext/target/stm/common/stm32l5xx/Device/Source/startup_stm32l5xx_s.o
                0x000000000c018b34                TIM3_IRQHandler
 .text.TIM4_IRQHandler
                0x000000000c018b36        0x2 secure_fw/CMakeFiles/tfm_s.dir/__/platform/ext/target/stm/common/stm32l5xx/Device/Source/startup_stm32l5xx_s.o
                0x000000000c018b36                TIM4_IRQHandler
 .text.TIM5_IRQHandler
                0x000000000c018b38        0x2 secure_fw/CMakeFiles/tfm_s.dir/__/platform/ext/target/stm/common/stm32l5xx/Device/Source/startup_stm32l5xx_s.o
                0x000000000c018b38                TIM5_IRQHandler
 .text.TIM6_IRQHandler
                0x000000000c018b3a        0x2 secure_fw/CMakeFiles/tfm_s.dir/__/platform/ext/target/stm/common/stm32l5xx/Device/Source/startup_stm32l5xx_s.o
                0x000000000c018b3a                TIM6_IRQHandler
 .text.TIM7_IRQHandler
                0x000000000c018b3c        0x2 secure_fw/CMakeFiles/tfm_s.dir/__/platform/ext/target/stm/common/stm32l5xx/Device/Source/startup_stm32l5xx_s.o
                0x000000000c018b3c                TIM7_IRQHandler
 .text.TIM8_BRK_IRQHandler
                0x000000000c018b3e        0x2 secure_fw/CMakeFiles/tfm_s.dir/__/platform/ext/target/stm/common/stm32l5xx/Device/Source/startup_stm32l5xx_s.o
                0x000000000c018b3e                TIM8_BRK_IRQHandler
 .text.TIM8_UP_IRQHandler
                0x000000000c018b40        0x2 secure_fw/CMakeFiles/tfm_s.dir/__/platform/ext/target/stm/common/stm32l5xx/Device/Source/startup_stm32l5xx_s.o
                0x000000000c018b40                TIM8_UP_IRQHandler
 .text.TIM8_TRG_COM_IRQHandler
                0x000000000c018b42        0x2 secure_fw/CMakeFiles/tfm_s.dir/__/platform/ext/target/stm/common/stm32l5xx/Device/Source/startup_stm32l5xx_s.o
                0x000000000c018b42                TIM8_TRG_COM_IRQHandler
 .text.TIM8_CC_IRQHandler
                0x000000000c018b44        0x2 secure_fw/CMakeFiles/tfm_s.dir/__/platform/ext/target/stm/common/stm32l5xx/Device/Source/startup_stm32l5xx_s.o
                0x000000000c018b44                TIM8_CC_IRQHandler
 .text.I2C1_EV_IRQHandler
                0x000000000c018b46        0x2 secure_fw/CMakeFiles/tfm_s.dir/__/platform/ext/target/stm/common/stm32l5xx/Device/Source/startup_stm32l5xx_s.o
                0x000000000c018b46                I2C1_EV_IRQHandler
 .text.I2C1_ER_IRQHandler
                0x000000000c018b48        0x2 secure_fw/CMakeFiles/tfm_s.dir/__/platform/ext/target/stm/common/stm32l5xx/Device/Source/startup_stm32l5xx_s.o
                0x000000000c018b48                I2C1_ER_IRQHandler
 .text.I2C2_EV_IRQHandler
                0x000000000c018b4a        0x2 secure_fw/CMakeFiles/tfm_s.dir/__/platform/ext/target/stm/common/stm32l5xx/Device/Source/startup_stm32l5xx_s.o
                0x000000000c018b4a                I2C2_EV_IRQHandler
 .text.I2C2_ER_IRQHandler
                0x000000000c018b4c        0x2 secure_fw/CMakeFiles/tfm_s.dir/__/platform/ext/target/stm/common/stm32l5xx/Device/Source/startup_stm32l5xx_s.o
                0x000000000c018b4c                I2C2_ER_IRQHandler
 .text.SPI1_IRQHandler
                0x000000000c018b4e        0x2 secure_fw/CMakeFiles/tfm_s.dir/__/platform/ext/target/stm/common/stm32l5xx/Device/Source/startup_stm32l5xx_s.o
                0x000000000c018b4e                SPI1_IRQHandler
 .text.SPI2_IRQHandler
                0x000000000c018b50        0x2 secure_fw/CMakeFiles/tfm_s.dir/__/platform/ext/target/stm/common/stm32l5xx/Device/Source/startup_stm32l5xx_s.o
                0x000000000c018b50                SPI2_IRQHandler
 .text.USART1_IRQHandler
                0x000000000c018b52        0x2 secure_fw/CMakeFiles/tfm_s.dir/__/platform/ext/target/stm/common/stm32l5xx/Device/Source/startup_stm32l5xx_s.o
                0x000000000c018b52                USART1_IRQHandler
 .text.USART2_IRQHandler
                0x000000000c018b54        0x2 secure_fw/CMakeFiles/tfm_s.dir/__/platform/ext/target/stm/common/stm32l5xx/Device/Source/startup_stm32l5xx_s.o
                0x000000000c018b54                USART2_IRQHandler
 .text.USART3_IRQHandler
                0x000000000c018b56        0x2 secure_fw/CMakeFiles/tfm_s.dir/__/platform/ext/target/stm/common/stm32l5xx/Device/Source/startup_stm32l5xx_s.o
                0x000000000c018b56                USART3_IRQHandler
 .text.UART4_IRQHandler
                0x000000000c018b58        0x2 secure_fw/CMakeFiles/tfm_s.dir/__/platform/ext/target/stm/common/stm32l5xx/Device/Source/startup_stm32l5xx_s.o
                0x000000000c018b58                UART4_IRQHandler
 .text.UART5_IRQHandler
                0x000000000c018b5a        0x2 secure_fw/CMakeFiles/tfm_s.dir/__/platform/ext/target/stm/common/stm32l5xx/Device/Source/startup_stm32l5xx_s.o
                0x000000000c018b5a                UART5_IRQHandler
 .text.LPUART1_IRQHandler
                0x000000000c018b5c        0x2 secure_fw/CMakeFiles/tfm_s.dir/__/platform/ext/target/stm/common/stm32l5xx/Device/Source/startup_stm32l5xx_s.o
                0x000000000c018b5c                LPUART1_IRQHandler
 .text.LPTIM1_IRQHandler
                0x000000000c018b5e        0x2 secure_fw/CMakeFiles/tfm_s.dir/__/platform/ext/target/stm/common/stm32l5xx/Device/Source/startup_stm32l5xx_s.o
                0x000000000c018b5e                LPTIM1_IRQHandler
 .text.LPTIM2_IRQHandler
                0x000000000c018b60        0x2 secure_fw/CMakeFiles/tfm_s.dir/__/platform/ext/target/stm/common/stm32l5xx/Device/Source/startup_stm32l5xx_s.o
                0x000000000c018b60                LPTIM2_IRQHandler
 .text.TIM15_IRQHandler
                0x000000000c018b62        0x2 secure_fw/CMakeFiles/tfm_s.dir/__/platform/ext/target/stm/common/stm32l5xx/Device/Source/startup_stm32l5xx_s.o
                0x000000000c018b62                TIM15_IRQHandler
 .text.TIM16_IRQHandler
                0x000000000c018b64        0x2 secure_fw/CMakeFiles/tfm_s.dir/__/platform/ext/target/stm/common/stm32l5xx/Device/Source/startup_stm32l5xx_s.o
                0x000000000c018b64                TIM16_IRQHandler
 .text.TIM17_IRQHandler
                0x000000000c018b66        0x2 secure_fw/CMakeFiles/tfm_s.dir/__/platform/ext/target/stm/common/stm32l5xx/Device/Source/startup_stm32l5xx_s.o
                0x000000000c018b66                TIM17_IRQHandler
 .text.COMP_IRQHandler
                0x000000000c018b68        0x2 secure_fw/CMakeFiles/tfm_s.dir/__/platform/ext/target/stm/common/stm32l5xx/Device/Source/startup_stm32l5xx_s.o
                0x000000000c018b68                COMP_IRQHandler
 .text.USB_FS_IRQHandler
                0x000000000c018b6a        0x2 secure_fw/CMakeFiles/tfm_s.dir/__/platform/ext/target/stm/common/stm32l5xx/Device/Source/startup_stm32l5xx_s.o
                0x000000000c018b6a                USB_FS_IRQHandler
 .text.CRS_IRQHandler
                0x000000000c018b6c        0x2 secure_fw/CMakeFiles/tfm_s.dir/__/platform/ext/target/stm/common/stm32l5xx/Device/Source/startup_stm32l5xx_s.o
                0x000000000c018b6c                CRS_IRQHandler
 .text.FMC_IRQHandler
                0x000000000c018b6e        0x2 secure_fw/CMakeFiles/tfm_s.dir/__/platform/ext/target/stm/common/stm32l5xx/Device/Source/startup_stm32l5xx_s.o
                0x000000000c018b6e                FMC_IRQHandler
 .text.OCTOSPI1_IRQHandler
                0x000000000c018b70        0x2 secure_fw/CMakeFiles/tfm_s.dir/__/platform/ext/target/stm/common/stm32l5xx/Device/Source/startup_stm32l5xx_s.o
                0x000000000c018b70                OCTOSPI1_IRQHandler
 .text.SDMMC1_IRQHandler
                0x000000000c018b72        0x2 secure_fw/CMakeFiles/tfm_s.dir/__/platform/ext/target/stm/common/stm32l5xx/Device/Source/startup_stm32l5xx_s.o
                0x000000000c018b72                SDMMC1_IRQHandler
 .text.DMA2_Channel1_IRQHandler
                0x000000000c018b74        0x2 secure_fw/CMakeFiles/tfm_s.dir/__/platform/ext/target/stm/common/stm32l5xx/Device/Source/startup_stm32l5xx_s.o
                0x000000000c018b74                DMA2_Channel1_IRQHandler
 .text.DMA2_Channel2_IRQHandler
                0x000000000c018b76        0x2 secure_fw/CMakeFiles/tfm_s.dir/__/platform/ext/target/stm/common/stm32l5xx/Device/Source/startup_stm32l5xx_s.o
                0x000000000c018b76                DMA2_Channel2_IRQHandler
 .text.DMA2_Channel3_IRQHandler
                0x000000000c018b78        0x2 secure_fw/CMakeFiles/tfm_s.dir/__/platform/ext/target/stm/common/stm32l5xx/Device/Source/startup_stm32l5xx_s.o
                0x000000000c018b78                DMA2_Channel3_IRQHandler
 .text.DMA2_Channel4_IRQHandler
                0x000000000c018b7a        0x2 secure_fw/CMakeFiles/tfm_s.dir/__/platform/ext/target/stm/common/stm32l5xx/Device/Source/startup_stm32l5xx_s.o
                0x000000000c018b7a                DMA2_Channel4_IRQHandler
 .text.DMA2_Channel5_IRQHandler
                0x000000000c018b7c        0x2 secure_fw/CMakeFiles/tfm_s.dir/__/platform/ext/target/stm/common/stm32l5xx/Device/Source/startup_stm32l5xx_s.o
                0x000000000c018b7c                DMA2_Channel5_IRQHandler
 .text.DMA2_Channel6_IRQHandler
                0x000000000c018b7e        0x2 secure_fw/CMakeFiles/tfm_s.dir/__/platform/ext/target/stm/common/stm32l5xx/Device/Source/startup_stm32l5xx_s.o
                0x000000000c018b7e                DMA2_Channel6_IRQHandler
 .text.DMA2_Channel7_IRQHandler
                0x000000000c018b80        0x2 secure_fw/CMakeFiles/tfm_s.dir/__/platform/ext/target/stm/common/stm32l5xx/Device/Source/startup_stm32l5xx_s.o
                0x000000000c018b80                DMA2_Channel7_IRQHandler
 .text.DMA2_Channel8_IRQHandler
                0x000000000c018b82        0x2 secure_fw/CMakeFiles/tfm_s.dir/__/platform/ext/target/stm/common/stm32l5xx/Device/Source/startup_stm32l5xx_s.o
                0x000000000c018b82                DMA2_Channel8_IRQHandler
 .text.I2C3_EV_IRQHandler
                0x000000000c018b84        0x2 secure_fw/CMakeFiles/tfm_s.dir/__/platform/ext/target/stm/common/stm32l5xx/Device/Source/startup_stm32l5xx_s.o
                0x000000000c018b84                I2C3_EV_IRQHandler
 .text.I2C3_ER_IRQHandler
                0x000000000c018b86        0x2 secure_fw/CMakeFiles/tfm_s.dir/__/platform/ext/target/stm/common/stm32l5xx/Device/Source/startup_stm32l5xx_s.o
                0x000000000c018b86                I2C3_ER_IRQHandler
 .text.SAI1_IRQHandler
                0x000000000c018b88        0x2 secure_fw/CMakeFiles/tfm_s.dir/__/platform/ext/target/stm/common/stm32l5xx/Device/Source/startup_stm32l5xx_s.o
                0x000000000c018b88                SAI1_IRQHandler
 .text.SAI2_IRQHandler
                0x000000000c018b8a        0x2 secure_fw/CMakeFiles/tfm_s.dir/__/platform/ext/target/stm/common/stm32l5xx/Device/Source/startup_stm32l5xx_s.o
                0x000000000c018b8a                SAI2_IRQHandler
 .text.TSC_IRQHandler
                0x000000000c018b8c        0x2 secure_fw/CMakeFiles/tfm_s.dir/__/platform/ext/target/stm/common/stm32l5xx/Device/Source/startup_stm32l5xx_s.o
                0x000000000c018b8c                TSC_IRQHandler
 .text.RNG_IRQHandler
                0x000000000c018b8e        0x2 secure_fw/CMakeFiles/tfm_s.dir/__/platform/ext/target/stm/common/stm32l5xx/Device/Source/startup_stm32l5xx_s.o
                0x000000000c018b8e                RNG_IRQHandler
 .text.FPU_IRQHandler
                0x000000000c018b90        0x2 secure_fw/CMakeFiles/tfm_s.dir/__/platform/ext/target/stm/common/stm32l5xx/Device/Source/startup_stm32l5xx_s.o
                0x000000000c018b90                FPU_IRQHandler
 .text.HASH_IRQHandler
                0x000000000c018b92        0x2 secure_fw/CMakeFiles/tfm_s.dir/__/platform/ext/target/stm/common/stm32l5xx/Device/Source/startup_stm32l5xx_s.o
                0x000000000c018b92                HASH_IRQHandler
 .text.LPTIM3_IRQHandler
                0x000000000c018b94        0x2 secure_fw/CMakeFiles/tfm_s.dir/__/platform/ext/target/stm/common/stm32l5xx/Device/Source/startup_stm32l5xx_s.o
                0x000000000c018b94                LPTIM3_IRQHandler
 .text.SPI3_IRQHandler
                0x000000000c018b96        0x2 secure_fw/CMakeFiles/tfm_s.dir/__/platform/ext/target/stm/common/stm32l5xx/Device/Source/startup_stm32l5xx_s.o
                0x000000000c018b96                SPI3_IRQHandler
 .text.I2C4_ER_IRQHandler
                0x000000000c018b98        0x2 secure_fw/CMakeFiles/tfm_s.dir/__/platform/ext/target/stm/common/stm32l5xx/Device/Source/startup_stm32l5xx_s.o
                0x000000000c018b98                I2C4_ER_IRQHandler
 .text.I2C4_EV_IRQHandler
                0x000000000c018b9a        0x2 secure_fw/CMakeFiles/tfm_s.dir/__/platform/ext/target/stm/common/stm32l5xx/Device/Source/startup_stm32l5xx_s.o
                0x000000000c018b9a                I2C4_EV_IRQHandler
 .text.DFSDM1_FLT0_IRQHandler
                0x000000000c018b9c        0x2 secure_fw/CMakeFiles/tfm_s.dir/__/platform/ext/target/stm/common/stm32l5xx/Device/Source/startup_stm32l5xx_s.o
                0x000000000c018b9c                DFSDM1_FLT0_IRQHandler
 .text.DFSDM1_FLT1_IRQHandler
                0x000000000c018b9e        0x2 secure_fw/CMakeFiles/tfm_s.dir/__/platform/ext/target/stm/common/stm32l5xx/Device/Source/startup_stm32l5xx_s.o
                0x000000000c018b9e                DFSDM1_FLT1_IRQHandler
 .text.DFSDM1_FLT2_IRQHandler
                0x000000000c018ba0        0x2 secure_fw/CMakeFiles/tfm_s.dir/__/platform/ext/target/stm/common/stm32l5xx/Device/Source/startup_stm32l5xx_s.o
                0x000000000c018ba0                DFSDM1_FLT2_IRQHandler
 .text.DFSDM1_FLT3_IRQHandler
                0x000000000c018ba2        0x2 secure_fw/CMakeFiles/tfm_s.dir/__/platform/ext/target/stm/common/stm32l5xx/Device/Source/startup_stm32l5xx_s.o
                0x000000000c018ba2                DFSDM1_FLT3_IRQHandler
 .text.UCPD1_IRQHandler
                0x000000000c018ba4        0x2 secure_fw/CMakeFiles/tfm_s.dir/__/platform/ext/target/stm/common/stm32l5xx/Device/Source/startup_stm32l5xx_s.o
                0x000000000c018ba4                UCPD1_IRQHandler
 .text.ICACHE_IRQHandler
                0x000000000c018ba6        0x2 secure_fw/CMakeFiles/tfm_s.dir/__/platform/ext/target/stm/common/stm32l5xx/Device/Source/startup_stm32l5xx_s.o
                0x000000000c018ba6                ICACHE_IRQHandler
 .text.OTFDEC1_IRQHandler
                0x000000000c018ba8        0x2 secure_fw/CMakeFiles/tfm_s.dir/__/platform/ext/target/stm/common/stm32l5xx/Device/Source/startup_stm32l5xx_s.o
                0x000000000c018ba8                OTFDEC1_IRQHandler
 *fill*         0x000000000c018baa        0x6 
 .text.Reset_Handler
                0x000000000c018bb0       0x94 secure_fw/CMakeFiles/tfm_s.dir/__/platform/ext/target/stm/common/stm32l5xx/Device/Source/startup_stm32l5xx_s.o
                0x000000000c018bb0                Reset_Handler
 *libplatform_s*:(SORT_BY_ALIGNMENT(.text*))
 .text.SystemInit
                0x000000000c018c44       0x10 platform/libplatform_s.a(system_stm32l5xx.o)
                0x000000000c018c44                SystemInit
 .text.RCCEx_PLLSAI1_Config
                0x000000000c018c54       0xf8 platform/libplatform_s.a(stm32l5xx_hal_rcc_ex.o)
 .text.RCCEx_PLLSAI2_Config.constprop.0
                0x000000000c018d4c       0xb8 platform/libplatform_s.a(stm32l5xx_hal_rcc_ex.o)
 .text.HAL_RCCEx_PeriphCLKConfig
                0x000000000c018e04      0x4bc platform/libplatform_s.a(stm32l5xx_hal_rcc_ex.o)
                0x000000000c018e04                HAL_RCCEx_PeriphCLKConfig
 .text.HAL_RNG_Init
                0x000000000c0192c0       0xbc platform/libplatform_s.a(stm32l5xx_hal_rng.o)
                0x000000000c0192c0                HAL_RNG_Init
 .text.store_and_dump_context
                0x000000000c01937c      0x118 platform/libplatform_s.a(exception_info.o)
                0x000000000c01937c                store_and_dump_context
 .text.HAL_PWREx_EnableVddIO2
                0x000000000c019494       0x10 platform/libplatform_s.a(stm32l5xx_hal_pwr_ex.o)
                0x000000000c019494                HAL_PWREx_EnableVddIO2
 .text.HAL_GPIO_Init
                0x000000000c0194a4      0x1ac platform/libplatform_s.a(stm32l5xx_hal_gpio.o)
                0x000000000c0194a4                HAL_GPIO_Init
 .text.HAL_RCC_GetSysClockFreq
                0x000000000c019650       0xa8 platform/libplatform_s.a(stm32l5xx_hal_rcc.o)
                0x000000000c019650                HAL_RCC_GetSysClockFreq
 .text.HAL_RCC_GetHCLKFreq
                0x000000000c0196f8       0x20 platform/libplatform_s.a(stm32l5xx_hal_rcc.o)
                0x000000000c0196f8                HAL_RCC_GetHCLKFreq
 .text.HAL_RCC_GetPCLK1Freq
                0x000000000c019718       0x20 platform/libplatform_s.a(stm32l5xx_hal_rcc.o)
                0x000000000c019718                HAL_RCC_GetPCLK1Freq
 .text.HAL_RCC_GetPCLK2Freq
                0x000000000c019738       0x20 platform/libplatform_s.a(stm32l5xx_hal_rcc.o)
                0x000000000c019738                HAL_RCC_GetPCLK2Freq
 .text.stdio_output_string
                0x000000000c019758       0x40 platform/libplatform_s.a(uart_stdout.o)
                0x000000000c019758                stdio_output_string
 .text.stdio_init
                0x000000000c019798       0x30 platform/libplatform_s.a(uart_stdout.o)
                0x000000000c019798                stdio_init
 .text.USART_GetVersion
                0x000000000c0197c8       0x20 platform/libplatform_s.a(low_level_com.o)
 .text.USART0_Receive
                0x000000000c0197e8       0x20 platform/libplatform_s.a(low_level_com.o)
 .text.USART0_Send
                0x000000000c019808       0x24 platform/libplatform_s.a(low_level_com.o)
 .text.USART0_Initialize
                0x000000000c01982c       0xc4 platform/libplatform_s.a(low_level_com.o)
 .text.UART_RxISR_8BIT_FIFOEN
                0x000000000c0198f0      0x134 platform/libplatform_s.a(stm32l5xx_hal_uart.o)
 .text.UART_RxISR_16BIT_FIFOEN
                0x000000000c019a24      0x12c platform/libplatform_s.a(stm32l5xx_hal_uart.o)
 .text.UART_SetConfig
                0x000000000c019b50      0x274 platform/libplatform_s.a(stm32l5xx_hal_uart.o)
                0x000000000c019b50                UART_SetConfig
 .text.UART_Start_Receive_IT
                0x000000000c019dc4       0xd8 platform/libplatform_s.a(stm32l5xx_hal_uart.o)
                0x000000000c019dc4                UART_Start_Receive_IT
 .text.HAL_UART_Receive_IT
                0x000000000c019e9c       0x4c platform/libplatform_s.a(stm32l5xx_hal_uart.o)
                0x000000000c019e9c                HAL_UART_Receive_IT
 .text.Flash_GetVersion
                0x000000000c019ee8       0x20 platform/libplatform_s.a(low_level_flash.o)
 .text.Flash_GetStatus
                0x000000000c019f08        0xc platform/libplatform_s.a(low_level_flash.o)
 .text.Flash_GetInfo
                0x000000000c019f14        0x8 platform/libplatform_s.a(low_level_flash.o)
 .text.is_range_secure.constprop.0
                0x000000000c019f1c       0x38 platform/libplatform_s.a(low_level_flash.o)
 .text.Flash_ReadData
                0x000000000c019f54       0x94 platform/libplatform_s.a(low_level_flash.o)
 .text.Flash_ProgramData
                0x000000000c019fe8      0x104 platform/libplatform_s.a(low_level_flash.o)
 .text.Flash_EraseSector
                0x000000000c01a0ec       0xc0 platform/libplatform_s.a(low_level_flash.o)
 .text.NMI_Handler
                0x000000000c01a1ac       0x68 platform/libplatform_s.a(low_level_flash.o)
                0x000000000c01a1ac                NMI_Handler
 .text.FLASH_Program_DoubleWord
                0x000000000c01a214       0x3c platform/libplatform_s.a(stm32l5xx_hal_flash.o)
 .text.HAL_FLASH_Unlock
                0x000000000c01a250       0x40 platform/libplatform_s.a(stm32l5xx_hal_flash.o)
                0x000000000c01a250                HAL_FLASH_Unlock
 .text.HAL_FLASH_Lock
                0x000000000c01a290       0x28 platform/libplatform_s.a(stm32l5xx_hal_flash.o)
                0x000000000c01a290                HAL_FLASH_Lock
 .text.FLASH_WaitForLastOperation
                0x000000000c01a2b8       0x78 platform/libplatform_s.a(stm32l5xx_hal_flash.o)
                0x000000000c01a2b8                FLASH_WaitForLastOperation
 .text.HAL_FLASH_Program
                0x000000000c01a330       0x6c platform/libplatform_s.a(stm32l5xx_hal_flash.o)
                0x000000000c01a330                HAL_FLASH_Program
 .text.FLASH_MassErase
                0x000000000c01a39c       0x60 platform/libplatform_s.a(stm32l5xx_hal_flash_ex.o)
 .text.FLASH_PageErase
                0x000000000c01a3fc       0x64 platform/libplatform_s.a(stm32l5xx_hal_flash_ex.o)
                0x000000000c01a3fc                FLASH_PageErase
 .text.HAL_FLASHEx_Erase
                0x000000000c01a460       0xac platform/libplatform_s.a(stm32l5xx_hal_flash_ex.o)
                0x000000000c01a460                HAL_FLASHEx_Erase
 .text.HAL_GTZC_TZSC_ConfigPeriphAttributes
                0x000000000c01a50c       0xe4 platform/libplatform_s.a(stm32l5xx_hal_gtzc.o)
                0x000000000c01a50c                HAL_GTZC_TZSC_ConfigPeriphAttributes
 .text.HAL_GTZC_MPCBB_ConfigMem
                0x000000000c01a5f0       0xb0 platform/libplatform_s.a(stm32l5xx_hal_gtzc.o)
                0x000000000c01a5f0                HAL_GTZC_MPCBB_ConfigMem
 .text.HAL_GTZC_MPCBB_GetConfigMem
                0x000000000c01a6a0       0x68 platform/libplatform_s.a(stm32l5xx_hal_gtzc.o)
                0x000000000c01a6a0                HAL_GTZC_MPCBB_GetConfigMem
 .text.HAL_GTZC_TZIC_EnableIT
                0x000000000c01a708       0x4c platform/libplatform_s.a(stm32l5xx_hal_gtzc.o)
                0x000000000c01a708                HAL_GTZC_TZIC_EnableIT
 .text.__NVIC_SystemReset
                0x000000000c01a754       0x24 platform/libplatform_s.a(tfm_platform_system.o)
 .text.tfm_hal_system_reset
                0x000000000c01a778       0x24 platform/libplatform_s.a(tfm_hal_reset_halt.o)
                0x000000000c01a778                tfm_hal_system_reset
 .text.tfm_attest_hal_get_security_lifecycle
                0x000000000c01a79c       0x28 platform/libplatform_s.a(attest_hal.o)
                0x000000000c01a79c                tfm_attest_hal_get_security_lifecycle
 .text.erase_flash_region
                0x000000000c01a7c4       0x3c platform/libplatform_s.a(flash_otp_nv_counters_backend.o)
 .text.copy_flash_region
                0x000000000c01a800       0x78 platform/libplatform_s.a(flash_otp_nv_counters_backend.o)
 .text.read_otp_nv_counters_flash
                0x000000000c01a878       0x7c platform/libplatform_s.a(flash_otp_nv_counters_backend.o)
                0x000000000c01a878                read_otp_nv_counters_flash
 .text.write_otp_nv_counters_flash
                0x000000000c01a8f4      0x1b0 platform/libplatform_s.a(flash_otp_nv_counters_backend.o)
                0x000000000c01a8f4                write_otp_nv_counters_flash
 .text.init_otp_nv_counters_flash
                0x000000000c01aaa4      0x154 platform/libplatform_s.a(flash_otp_nv_counters_backend.o)
                0x000000000c01aaa4                init_otp_nv_counters_flash
 .text.tfm_plat_otp_get_size
                0x000000000c01abf8       0x9c platform/libplatform_s.a(otp_flash.o)
                0x000000000c01abf8                tfm_plat_otp_get_size
 .text.tfm_plat_provisioning_check_for_dummy_keys
                0x000000000c01ac94       0x64 platform/libplatform_s.a(provisioning.o)
                0x000000000c01ac94                tfm_plat_provisioning_check_for_dummy_keys
 .text.provision_assembly_and_test
                0x000000000c01acf8       0x28 platform/libplatform_s.a(provisioning.o)
                0x000000000c01acf8                provision_assembly_and_test
 .text.provision_psa_rot
                0x000000000c01ad20       0xb0 platform/libplatform_s.a(provisioning.o)
                0x000000000c01ad20                provision_psa_rot
 .text.tfm_plat_provisioning_perform
                0x000000000c01add0       0x98 platform/libplatform_s.a(provisioning.o)
                0x000000000c01add0                tfm_plat_provisioning_perform
 .text.HAL_RNG_MspInit
                0x000000000c01ae68        0x2 platform/libplatform_s.a(stm32l5xx_hal_rng.o)
                0x000000000c01ae68                HAL_RNG_MspInit
 .text.HAL_RNG_ErrorCallback
                0x000000000c01ae6a        0x2 platform/libplatform_s.a(stm32l5xx_hal_rng.o)
                0x000000000c01ae6a                HAL_RNG_ErrorCallback
 .text.RNG_RecoverSeedError
                0x000000000c01ae6c       0x86 platform/libplatform_s.a(stm32l5xx_hal_rng.o)
                0x000000000c01ae6c                RNG_RecoverSeedError
 .text.HAL_RNG_GenerateRandomNumber
                0x000000000c01aef2       0x9e platform/libplatform_s.a(stm32l5xx_hal_rng.o)
                0x000000000c01aef2                HAL_RNG_GenerateRandomNumber
 .text.tfm_hal_output_spm_log
                0x000000000c01af90        0x4 platform/libplatform_s.a(tfm_hal_spm_logdev_peripheral.o)
                0x000000000c01af90                tfm_hal_output_spm_log
 .text.USART_GetCapabilities
                0x000000000c01af94        0x4 platform/libplatform_s.a(low_level_com.o)
 .text.USART0_Uninitialize
                0x000000000c01af98        0x4 platform/libplatform_s.a(low_level_com.o)
 .text.USART0_PowerControl
                0x000000000c01af9c        0x4 platform/libplatform_s.a(low_level_com.o)
 .text.USART0_Transfer
                0x000000000c01afa0        0x6 platform/libplatform_s.a(low_level_com.o)
 .text.USART0_GetTxCount
                0x000000000c01afa6        0x4 platform/libplatform_s.a(low_level_com.o)
 .text.USART0_Control
                0x000000000c01afaa        0x4 platform/libplatform_s.a(low_level_com.o)
 .text.USART0_GetStatus
                0x000000000c01afae        0xc platform/libplatform_s.a(low_level_com.o)
 .text.USART0_SetModemControl
                0x000000000c01afba        0x6 platform/libplatform_s.a(low_level_com.o)
 .text.USART0_GetModemStatus
                0x000000000c01afc0        0xc platform/libplatform_s.a(low_level_com.o)
 .text.USART0_GetRxCount
                0x000000000c01afcc        0x4 platform/libplatform_s.a(low_level_com.o)
 .text.HAL_UART_MspInit
                0x000000000c01afd0        0x2 platform/libplatform_s.a(stm32l5xx_hal_uart.o)
                0x000000000c01afd0                HAL_UART_MspInit
 .text.HAL_UART_RxCpltCallback
                0x000000000c01afd2        0x2 platform/libplatform_s.a(stm32l5xx_hal_uart.o)
                0x000000000c01afd2                HAL_UART_RxCpltCallback
 .text.HAL_UART_ErrorCallback
                0x000000000c01afd4        0x2 platform/libplatform_s.a(stm32l5xx_hal_uart.o)
                0x000000000c01afd4                HAL_UART_ErrorCallback
 .text.HAL_UARTEx_RxEventCallback
                0x000000000c01afd6        0x2 platform/libplatform_s.a(stm32l5xx_hal_uart.o)
                0x000000000c01afd6                HAL_UARTEx_RxEventCallback
 .text.UART_RxISR_8BIT
                0x000000000c01afd8       0x7a platform/libplatform_s.a(stm32l5xx_hal_uart.o)
 .text.UART_RxISR_16BIT
                0x000000000c01b052       0x76 platform/libplatform_s.a(stm32l5xx_hal_uart.o)
 .text.UART_AdvFeatureConfig